Component: ARM Compiler 5.06 update 3 (build 300) Tool: armlink [4d35c9]

==============================================================================

Section Cross References

    main.o(i.advertising_init) refers to memseta.o(.text) for __aeabi_memclr4
    main.o(i.advertising_init) refers to ble_advertising.o(i.ble_advertising_init) for ble_advertising_init
    main.o(i.advertising_init) refers to app_error.o(i.app_error_handler_bare) for app_error_handler_bare
    main.o(i.advertising_init) refers to main.o(.data) for .data
    main.o(i.advertising_init) refers to main.o(.bss) for .bss
    main.o(i.advertising_init) refers to main.o(i.on_adv_evt) for on_adv_evt
    main.o(i.advertising_start) refers to memseta.o(.text) for __aeabi_memset
    main.o(i.advertising_start) refers to peer_manager.o(i.pm_next_peer_id_get) for pm_next_peer_id_get
    main.o(i.advertising_start) refers to peer_manager.o(i.pm_whitelist_set) for pm_whitelist_set
    main.o(i.advertising_start) refers to app_error.o(i.app_error_handler_bare) for app_error_handler_bare
    main.o(i.advertising_start) refers to peer_manager.o(i.pm_device_identities_list_set) for pm_device_identities_list_set
    main.o(i.advertising_start) refers to ble_advertising.o(i.ble_advertising_start) for ble_advertising_start
    main.o(i.advertising_start) refers to main.o(.bss) for .bss
    main.o(i.advertising_start) refers to main.o(.data) for .data
    main.o(i.apple_notification_error_handler) refers to app_error.o(i.app_error_handler_bare) for app_error_handler_bare
    main.o(i.assert_nrf_callback) refers to app_error.o(i.app_error_handler) for app_error_handler
    main.o(i.ble_evt_dispatch) refers to ble_conn_state.o(i.ble_conn_state_on_ble_evt) for ble_conn_state_on_ble_evt
    main.o(i.ble_evt_dispatch) refers to peer_manager.o(i.pm_on_ble_evt) for pm_on_ble_evt
    main.o(i.ble_evt_dispatch) refers to ble_db_discovery.o(i.ble_db_discovery_on_ble_evt) for ble_db_discovery_on_ble_evt
    main.o(i.ble_evt_dispatch) refers to ble_conn_params.o(i.ble_conn_params_on_ble_evt) for ble_conn_params_on_ble_evt
    main.o(i.ble_evt_dispatch) refers to ble_ancs_c.o(i.ble_ancs_c_on_ble_evt) for ble_ancs_c_on_ble_evt
    main.o(i.ble_evt_dispatch) refers to bsp_btn_ble.o(i.bsp_btn_ble_on_ble_evt) for bsp_btn_ble_on_ble_evt
    main.o(i.ble_evt_dispatch) refers to main.o(i.on_ble_evt) for on_ble_evt
    main.o(i.ble_evt_dispatch) refers to ble_advertising.o(i.ble_advertising_on_ble_evt) for ble_advertising_on_ble_evt
    main.o(i.ble_evt_dispatch) refers to main.o(.bss) for .bss
    main.o(i.ble_stack_init) refers to softdevice_handler.o(i.softdevice_handler_init) for softdevice_handler_init
    main.o(i.ble_stack_init) refers to app_error.o(i.app_error_handler_bare) for app_error_handler_bare
    main.o(i.ble_stack_init) refers to softdevice_handler.o(i.softdevice_enable_get_default_config) for softdevice_enable_get_default_config
    main.o(i.ble_stack_init) refers to softdevice_handler.o(i.softdevice_enable) for softdevice_enable
    main.o(i.ble_stack_init) refers to softdevice_handler.o(i.softdevice_ble_evt_handler_set) for softdevice_ble_evt_handler_set
    main.o(i.ble_stack_init) refers to softdevice_handler.o(i.softdevice_sys_evt_handler_set) for softdevice_sys_evt_handler_set
    main.o(i.ble_stack_init) refers to main.o(.constdata) for .constdata
    main.o(i.ble_stack_init) refers to main.o(.bss) for .bss
    main.o(i.ble_stack_init) refers to main.o(i.ble_evt_dispatch) for ble_evt_dispatch
    main.o(i.ble_stack_init) refers to main.o(i.sys_evt_dispatch) for sys_evt_dispatch
    main.o(i.bsp_event_handler) refers to ble_ancs_c.o(i.ble_ancs_c_request_attrs) for ble_ancs_c_request_attrs
    main.o(i.bsp_event_handler) refers to main.o(i.sleep_mode_enter) for sleep_mode_enter
    main.o(i.bsp_event_handler) refers to app_error.o(i.app_error_handler_bare) for app_error_handler_bare
    main.o(i.bsp_event_handler) refers to ble_advertising.o(i.ble_advertising_restart_without_whitelist) for ble_advertising_restart_without_whitelist
    main.o(i.bsp_event_handler) refers to main.o(.data) for .data
    main.o(i.bsp_event_handler) refers to main.o(.bss) for .bss
    main.o(i.conn_params_error_handler) refers to app_error.o(i.app_error_handler_bare) for app_error_handler_bare
    main.o(i.db_disc_handler) refers to ble_ancs_c.o(i.ble_ancs_c_on_db_disc_evt) for ble_ancs_c_on_db_disc_evt
    main.o(i.db_disc_handler) refers to main.o(.bss) for .bss
    main.o(i.main) refers to app_timer.o(i.app_timer_init) for app_timer_init
    main.o(i.main) refers to app_error.o(i.app_error_handler_bare) for app_error_handler_bare
    main.o(i.main) refers to app_timer.o(i.app_timer_create) for app_timer_create
    main.o(i.main) refers to nrf_log_frontend.o(i.nrf_log_init) for nrf_log_init
    main.o(i.main) refers to bsp.o(i.bsp_init) for bsp_init
[...]
    RTC0_IRQHandler                          0x0001f42f   Thumb Code     0  arm_startup_nrf52.o(.text)
    RTC2_IRQHandler                          0x0001f42f   Thumb Code     0  arm_startup_nrf52.o(.text)
    SAADC_IRQHandler                         0x0001f42f   Thumb Code     0  arm_startup_nrf52.o(.text)
    SPIM0_SPIS0_TWIM0_TWIS0_SPI0_TWI0_IRQHandler 0x0001f42f   Thumb Code     0  arm_startup_nrf52.o(.text)
    SPIM1_SPIS1_TWIM1_TWIS1_SPI1_TWI1_IRQHandler 0x0001f42f   Thumb Code     0  arm_startup_nrf52.o(.text)
    SPIM2_SPIS2_SPI2_IRQHandler              0x0001f42f   Thumb Code     0  arm_startup_nrf52.o(.text)
    SWI1_EGU1_IRQHandler                     0x0001f42f   Thumb Code     0  arm_startup_nrf52.o(.text)
    SWI3_EGU3_IRQHandler                     0x0001f42f   Thumb Code     0  arm_startup_nrf52.o(.text)
    SWI4_EGU4_IRQHandler                     0x0001f42f   Thumb Code     0  arm_startup_nrf52.o(.text)
    SWI5_EGU5_IRQHandler                     0x0001f42f   Thumb Code     0  arm_startup_nrf52.o(.text)
    TEMP_IRQHandler                          0x0001f42f   Thumb Code     0  arm_startup_nrf52.o(.text)
    TIMER0_IRQHandler                        0x0001f42f   Thumb Code     0  arm_startup_nrf52.o(.text)
    TIMER1_IRQHandler                        0x0001f42f   Thumb Code     0  arm_startup_nrf52.o(.text)
    TIMER2_IRQHandler                        0x0001f42f   Thumb Code     0  arm_startup_nrf52.o(.text)
    TIMER3_IRQHandler                        0x0001f42f   Thumb Code     0  arm_startup_nrf52.o(.text)
    TIMER4_IRQHandler                        0x0001f42f   Thumb Code     0  arm_startup_nrf52.o(.text)
    WDT_IRQHandler                           0x0001f42f   Thumb Code     0  arm_startup_nrf52.o(.text)
    __aeabi_memcpy                           0x0001f439   Thumb Code    36  memcpya.o(.text)
    __aeabi_memcpy4                          0x0001f439   Thumb Code     0  memcpya.o(.text)
    __aeabi_memcpy8                          0x0001f439   Thumb Code     0  memcpya.o(.text)
    __aeabi_memset                           0x0001f45d   Thumb Code    14  memseta.o(.text)
    __aeabi_memset4                          0x0001f45d   Thumb Code     0  memseta.o(.text)
    __aeabi_memset8                          0x0001f45d   Thumb Code     0  memseta.o(.text)
    __aeabi_memclr                           0x0001f46b   Thumb Code     4  memseta.o(.text)
    __aeabi_memclr4                          0x0001f46b   Thumb Code     0  memseta.o(.text)
    __aeabi_memclr8                          0x0001f46b   Thumb Code     0  memseta.o(.text)
    _memset$wrapper                          0x0001f46f   Thumb Code    18  memseta.o(.text)
    strlen                                   0x0001f481   Thumb Code    14  strlen.o(.text)
    memcmp                                   0x0001f48f   Thumb Code    26  memcmp.o(.text)
    __aeabi_uldivmod                         0x0001f4a9   Thumb Code    98  uldiv.o(.text)
    __scatterload                            0x0001f50d   Thumb Code    28  init.o(.text)
    __scatterload_rt2                        0x0001f50d   Thumb Code     0  init.o(.text)
    __aeabi_llsl                             0x0001f531   Thumb Code    30  llshl.o(.text)
    _ll_shift_l                              0x0001f531   Thumb Code     0  llshl.o(.text)
    __aeabi_llsr                             0x0001f54f   Thumb Code    32  llushr.o(.text)
    _ll_ushift_r                             0x0001f54f   Thumb Code     0  llushr.o(.text)
    __decompress                             0x0001f56f   Thumb Code     0  __dczerorl2.o(.text)
    __decompress1                            0x0001f56f   Thumb Code    86  __dczerorl2.o(.text)
    GPIOTE_IRQHandler                        0x0001f5c5   Thumb Code   318  nrf_drv_gpiote.o(i.GPIOTE_IRQHandler)
    POWER_CLOCK_IRQHandler                   0x0001f7a1   Thumb Code    84  nrf_drv_clock.o(i.POWER_CLOCK_IRQHandler)
    RTC1_IRQHandler                          0x0001f7f9   Thumb Code    32  app_timer.o(i.RTC1_IRQHandler)
    SWI0_EGU0_IRQHandler                     0x0001f81d   Thumb Code     4  app_timer.o(i.SWI0_EGU0_IRQHandler)
    SWI2_EGU2_IRQHandler                     0x0001f821   Thumb Code    32  softdevice_handler.o(i.SWI2_EGU2_IRQHandler)
    SystemInit                               0x0001f845   Thumb Code   610  system_nrf52.o(i.SystemInit)
    UARTE0_UART0_IRQHandler                  0x0001fae1   Thumb Code    20  nrf_drv_uart.o(i.UARTE0_UART0_IRQHandler)
    __0sprintf$8                             0x0001fafd   Thumb Code    34  printf8.o(i.__0sprintf$8)
    __1sprintf$8                             0x0001fafd   Thumb Code     0  printf8.o(i.__0sprintf$8)
    __2sprintf                               0x0001fafd   Thumb Code     0  printf8.o(i.__0sprintf$8)
    __scatterload_copy                       0x0001fb25   Thumb Code    14  handlers.o(i.__scatterload_copy)
    __scatterload_null                       0x0001fb33   Thumb Code     2  handlers.o(i.__scatterload_null)
    __scatterload_zeroinit                   0x0001fb35   Thumb Code    14  handlers.o(i.__scatterload_zeroinit)
    addr_compare                             0x0001ffd5   Thumb Code    38  id_manager.o(i.addr_compare)
    adv_data_encode                          0x0001fffb   Thumb Code   386  ble_advdata.o(i.adv_data_encode)
    ah                                       0x00020325   Thumb Code    82  id_manager.o(i.ah)
    app_button_enable                        0x00020399   Thumb Code    32  app_button.o(i.app_button_enable)
    app_button_init                          0x000203bd   Thumb Code    96  app_button.o(i.app_button_init)
    app_error_fault_handler                  0x0002042d   Thumb Code    46  app_error_weak.o(i.app_error_fault_handler)
    app_error_handler_bare                   0x0002047d   Thumb Code    22  app_error.o(i.app_error_handler_bare)
    app_sched_event_put                      0x00020495   Thumb Code   154  app_scheduler.o(i.app_sched_event_put)
    app_sched_execute                        0x00020535   Thumb Code    58  app_scheduler.o(i.app_sched_execute)
    app_sched_init                           0x00020575   Thumb Code    40  app_scheduler.o(i.app_sched_init)
    app_timer_create                         0x000205a1   Thumb Code    32  app_timer.o(i.app_timer_create)
    app_timer_evt_schedule                   0x000205dd   Thumb Code    18  app_timer_appsh.o(i.app_timer_evt_schedule)
    app_timer_init                           0x000205f5   Thumb Code   102  app_timer.o(i.app_timer_init)
    app_timer_start                          0x00020665   Thumb Code   128  app_timer.o(i.app_timer_start)
    app_timer_stop                           0x000206ed   Thumb Code    26  app_timer.o(i.app_timer_stop)
    app_util_critical_region_enter           0x0002070d   Thumb Code    64  app_util_platform.o(i.app_util_critical_region_enter)
    app_util_critical_region_exit            0x00020755   Thumb Code    46  app_util_platform.o(i.app_util_critical_region_exit)
    ble_advdata_set                          0x00020a19   Thumb Code   104  ble_advdata.o(i.ble_advdata_set)
    ble_advertising_init                     0x00020a81   Thumb Code   278  ble_advertising.o(i.ble_advertising_init)
    ble_advertising_on_ble_evt               0x00020ba1   Thumb Code    88  ble_advertising.o(i.ble_advertising_on_ble_evt)
    ble_advertising_on_sys_evt               0x00020bfd   Thumb Code    46  ble_advertising.o(i.ble_advertising_on_sys_evt)
    ble_advertising_restart_without_whitelist 0x00020c31   Thumb Code    50  ble_advertising.o(i.ble_advertising_restart_without_whitelist)
    ble_advertising_start                    0x00020c6d   Thumb Code   250  ble_advertising.o(i.ble_advertising_start)
    ble_advertising_whitelist_reply          0x00020d71   Thumb Code    26  ble_advertising.o(i.ble_advertising_whitelist_reply)
    ble_ancs_c_attr_add                      0x00020d91   Thumb Code    36  ble_ancs_c.o(i.ble_ancs_c_attr_add)
    ble_ancs_c_data_source_notif_enable      0x00020db5   Thumb Code    28  ble_ancs_c.o(i.ble_ancs_c_data_source_notif_enable)
    ble_ancs_c_handles_assign                0x00020dd5   Thumb Code    34  ble_ancs_c.o(i.ble_ancs_c_handles_assign)
    ble_ancs_c_init                          0x00020df9   Thumb Code   144  ble_ancs_c.o(i.ble_ancs_c_init)
    ble_ancs_c_notif_source_notif_enable     0x00020e91   Thumb Code    28  ble_ancs_c.o(i.ble_ancs_c_notif_source_notif_enable)
    ble_ancs_c_on_ble_evt                    0x00020eb1   Thumb Code    86  ble_ancs_c.o(i.ble_ancs_c_on_ble_evt)
    ble_ancs_c_on_db_disc_evt                0x00020f09   Thumb Code   232  ble_ancs_c.o(i.ble_ancs_c_on_db_disc_evt)
    ble_ancs_c_request_attrs                 0x0002109d   Thumb Code    32  ble_ancs_c.o(i.ble_ancs_c_request_attrs)
    ble_ancs_get_notif_attrs                 0x000210bd   Thumb Code   140  ble_ancs_c.o(i.ble_ancs_get_notif_attrs)
    ble_conn_params_init                     0x00021165   Thumb Code    72  ble_conn_params.o(i.ble_conn_params_init)
    ble_conn_params_on_ble_evt               0x000211bd   Thumb Code   120  ble_conn_params.o(i.ble_conn_params_on_ble_evt)
    ble_conn_state_conn_handles              0x00021241   Thumb Code    10  ble_conn_state.o(i.ble_conn_state_conn_handles)
    ble_conn_state_encrypted                 0x00021251   Thumb Code    12  ble_conn_state.o(i.ble_conn_state_encrypted)
    ble_conn_state_mitm_protected            0x00021261   Thumb Code    12  ble_conn_state.o(i.ble_conn_state_mitm_protected)
    ble_conn_state_on_ble_evt                0x00021271   Thumb Code   264  ble_conn_state.o(i.ble_conn_state_on_ble_evt)
    ble_conn_state_role                      0x0002137d   Thumb Code    42  ble_conn_state.o(i.ble_conn_state_role)
    ble_conn_state_status                    0x000213ad   Thumb Code    42  ble_conn_state.o(i.ble_conn_state_status)
    ble_conn_state_user_flag_acquire         0x000213dd   Thumb Code    40  ble_conn_state.o(i.ble_conn_state_user_flag_acquire)
    ble_conn_state_user_flag_collection      0x00021409   Thumb Code    20  ble_conn_state.o(i.ble_conn_state_user_flag_collection)
    ble_conn_state_user_flag_get             0x00021421   Thumb Code    36  ble_conn_state.o(i.ble_conn_state_user_flag_get)
    ble_conn_state_user_flag_set             0x00021449   Thumb Code    40  ble_conn_state.o(i.ble_conn_state_user_flag_set)
    ble_db_discovery_evt_register            0x00021475   Thumb Code    56  ble_db_discovery.o(i.ble_db_discovery_evt_register)
    ble_db_discovery_init                    0x000214b5   Thumb Code    24  ble_db_discovery.o(i.ble_db_discovery_init)
    ble_db_discovery_on_ble_evt              0x000214d1   Thumb Code    70  ble_db_discovery.o(i.ble_db_discovery_on_ble_evt)
    ble_db_discovery_start                   0x0002151d   Thumb Code    92  ble_db_discovery.o(i.ble_db_discovery_start)
    ble_srv_is_notification_enabled          0x00021625   Thumb Code     8  ble_srv_common.o(i.ble_srv_is_notification_enabled)
    bsp_btn_ble_init                         0x000216a1   Thumb Code    72  bsp_btn_ble.o(i.bsp_btn_ble_init)
    bsp_btn_ble_on_ble_evt                   0x000216ed   Thumb Code   106  bsp_btn_ble.o(i.bsp_btn_ble_on_ble_evt)
    bsp_btn_ble_sleep_mode_prepare           0x0002175d   Thumb Code    18  bsp_btn_ble.o(i.bsp_btn_ble_sleep_mode_prepare)
    bsp_button_is_pressed                    0x00021819   Thumb Code    34  bsp.o(i.bsp_button_is_pressed)
    bsp_event_to_button_action_assign        0x000218a1   Thumb Code    64  bsp.o(i.bsp_event_to_button_action_assign)
    bsp_indication_set                       0x000218e5   Thumb Code    20  bsp.o(i.bsp_indication_set)
    bsp_init                                 0x000218fd   Thumb Code   140  bsp.o(i.bsp_init)
    bsp_wakeup_buttons_set                   0x00021bc5   Thumb Code    54  bsp.o(i.bsp_wakeup_buttons_set)
    buffer_is_empty                          0x00021c79   Thumb Code    16  nrf_log_frontend.o(i.buffer_is_empty)
    chunk_queue_next                         0x00021db1   Thumb Code    20  fds.o(i.chunk_queue_next)
    fds_file_delete                          0x0002253d   Thumb Code    70  fds.o(i.fds_file_delete)
    fds_gc                                   0x00022589   Thumb Code    58  fds.o(i.fds_gc)
    fds_init                                 0x000225cd   Thumb Code   136  fds.o(i.fds_init)
    fds_record_close                         0x00022659   Thumb Code    54  fds.o(i.fds_record_close)
    fds_record_find                          0x00022695   Thumb Code    14  fds.o(i.fds_record_find)
    fds_record_find_by_key                   0x000226a3   Thumb Code    16  fds.o(i.fds_record_find_by_key)
    fds_record_find_in_file                  0x000226b3   Thumb Code    16  fds.o(i.fds_record_find_in_file)
    fds_record_id_from_desc                  0x000226c3   Thumb Code    16  fds.o(i.fds_record_id_from_desc)
    fds_record_open                          0x000226d5   Thumb Code    60  fds.o(i.fds_record_open)
    fds_record_update                        0x00022715   Thumb Code    14  fds.o(i.fds_record_update)
    fds_record_write                         0x00022723   Thumb Code     8  fds.o(i.fds_record_write)
    fds_record_write_reserved                0x0002272b   Thumb Code    12  fds.o(i.fds_record_write_reserved)
    fds_register                             0x00022739   Thumb Code    26  fds.o(i.fds_register)
    fds_reserve                              0x0002275d   Thumb Code    46  fds.o(i.fds_reserve)
    fds_reserve_cancel                       0x00022791   Thumb Code    60  fds.o(i.fds_reserve_cancel)
    fs_erase                                 0x00022885   Thumb Code   110  fstorage.o(i.fs_erase)
    fs_init                                  0x00022901   Thumb Code   164  fstorage.o(i.fs_init)
    fs_queued_op_count_get                   0x000229b1   Thumb Code    16  fstorage.o(i.fs_queued_op_count_get)
    fs_store                                 0x000229c5   Thumb Code   124  fstorage.o(i.fs_store)
    fs_sys_event_handler                     0x00022a45   Thumb Code    96  fstorage.o(i.fs_sys_event_handler)
    gcm_ble_evt_handler                      0x00022c89   Thumb Code   232  gatt_cache_manager.o(i.gcm_ble_evt_handler)
    gcm_gscm_evt_handler                     0x00022d75   Thumb Code   102  gatt_cache_manager.o(i.gcm_gscm_evt_handler)
    gcm_im_evt_handler                       0x00022de1   Thumb Code    44  gatt_cache_manager.o(i.gcm_im_evt_handler)
    gcm_init                                 0x00022e11   Thumb Code    66  gatt_cache_manager.o(i.gcm_init)
    gcm_local_database_has_changed           0x00022e59   Thumb Code    78  gatt_cache_manager.o(i.gcm_local_database_has_changed)
    gcm_smd_evt_handler                      0x00022ead   Thumb Code    14  gatt_cache_manager.o(i.gcm_smd_evt_handler)
    get_connection_by_conn_handle            0x00022ebd   Thumb Code    48  id_manager.o(i.get_connection_by_conn_handle)
    get_free_connection                      0x00022ef5   Thumb Code    40  id_manager.o(i.get_free_connection)
    gscm_db_change_notification_done         0x00022f7d   Thumb Code    22  gatts_cache_manager.o(i.gscm_db_change_notification_done)
    gscm_init                                0x00022f99   Thumb Code    16  gatts_cache_manager.o(i.gscm_init)
    gscm_local_database_has_changed          0x00022fad   Thumb Code    22  gatts_cache_manager.o(i.gscm_local_database_has_changed)
    gscm_local_db_cache_apply                0x00022fc9   Thumb Code   106  gatts_cache_manager.o(i.gscm_local_db_cache_apply)
    gscm_local_db_cache_update               0x00023033   Thumb Code   128  gatts_cache_manager.o(i.gscm_local_db_cache_update)
    gscm_pdb_evt_handler                     0x000230b5   Thumb Code    78  gatts_cache_manager.o(i.gscm_pdb_evt_handler)
    gscm_service_changed_ind_needed          0x00023109   Thumb Code    26  gatts_cache_manager.o(i.gscm_service_changed_ind_needed)
    gscm_service_changed_ind_send            0x00023125   Thumb Code    40  gatts_cache_manager.o(i.gscm_service_changed_ind_send)
    im_address_resolve                       0x00023167   Thumb Code    70  id_manager.o(i.im_address_resolve)
    im_ble_addr_get                          0x000231ad   Thumb Code    42  id_manager.o(i.im_ble_addr_get)
    im_ble_evt_handler                       0x000231dd   Thumb Code   174  id_manager.o(i.im_ble_evt_handler)
    im_conn_handle_get                       0x0002328d   Thumb Code    40  id_manager.o(i.im_conn_handle_get)
    im_device_identities_list_set            0x000232b9   Thumb Code   166  id_manager.o(i.im_device_identities_list_set)
    im_init                                  0x00023361   Thumb Code    54  id_manager.o(i.im_init)
    im_is_duplicate_bonding_data             0x000233a1   Thumb Code    52  id_manager.o(i.im_is_duplicate_bonding_data)
    im_master_id_is_valid                    0x000233d5   Thumb Code    24  id_manager.o(i.im_master_id_is_valid)
    im_master_ids_compare                    0x000233ed   Thumb Code    42  id_manager.o(i.im_master_ids_compare)
    im_new_peer_id                           0x00023417   Thumb Code     4  id_manager.o(i.im_new_peer_id)
    im_pdb_evt_handler                       0x0002341b   Thumb Code   114  id_manager.o(i.im_pdb_evt_handler)
    im_peer_free                             0x0002348d   Thumb Code    38  id_manager.o(i.im_peer_free)
    im_peer_id_get_by_conn_handle            0x000234b5   Thumb Code    28  id_manager.o(i.im_peer_id_get_by_conn_handle)
    im_peer_id_get_by_master_id              0x000234d5   Thumb Code    60  id_manager.o(i.im_peer_id_get_by_master_id)
    im_whitelist_get                         0x00023511   Thumb Code    46  id_manager.o(i.im_whitelist_get)
    im_whitelist_set                         0x00023549   Thumb Code   108  id_manager.o(i.im_whitelist_set)
    intern_softdevice_events_execute         0x0002367d   Thumb Code   114  softdevice_handler.o(i.intern_softdevice_events_execute)
    is_valid_irk                             0x000237d3   Thumb Code    20  id_manager.o(i.is_valid_irk)
    main                                     0x00023d91   Thumb Code   322  main.o(i.main)
    new_connection                           0x00024031   Thumb Code    80  id_manager.o(i.new_connection)
    next_id_get                              0x00024089   Thumb Code    48  peer_id.o(i.next_id_get)
    nrf_drv_clock_init                       0x00024391   Thumb Code    46  nrf_drv_clock.o(i.nrf_drv_clock_init)
    nrf_drv_clock_on_sd_enable               0x000243c9   Thumb Code    44  nrf_drv_clock.o(i.nrf_drv_clock_on_sd_enable)
    nrf_drv_clock_on_soc_event               0x000243f9   Thumb Code    10  nrf_drv_clock.o(i.nrf_drv_clock_on_soc_event)
    nrf_drv_common_irq_enable                0x00024419   Thumb Code    56  nrf_drv_common.o(i.nrf_drv_common_irq_enable)
    nrf_drv_gpiote_in_event_enable           0x00024459   Thumb Code   150  nrf_drv_gpiote.o(i.nrf_drv_gpiote_in_event_enable)
    nrf_drv_gpiote_in_init                   0x000244fd   Thumb Code   170  nrf_drv_gpiote.o(i.nrf_drv_gpiote_in_init)
    nrf_drv_gpiote_in_is_set                 0x000245b5   Thumb Code    16  nrf_drv_gpiote.o(i.nrf_drv_gpiote_in_is_set)
    nrf_drv_gpiote_init                      0x000245c9   Thumb Code    84  nrf_drv_gpiote.o(i.nrf_drv_gpiote_init)
    nrf_drv_gpiote_is_init                   0x00024625   Thumb Code    14  nrf_drv_gpiote.o(i.nrf_drv_gpiote_is_init)
    nrf_drv_uart_init                        0x00024639   Thumb Code    98  nrf_drv_uart.o(i.nrf_drv_uart_init)
    nrf_drv_uart_tx                          0x000246a1   Thumb Code   260  nrf_drv_uart.o(i.nrf_drv_uart_tx)
    nrf_drv_uart_tx_in_progress              0x000247a9   Thumb Code    18  nrf_drv_uart.o(i.nrf_drv_uart_tx_in_progress)
    nrf_drv_uart_uninit                      0x000247c1   Thumb Code    74  nrf_drv_uart.o(i.nrf_drv_uart_uninit)
    nrf_log_backend_hexdump_handler_get      0x000248d1   Thumb Code     4  nrf_log_backend_serial.o(i.nrf_log_backend_hexdump_handler_get)
    nrf_log_backend_init                     0x000248d9   Thumb Code   100  nrf_log_backend_serial.o(i.nrf_log_backend_init)
    nrf_log_backend_std_handler_get          0x00024b5d   Thumb Code     4  nrf_log_backend_serial.o(i.nrf_log_backend_std_handler_get)
    nrf_log_blocking_backend_set             0x00024b65   Thumb Code     6  nrf_log_frontend.o(i.nrf_log_blocking_backend_set)
    nrf_log_frontend_dequeue                 0x00024b6d   Thumb Code   298  nrf_log_frontend.o(i.nrf_log_frontend_dequeue)
    nrf_log_frontend_init                    0x00024c9d   Thumb Code    16  nrf_log_frontend.o(i.nrf_log_frontend_init)
    nrf_log_frontend_std_0                   0x00024cb1   Thumb Code    66  nrf_log_frontend.o(i.nrf_log_frontend_std_0)
    nrf_log_frontend_std_1                   0x00024cfd   Thumb Code    82  nrf_log_frontend.o(i.nrf_log_frontend_std_1)
    nrf_log_frontend_std_2                   0x00024d59   Thumb Code    98  nrf_log_frontend.o(i.nrf_log_frontend_std_2)
    nrf_log_handlers_set                     0x00024dc5   Thumb Code    10  nrf_log_frontend.o(i.nrf_log_handlers_set)
    nrf_log_init                             0x00024dd5   Thumb Code    36  nrf_log_frontend.o(i.nrf_log_init)
    nrf_log_push                             0x00024df9   Thumb Code    86  nrf_log_frontend.o(i.nrf_log_push)
    pdb_init                                 0x000259b9   Thumb Code    66  peer_database.o(i.pdb_init)
    pdb_next_deleted_peer_id_get             0x00025a09   Thumb Code     4  peer_database.o(i.pdb_next_deleted_peer_id_get)
    pdb_next_peer_id_get                     0x00025a0d   Thumb Code     4  peer_database.o(i.pdb_next_peer_id_get)
    pdb_pds_evt_handler                      0x00025a11   Thumb Code   294  peer_database.o(i.pdb_pds_evt_handler)
    pdb_peer_allocate                        0x00025b41   Thumb Code     4  peer_database.o(i.pdb_peer_allocate)
    pdb_peer_data_load                       0x00025b45   Thumb Code    16  peer_database.o(i.pdb_peer_data_load)
    pdb_peer_data_ptr_get                    0x00025b55   Thumb Code     6  peer_database.o(i.pdb_peer_data_ptr_get)
    pdb_peer_free                            0x00025b5b   Thumb Code    68  peer_database.o(i.pdb_peer_free)
    pdb_raw_store                            0x00025b9f   Thumb Code     8  peer_database.o(i.pdb_raw_store)
    pdb_write_buf_get                        0x00025ba9   Thumb Code   260  peer_database.o(i.pdb_write_buf_get)
    pdb_write_buf_release                    0x00025cb1   Thumb Code    40  peer_database.o(i.pdb_write_buf_release)
    pdb_write_buf_store                      0x00025cd9   Thumb Code   188  peer_database.o(i.pdb_write_buf_store)
    pdb_write_buf_store_prepare              0x00025d9d   Thumb Code    98  peer_database.o(i.pdb_write_buf_store_prepare)
    pds_init                                 0x00025e11   Thumb Code    98  peer_data_storage.o(i.pds_init)
    pds_next_deleted_peer_id_get             0x00025e7d   Thumb Code     4  peer_data_storage.o(i.pds_next_deleted_peer_id_get)
    pds_next_peer_id_get                     0x00025e81   Thumb Code     4  peer_data_storage.o(i.pds_next_peer_id_get)
    pds_peer_data_iterate                    0x00025e85   Thumb Code    74  peer_data_storage.o(i.pds_peer_data_iterate)
    pds_peer_data_iterate_prepare            0x00025ed5   Thumb Code    10  peer_data_storage.o(i.pds_peer_data_iterate_prepare)
    pds_peer_data_read                       0x00025ee5   Thumb Code   104  peer_data_storage.o(i.pds_peer_data_read)
    pds_peer_data_store                      0x00025f4d   Thumb Code   160  peer_data_storage.o(i.pds_peer_data_store)
    pds_peer_id_allocate                     0x00025fed   Thumb Code     8  peer_data_storage.o(i.pds_peer_id_allocate)
    pds_peer_id_free                         0x00025ff5   Thumb Code    22  peer_data_storage.o(i.pds_peer_id_free)
    pds_peer_id_is_allocated                 0x0002600b   Thumb Code     4  peer_data_storage.o(i.pds_peer_id_is_allocated)
    pds_space_reserve                        0x0002600f   Thumb Code    46  peer_data_storage.o(i.pds_space_reserve)
    pds_space_reserve_cancel                 0x0002603d   Thumb Code    16  peer_data_storage.o(i.pds_space_reserve_cancel)
    peer_id_allocate                         0x00026141   Thumb Code     6  peer_id.o(i.peer_id_allocate)
    peer_id_delete                           0x0002614d   Thumb Code    32  peer_id.o(i.peer_id_delete)
    peer_id_free                             0x00026171   Thumb Code    24  peer_id.o(i.peer_id_free)
    peer_id_get_next_deleted                 0x0002618d   Thumb Code     6  peer_id.o(i.peer_id_get_next_deleted)
    peer_id_get_next_used                    0x00026199   Thumb Code    42  peer_id.o(i.peer_id_get_next_used)
    peer_id_init                             0x000261c9   Thumb Code    36  peer_id.o(i.peer_id_init)
    peer_id_is_allocated                     0x000261f1   Thumb Code    16  peer_id.o(i.peer_id_is_allocated)
    peer_id_is_deleted                       0x00026205   Thumb Code    16  peer_id.o(i.peer_id_is_deleted)
    pm_buffer_block_acquire                  0x000263f3   Thumb Code    92  pm_buffer.o(i.pm_buffer_block_acquire)
    pm_buffer_init                           0x0002644f   Thumb Code    64  pm_buffer.o(i.pm_buffer_init)
    pm_buffer_ptr_get                        0x0002648f   Thumb Code    40  pm_buffer.o(i.pm_buffer_ptr_get)
    pm_buffer_release                        0x000264b7   Thumb Code    46  pm_buffer.o(i.pm_buffer_release)
    pm_conn_sec_config_reply                 0x000264e5   Thumb Code     4  peer_manager.o(i.pm_conn_sec_config_reply)
    pm_conn_sec_status_get                   0x000264e9   Thumb Code   102  peer_manager.o(i.pm_conn_sec_status_get)
    pm_conn_secure                           0x00026555   Thumb Code    14  peer_manager.o(i.pm_conn_secure)
    pm_device_identities_list_set            0x00026569   Thumb Code    14  peer_manager.o(i.pm_device_identities_list_set)
    pm_gcm_evt_handler                       0x0002664d   Thumb Code   136  peer_manager.o(i.pm_gcm_evt_handler)
    pm_im_evt_handler                        0x000266d5   Thumb Code    74  peer_manager.o(i.pm_im_evt_handler)
    pm_init                                  0x00026725   Thumb Code    96  peer_manager.o(i.pm_init)
    pm_local_database_has_changed            0x00026789   Thumb Code    14  peer_manager.o(i.pm_local_database_has_changed)
    pm_mutex_init                            0x0002679d   Thumb Code    14  pm_mutex.o(i.pm_mutex_init)
    pm_mutex_lock                            0x000267ab   Thumb Code    26  pm_mutex.o(i.pm_mutex_lock)
    pm_mutex_lock_first_available            0x000267c5   Thumb Code    54  pm_mutex.o(i.pm_mutex_lock_first_available)
    pm_mutex_lock_status_get                 0x000267fb   Thumb Code    24  pm_mutex.o(i.pm_mutex_lock_status_get)
    pm_mutex_unlock                          0x00026813   Thumb Code    58  pm_mutex.o(i.pm_mutex_unlock)
    pm_next_peer_id_get                      0x0002684d   Thumb Code    16  peer_manager.o(i.pm_next_peer_id_get)
    pm_on_ble_evt                            0x00026861   Thumb Code    36  peer_manager.o(i.pm_on_ble_evt)
    pm_pdb_evt_handler                       0x00026889   Thumb Code   338  peer_manager.o(i.pm_pdb_evt_handler)
    pm_peer_delete                           0x000269e1   Thumb Code    14  peer_manager.o(i.pm_peer_delete)
    pm_peer_rank_highest                     0x000269f5   Thumb Code   182  peer_manager.o(i.pm_peer_rank_highest)
    pm_peer_ranks_get                        0x00026ab5   Thumb Code   176  peer_manager.o(i.pm_peer_ranks_get)
    pm_peers_delete                          0x00026b6d   Thumb Code    50  peer_manager.o(i.pm_peers_delete)
    pm_register                              0x00026ba5   Thumb Code    34  peer_manager.o(i.pm_register)
    pm_sec_params_set                        0x00026bd1   Thumb Code    14  peer_manager.o(i.pm_sec_params_set)
    pm_sm_evt_handler                        0x00026be5   Thumb Code   346  peer_manager.o(i.pm_sm_evt_handler)
    pm_whitelist_get                         0x00026d45   Thumb Code    38  peer_manager.o(i.pm_whitelist_get)
    pm_whitelist_set                         0x00026d71   Thumb Code    14  peer_manager.o(i.pm_whitelist_set)
    sdk_mapped_flags_bulk_update_by_key      0x000272a5   Thumb Code    68  sdk_mapped_flags.o(i.sdk_mapped_flags_bulk_update_by_key)
    sdk_mapped_flags_first_key_index_get     0x000272e9   Thumb Code    34  sdk_mapped_flags.o(i.sdk_mapped_flags_first_key_index_get)
    sdk_mapped_flags_get_by_key              0x0002731b   Thumb Code    38  sdk_mapped_flags.o(i.sdk_mapped_flags_get_by_key)
    sdk_mapped_flags_key_list_get            0x00027341   Thumb Code    74  sdk_mapped_flags.o(i.sdk_mapped_flags_key_list_get)
    sdk_mapped_flags_update_by_key           0x0002738b   Thumb Code    14  sdk_mapped_flags.o(i.sdk_mapped_flags_update_by_key)
    sm_ble_evt_handler                       0x00027929   Thumb Code    18  security_manager.o(i.sm_ble_evt_handler)
    sm_conn_sec_config_reply                 0x00027941   Thumb Code    18  security_manager.o(i.sm_conn_sec_config_reply)
    sm_init                                  0x00027959   Thumb Code    76  security_manager.o(i.sm_init)
    sm_link_secure                           0x000279a9   Thumb Code    10  security_manager.o(i.sm_link_secure)
    sm_pdb_evt_handler                       0x000279b5   Thumb Code    52  security_manager.o(i.sm_pdb_evt_handler)
    sm_sec_params_set                        0x000279ed   Thumb Code    38  security_manager.o(i.sm_sec_params_set)
    sm_smd_evt_handler                       0x00027a19   Thumb Code   116  security_manager.o(i.sm_smd_evt_handler)
    smd_ble_evt_handler                      0x00027a91   Thumb Code   226  security_dispatcher.o(i.smd_ble_evt_handler)
    smd_init                                 0x00027b7d   Thumb Code    56  security_dispatcher.o(i.smd_init)
    smd_link_secure                          0x00027bb9   Thumb Code    48  security_dispatcher.o(i.smd_link_secure)
    smd_params_reply                         0x00027be9   Thumb Code   262  security_dispatcher.o(i.smd_params_reply)
    smd_pdb_evt_handler                      0x00027d7d   Thumb Code    48  security_dispatcher.o(i.smd_pdb_evt_handler)
    softdevice_ble_evt_handler_set           0x00027db1   Thumb Code    14  softdevice_handler.o(i.softdevice_ble_evt_handler_set)
    softdevice_enable                        0x00027dc5   Thumb Code    74  softdevice_handler.o(i.softdevice_enable)
    softdevice_enable_get_default_config     0x00027ea1   Thumb Code    38  softdevice_handler.o(i.softdevice_enable_get_default_config)
    softdevice_fault_handler                 0x00027ec7   Thumb Code     4  softdevice_handler.o(i.softdevice_fault_handler)
    softdevice_handler_init                  0x00027ecd   Thumb Code    92  softdevice_handler.o(i.softdevice_handler_init)
    softdevice_handler_is_enabled            0x00027f31   Thumb Code     6  softdevice_handler.o(i.softdevice_handler_is_enabled)
    softdevice_sys_evt_handler_set           0x00027f3d   Thumb Code    14  softdevice_handler.o(i.softdevice_sys_evt_handler_set)
    ble_ancs_base_uuid128                    0x00028958   Data          16  ble_ancs_c.o(.constdata)
    ble_ancs_cp_base_uuid128                 0x00028968   Data          16  ble_ancs_c.o(.constdata)
    ble_ancs_ns_base_uuid128                 0x00028978   Data          16  ble_ancs_c.o(.constdata)
    ble_ancs_ds_base_uuid128                 0x00028988   Data          16  ble_ancs_c.o(.constdata)
    Region$$Table$$Base                      0x00028d88   Number         0  anon$$obj.o(Region$$Table)
    Region$$Table$$Limit                     0x00028da8   Number         0  anon$$obj.o(Region$$Table)
    Image$$RW_IRAM1$$Base                    0x200021b8   Number         0  anon$$obj.o ABSOLUTE
    SystemCoreClock                          0x20002378   Data           4  system_nrf52.o(.data)
    fs_data$$Base                            0x2000237c   Number         0  fds.o(fs_data)
    fs_data$$Limit                           0x2000238c   Number         0  fds.o(fs_data)
    nrf_nvic_state                           0x20003234   Data          12  app_util_platform.o(.bss)
    __initial_sp                             0x200058e0   Data           0  arm_startup_nrf52.o(STACK)



==============================================================================

Memory Map of the image

  Image Entry point : 0x0001f401

  Load Region LR_IROM1 (Base: 0x0001f000, Size: 0x00009f7c, Max: 0x00061000, ABSOLUTE, COMPRESSED[0x00009e1c])

    Execution Region ER_IROM1 (Base: 0x0001f000, Size: 0x00009da8, Max: 0x00061000, ABSOLUTE)

    Base Addr    Size         Type   Attr      Idx    E Section Name        Object

    0x0001f000   0x00000400   Data   RO         4847    RESET               arm_startup_nrf52.o
    0x0001f400   0x00000000   Code   RO         4888  * .ARM.Collect$$$$00000000  mc_w.l(entry.o)
    0x0001f400   0x00000004   Code   RO         5164    .ARM.Collect$$$$00000001  mc_w.l(entry2.o)
    0x0001f404   0x00000004   Code   RO         5167    .ARM.Collect$$$$00000004  mc_w.l(entry5.o)
    0x0001f408   0x00000000   Code   RO         5169    .ARM.Collect$$$$00000008  mc_w.l(entry7b.o)
    0x0001f408   0x00000000   Code   RO         5171    .ARM.Collect$$$$0000000A  mc_w.l(entry8b.o)
    0x0001f408   0x00000008   Code   RO         5172    .ARM.Collect$$$$0000000B  mc_w.l(entry9a.o)
    0x0001f410   0x00000000   Code   RO         5174    .ARM.Collect$$$$0000000D  mc_w.l(entry10a.o)
    0x0001f410   0x00000000   Code   RO         5176    .ARM.Collect$$$$0000000F  mc_w.l(entry11a.o)
    0x0001f410   0x00000004   Code   RO         5165    .ARM.Collect$$$$00002712  mc_w.l(entry2.o)
    0x0001f414   0x00000024   Code   RO         4848    .text               arm_startup_nrf52.o
    0x0001f438   0x00000024   Code   RO         4891    .text               mc_w.l(memcpya.o)
    0x0001f45c   0x00000024   Code   RO         4893    .text               mc_w.l(memseta.o)
    0x0001f480   0x0000000e   Code   RO         4895    .text               mc_w.l(strlen.o)
    0x0001f48e   0x0000001a   Code   RO         4897    .text               mc_w.l(memcmp.o)
    0x0001f4a8   0x00000062   Code   RO         5183    .text               mc_w.l(uldiv.o)
    0x0001f50a   0x00000002   PAD
    0x0001f50c   0x00000024   Code   RO         5196    .text               mc_w.l(init.o)
    0x0001f530   0x0000001e   Code   RO         5199    .text               mc_w.l(llshl.o)
    0x0001f54e   0x00000020   Code   RO         5201    .text               mc_w.l(llushr.o)
    0x0001f56e   0x00000056   Code   RO         5216    .text               mc_w.l(__dczerorl2.o)
    0x0001f5c4   0x0000014c   Code   RO         2818    i.GPIOTE_IRQHandler  nrf_drv_gpiote.o
    0x0001f710   0x00000016   Code   RO         3517    i.NVIC_ClearPendingIRQ  app_timer.o
    0x0001f726   0x00000016   Code   RO         4700    i.NVIC_DisableIRQ   softdevice_handler.o
    0x0001f73c   0x00000016   Code   RO         3518    i.NVIC_EnableIRQ    app_timer.o
    0x0001f752   0x00000016   Code   RO         4701    i.NVIC_EnableIRQ    softdevice_handler.o
    0x0001f768   0x00000016   Code   RO         3519    i.NVIC_SetPendingIRQ  app_timer.o
    0x0001f77e   0x00000020   Code   RO         3520    i.NVIC_SetPriority  app_timer.o
    0x0001f79e   0x00000002   PAD
    0x0001f7a0   0x00000058   Code   RO         2626    i.POWER_CLOCK_IRQHandler  nrf_drv_clock.o
    0x0001f7f8   0x00000024   Code   RO         3521    i.RTC1_IRQHandler   app_timer.o
    0x0001f81c   0x00000004   Code   RO         3522    i.SWI0_EGU0_IRQHandler  app_timer.o
    0x0001f820   0x00000024   Code   RO         4702    i.SWI2_EGU2_IRQHandler  softdevice_handler.o
    0x0001f844   0x0000029c   Code   RO         4856    i.SystemInit        system_nrf52.o
    0x0001fae0   0x0000001c   Code   RO         3047    i.UARTE0_UART0_IRQHandler  nrf_drv_uart.o
    0x0001fafc   0x00000028   Code   RO         5112    i.__0sprintf$8      mc_w.l(printf8.o)
    0x0001fb24   0x0000000e   Code   RO         5210    i.__scatterload_copy  mc_w.l(handlers.o)
    0x0001fb32   0x00000002   Code   RO         5211    i.__scatterload_null  mc_w.l(handlers.o)
    0x0001fb34   0x0000000e   Code   RO         5212    i.__scatterload_zeroinit  mc_w.l(handlers.o)
    0x0001fb42   0x00000002   PAD
    0x0001fb44   0x00000024   Code   RO         4703    i.__sd_nvic_app_accessible_irq  softdevice_handler.o
    0x0001fb68   0x00000410   Code   RO         5117    i._printf_core      mc_w.l(printf8.o)
    0x0001ff78   0x00000024   Code   RO         5118    i._printf_post_padding  mc_w.l(printf8.o)
    0x0001ff9c   0x0000002e   Code   RO         5119    i._printf_pre_padding  mc_w.l(printf8.o)
    0x0001ffca   0x0000000a   Code   RO         5121    i._sputc            mc_w.l(printf8.o)
    0x0001ffd4   0x00000026   Code   RO         1277    i.addr_compare      id_manager.o
    0x0001fffa   0x00000182   Code   RO          550    i.adv_data_encode   ble_advdata.o
    0x0002017c   0x00000058   Code   RO          627    i.adv_mode_next_avail_get  ble_advertising.o
    0x000201d4   0x00000036   Code   RO          507    i.advertising_buttons_configure  bsp_btn_ble.o
    0x0002020a   0x00000002   PAD
    0x0002020c   0x00000084   Code   RO            4    i.advertising_init  main.o
    0x00020290   0x00000094   Code   RO            5    i.advertising_start  main.o
    0x00020324   0x00000052   Code   RO         1278    i.ah                id_manager.o
    0x00020376   0x00000002   PAD
    0x00020378   0x00000020   Code   RO          387    i.alert_timer_handler  bsp.o
    0x00020398   0x00000024   Code   RO         3264    i.app_button_enable  app_button.o
    0x000203bc   0x00000070   Code   RO         3265    i.app_button_init   app_button.o
    0x0002042c   0x00000050   Code   RO         3365    i.app_error_fault_handler  app_error_weak.o
    0x0002047c   0x00000016   Code   RO         3326    i.app_error_handler_bare  app_error.o
    0x00020492   0x00000002   PAD
    0x00020494   0x000000a0   Code   RO         3466    i.app_sched_event_put  app_scheduler.o
    0x00020534   0x00000040   Code   RO         3467    i.app_sched_execute  app_scheduler.o
    0x00020574   0x0000002c   Code   RO         3468    i.app_sched_init    app_scheduler.o
    0x000205a0   0x00000024   Code   RO         3525    i.app_timer_create  app_timer.o
    0x000205c4   0x00000018   Code   RO         3673    i.app_timer_evt_get  app_timer_appsh.o
    0x000205dc   0x00000018   Code   RO         3674    i.app_timer_evt_schedule  app_timer_appsh.o
    0x000205f4   0x00000070   Code   RO         3526    i.app_timer_init    app_timer.o
    0x00020664   0x00000088   Code   RO         3527    i.app_timer_start   app_timer.o
    0x000206ec   0x00000020   Code   RO         3528    i.app_timer_stop    app_timer.o
    0x0002070c   0x00000048   Code   RO         3774    i.app_util_critical_region_enter  app_util_platform.o
    0x00020754   0x00000034   Code   RO         3775    i.app_util_critical_region_exit  app_util_platform.o
    0x00020788   0x00000004   Code   RO            6    i.apple_notification_error_handler  main.o
    0x0002078c   0x00000098   Code   RO         3048    i.apply_config      nrf_drv_uart.o
    0x00020824   0x000000b4   Code   RO         2491    i.attr_data_parse   ble_ancs_c.o
    0x000208d8   0x000000a0   Code   RO         2492    i.attr_id_parse     ble_ancs_c.o
    0x00020978   0x000000a0   Code   RO         2250    i.auth_status_success_process  security_dispatcher.o
    0x00020a18   0x00000068   Code   RO          551    i.ble_advdata_set   ble_advdata.o
    0x00020a80   0x00000120   Code   RO          628    i.ble_advertising_init  ble_advertising.o
    0x00020ba0   0x0000005c   Code   RO          629    i.ble_advertising_on_ble_evt  ble_advertising.o
    0x00020bfc   0x00000034   Code   RO          630    i.ble_advertising_on_sys_evt  ble_advertising.o
    0x00020c30   0x0000003c   Code   RO          632    i.ble_advertising_restart_without_whitelist  ble_advertising.o
    0x00020c6c   0x00000104   Code   RO          633    i.ble_advertising_start  ble_advertising.o
    0x00020d70   0x00000020   Code   RO          634    i.ble_advertising_whitelist_reply  ble_advertising.o
    0x00020d90   0x00000024   Code   RO         2493    i.ble_ancs_c_attr_add  ble_ancs_c.o
    0x00020db4   0x00000020   Code   RO         2495    i.ble_ancs_c_data_source_notif_enable  ble_ancs_c.o
    0x00020dd4   0x00000022   Code   RO         2496    i.ble_ancs_c_handles_assign  ble_ancs_c.o
    0x00020df6   0x00000002   PAD
    0x00020df8   0x00000098   Code   RO         2497    i.ble_ancs_c_init   ble_ancs_c.o
    0x00020e90   0x00000020   Code   RO         2499    i.ble_ancs_c_notif_source_notif_enable  ble_ancs_c.o
    0x00020eb0   0x00000056   Code   RO         2500    i.ble_ancs_c_on_ble_evt  ble_ancs_c.o
    0x00020f06   0x00000002   PAD
    0x00020f08   0x00000194   Code   RO         2501    i.ble_ancs_c_on_db_disc_evt  ble_ancs_c.o
    0x0002109c   0x00000020   Code   RO         2502    i.ble_ancs_c_request_attrs  ble_ancs_c.o
    0x000210bc   0x00000094   Code   RO         2503    i.ble_ancs_get_notif_attrs  ble_ancs_c.o
    0x00021150   0x00000014   Code   RO         2504    i.ble_ancs_verify_notification_format  ble_ancs_c.o
    0x00021164   0x00000058   Code   RO          712    i.ble_conn_params_init  ble_conn_params.o
    0x000211bc   0x00000084   Code   RO          713    i.ble_conn_params_on_ble_evt  ble_conn_params.o
    0x00021240   0x00000010   Code   RO          782    i.ble_conn_state_conn_handles  ble_conn_state.o
    0x00021250   0x00000010   Code   RO          783    i.ble_conn_state_encrypted  ble_conn_state.o
    0x00021260   0x00000010   Code   RO          785    i.ble_conn_state_mitm_protected  ble_conn_state.o
    0x00021270   0x0000010c   Code   RO          789    i.ble_conn_state_on_ble_evt  ble_conn_state.o
    0x0002137c   0x00000030   Code   RO          791    i.ble_conn_state_role  ble_conn_state.o
    0x000213ac   0x00000030   Code   RO          792    i.ble_conn_state_status  ble_conn_state.o
    0x000213dc   0x0000002c   Code   RO          793    i.ble_conn_state_user_flag_acquire  ble_conn_state.o
    0x00021408   0x00000018   Code   RO          794    i.ble_conn_state_user_flag_collection  ble_conn_state.o
    0x00021420   0x00000028   Code   RO          795    i.ble_conn_state_user_flag_get  ble_conn_state.o
    0x00021448   0x0000002c   Code   RO          796    i.ble_conn_state_user_flag_set  ble_conn_state.o
    0x00021474   0x00000040   Code   RO          914    i.ble_db_discovery_evt_register  ble_db_discovery.o
    0x000214b4   0x0000001c   Code   RO          915    i.ble_db_discovery_init  ble_db_discovery.o
    0x000214d0   0x0000004c   Code   RO          916    i.ble_db_discovery_on_ble_evt  ble_db_discovery.o
    0x0002151c   0x00000068   Code   RO          917    i.ble_db_discovery_start  ble_db_discovery.o
    0x00021584   0x00000060   Code   RO          552    i.ble_device_addr_encode  ble_advdata.o
    0x000215e4   0x00000040   Code   RO            8    i.ble_evt_dispatch  main.o
    0x00021624   0x00000008   Code   RO         1023    i.ble_srv_is_notification_enabled  ble_srv_common.o
    0x0002162c   0x00000074   Code   RO            9    i.ble_stack_init    main.o
    0x000216a0   0x0000004c   Code   RO          508    i.bsp_btn_ble_init  bsp_btn_ble.o
    0x000216ec   0x00000070   Code   RO          509    i.bsp_btn_ble_on_ble_evt  bsp_btn_ble.o
    0x0002175c   0x00000012   Code   RO          510    i.bsp_btn_ble_sleep_mode_prepare  bsp_btn_ble.o
    0x0002176e   0x00000002   PAD
    0x00021770   0x000000a8   Code   RO          388    i.bsp_button_event_handler  bsp.o
    0x00021818   0x0000002c   Code   RO          389    i.bsp_button_is_pressed  bsp.o
    0x00021844   0x0000005c   Code   RO           10    i.bsp_event_handler  main.o
    0x000218a0   0x00000044   Code   RO          393    i.bsp_event_to_button_action_assign  bsp.o
    0x000218e4   0x00000018   Code   RO          394    i.bsp_indication_set  bsp.o
    0x000218fc   0x000000a4   Code   RO          396    i.bsp_init          bsp.o
    0x000219a0   0x00000224   Code   RO          397    i.bsp_led_indication  bsp.o
    0x00021bc4   0x0000003c   Code   RO          398    i.bsp_wakeup_buttons_set  bsp.o
    0x00021c00   0x00000012   Code   RO         4335    i.buf_len_update    nrf_log_backend_serial.o
    0x00021c12   0x00000002   PAD
    0x00021c14   0x00000064   Code   RO         4426    i.buf_prealloc      nrf_log_frontend.o
    0x00021c78   0x00000014   Code   RO         4427    i.buffer_is_empty   nrf_log_frontend.o
    0x00021c8c   0x00000008   Code   RO          400    i.button_timer_handler  bsp.o
    0x00021c94   0x00000044   Code   RO         2505    i.cccd_configure    ble_ancs_c.o
    0x00021cd8   0x0000001c   Code   RO         2819    i.channel_free      nrf_drv_gpiote.o
    0x00021cf4   0x00000048   Code   RO         2820    i.channel_port_alloc  nrf_drv_gpiote.o
    0x00021d3c   0x00000010   Code   RO         2821    i.channel_port_get  nrf_drv_gpiote.o
    0x00021d4c   0x00000042   Code   RO          918    i.characteristics_discover  ble_db_discovery.o
    0x00021d8e   0x00000002   PAD
    0x00021d90   0x00000020   Code   RO         4147    i.check_config      fstorage.o
    0x00021db0   0x00000018   Code   RO         3841    i.chunk_queue_next  fds.o
    0x00021dc8   0x00000038   Code   RO         1810    i.claim             peer_id.o
    0x00021e00   0x00000028   Code   RO         2627    i.clock_clk_started_notify  nrf_drv_clock.o
    0x00021e28   0x000000ac   Code   RO         3530    i.compare_reg_update  app_timer.o
    0x00021ed4   0x00000088   Code   RO          553    i.conn_int_encode   ble_advdata.o
    0x00021f5c   0x00000004   Code   RO           11    i.conn_params_error_handler  main.o
    0x00021f60   0x0000005c   Code   RO          715    i.conn_params_negotiation  ble_conn_params.o
    0x00021fbc   0x00000070   Code   RO         4428    i.cont_buf_prealloc  nrf_log_frontend.o
    0x0002202c   0x0000000c   Code   RO           12    i.db_disc_handler   main.o
    0x00022038   0x0000009c   Code   RO         3842    i.delete_execute    fds.o
    0x000220d4   0x0000008c   Code   RO          919    i.descriptors_discover  ble_db_discovery.o
    0x00022160   0x00000060   Code   RO         3267    i.detection_delay_timeout_handler  app_button.o
    0x000221c0   0x000000a4   Code   RO          920    i.discovery_complete_evt_trigger  ble_db_discovery.o
    0x00022264   0x00000034   Code   RO          921    i.discovery_error_evt_trigger  ble_db_discovery.o
    0x00022298   0x00000040   Code   RO         3531    i.elapsed_ticks_acquire  app_timer.o
    0x000222d8   0x00000030   Code   RO         2251    i.encryption_failure  security_dispatcher.o
    0x00022308   0x0000006a   Code   RO         3843    i.event_prepare     fds.o
    0x00022372   0x00000002   PAD
    0x00022374   0x00000020   Code   RO         3844    i.event_send        fds.o
    0x00022394   0x00000034   Code   RO         2365    i.events_send_from_err_code  security_manager.o
    0x000223c8   0x0000000c   Code   RO         1080    i.evt_send          gatt_cache_manager.o
    0x000223d4   0x0000001c   Code   RO         1279    i.evt_send          id_manager.o
    0x000223f0   0x0000002c   Code   RO         1900    i.evt_send          peer_manager.o
    0x0002241c   0x0000001c   Code   RO         2252    i.evt_send          security_dispatcher.o
    0x00022438   0x0000000c   Code   RO         2366    i.evt_send          security_manager.o
    0x00022444   0x000000f8   Code   RO         1503    i.fds_evt_handler   peer_data_storage.o
    0x0002253c   0x0000004c   Code   RO         3846    i.fds_file_delete   fds.o
    0x00022588   0x00000044   Code   RO         3847    i.fds_gc            fds.o
    0x000225cc   0x0000008c   Code   RO         3848    i.fds_init          fds.o
    0x00022658   0x0000003c   Code   RO         3849    i.fds_record_close  fds.o
    0x00022694   0x0000000e   Code   RO         3851    i.fds_record_find   fds.o
    0x000226a2   0x00000010   Code   RO         3852    i.fds_record_find_by_key  fds.o
    0x000226b2   0x00000010   Code   RO         3853    i.fds_record_find_in_file  fds.o
    0x000226c2   0x00000010   Code   RO         3854    i.fds_record_id_from_desc  fds.o
    0x000226d2   0x00000002   PAD
    0x000226d4   0x00000040   Code   RO         3856    i.fds_record_open   fds.o
    0x00022714   0x0000000e   Code   RO         3857    i.fds_record_update  fds.o
    0x00022722   0x00000008   Code   RO         3858    i.fds_record_write  fds.o
    0x0002272a   0x0000000c   Code   RO         3859    i.fds_record_write_reserved  fds.o
    0x00022736   0x00000002   PAD
    0x00022738   0x00000024   Code   RO         3860    i.fds_register      fds.o
    0x0002275c   0x00000034   Code   RO         3861    i.fds_reserve       fds.o
    0x00022790   0x00000044   Code   RO         3862    i.fds_reserve_cancel  fds.o
    0x000227d4   0x00000014   Code   RO         1504    i.file_id_within_pm_range  peer_data_storage.o
    0x000227e8   0x00000010   Code   RO         3864    i.flag_clear        fds.o
    0x000227f8   0x00000012   Code   RO         2253    i.flag_id_init      security_dispatcher.o
    0x0002280a   0x00000012   Code   RO         2367    i.flag_id_init      security_manager.o
    0x0002281c   0x00000010   Code   RO         3865    i.flag_set          fds.o
    0x0002282c   0x00000058   Code   RO         2368    i.flags_set_from_err_code  security_manager.o
    0x00022884   0x00000074   Code   RO         4148    i.fs_erase          fstorage.o
    0x000228f8   0x00000006   Code   RO         3866    i.fs_event_handler  fds.o
    0x000228fe   0x00000002   PAD
    0x00022900   0x000000b0   Code   RO         4150    i.fs_init           fstorage.o
    0x000229b0   0x00000014   Code   RO         4151    i.fs_queued_op_count_get  fstorage.o
    0x000229c4   0x00000080   Code   RO         4152    i.fs_store          fstorage.o
    0x00022a44   0x00000068   Code   RO         4153    i.fs_sys_event_handler  fstorage.o
    0x00022aac   0x00000070   Code   RO         3867    i.gc_execute        fds.o
    0x00022b1c   0x00000048   Code   RO         3868    i.gc_next_page      fds.o
    0x00022b64   0x0000004c   Code   RO         3869    i.gc_page_erase     fds.o
    0x00022bb0   0x00000034   Code   RO         3870    i.gc_record_copy    fds.o
    0x00022be4   0x00000024   Code   RO         3871    i.gc_record_find_next  fds.o
    0x00022c08   0x00000080   Code   RO         3872    i.gc_state_advance  fds.o
    0x00022c88   0x000000ec   Code   RO         1081    i.gcm_ble_evt_handler  gatt_cache_manager.o
    0x00022d74   0x0000006c   Code   RO         1082    i.gcm_gscm_evt_handler  gatt_cache_manager.o
    0x00022de0   0x00000030   Code   RO         1083    i.gcm_im_evt_handler  gatt_cache_manager.o
    0x00022e10   0x00000048   Code   RO         1084    i.gcm_init          gatt_cache_manager.o
    0x00022e58   0x00000054   Code   RO         1085    i.gcm_local_database_has_changed  gatt_cache_manager.o
    0x00022eac   0x0000000e   Code   RO         1088    i.gcm_smd_evt_handler  gatt_cache_manager.o
    0x00022eba   0x00000002   PAD
    0x00022ebc   0x00000038   Code   RO         1280    i.get_connection_by_conn_handle  id_manager.o
    0x00022ef4   0x00000030   Code   RO         1281    i.get_free_connection  id_manager.o
    0x00022f24   0x00000058   Code   RO         3268    i.gpiote_event_handler  app_button.o
    0x00022f7c   0x0000001c   Code   RO         1192    i.gscm_db_change_notification_done  gatts_cache_manager.o
    0x00022f98   0x00000014   Code   RO         1193    i.gscm_init         gatts_cache_manager.o
    0x00022fac   0x0000001c   Code   RO         1194    i.gscm_local_database_has_changed  gatts_cache_manager.o
    0x00022fc8   0x0000006a   Code   RO         1195    i.gscm_local_db_cache_apply  gatts_cache_manager.o
    0x00023032   0x00000080   Code   RO         1197    i.gscm_local_db_cache_update  gatts_cache_manager.o
    0x000230b2   0x00000002   PAD
    0x000230b4   0x00000054   Code   RO         1198    i.gscm_pdb_evt_handler  gatts_cache_manager.o
    0x00023108   0x0000001a   Code   RO         1199    i.gscm_service_changed_ind_needed  gatts_cache_manager.o
    0x00023122   0x00000002   PAD
    0x00023124   0x0000002c   Code   RO         1200    i.gscm_service_changed_ind_send  gatts_cache_manager.o
    0x00023150   0x00000016   Code   RO         3873    i.header_is_valid   fds.o
    0x00023166   0x00000046   Code   RO         1282    i.im_address_resolve  id_manager.o
    0x000231ac   0x00000030   Code   RO         1283    i.im_ble_addr_get   id_manager.o
    0x000231dc   0x000000ae   Code   RO         1284    i.im_ble_evt_handler  id_manager.o
    0x0002328a   0x00000002   PAD
    0x0002328c   0x0000002c   Code   RO         1285    i.im_conn_handle_get  id_manager.o
    0x000232b8   0x000000a6   Code   RO         1286    i.im_device_identities_list_set  id_manager.o
    0x0002335e   0x00000002   PAD
    0x00023360   0x00000040   Code   RO         1289    i.im_init           id_manager.o
    0x000233a0   0x00000034   Code   RO         1290    i.im_is_duplicate_bonding_data  id_manager.o
    0x000233d4   0x00000018   Code   RO         1291    i.im_master_id_is_valid  id_manager.o
    0x000233ec   0x0000002a   Code   RO         1292    i.im_master_ids_compare  id_manager.o
    0x00023416   0x00000004   Code   RO         1293    i.im_new_peer_id    id_manager.o
    0x0002341a   0x00000072   Code   RO         1294    i.im_pdb_evt_handler  id_manager.o
    0x0002348c   0x00000026   Code   RO         1295    i.im_peer_free      id_manager.o
    0x000234b2   0x00000002   PAD
    0x000234b4   0x00000020   Code   RO         1296    i.im_peer_id_get_by_conn_handle  id_manager.o
    0x000234d4   0x0000003c   Code   RO         1297    i.im_peer_id_get_by_master_id  id_manager.o
    0x00023510   0x00000038   Code   RO         1300    i.im_whitelist_get  id_manager.o
    0x00023548   0x00000074   Code   RO         1301    i.im_whitelist_set  id_manager.o
    0x000235bc   0x000000c0   Code   RO         3874    i.init_execute      fds.o
    0x0002367c   0x00000078   Code   RO         4704    i.intern_softdevice_events_execute  softdevice_handler.o
    0x000236f4   0x00000078   Code   RO         3049    i.interrupts_enable  nrf_drv_uart.o
    0x0002376c   0x0000001c   Code   RO          716    i.is_conn_params_ok  ble_conn_params.o
    0x00023788   0x0000004a   Code   RO          922    i.is_desc_discovery_reqd  ble_db_discovery.o
    0x000237d2   0x00000014   Code   RO         1302    i.is_valid_irk      id_manager.o
    0x000237e6   0x0000000c   Code   RO         3875    i.is_word_aligned   fds.o
    0x000237f2   0x00000002   PAD
    0x000237f4   0x00000014   Code   RO          401    i.leds_timer_handler  bsp.o
    0x00023808   0x00000098   Code   RO         2369    i.link_secure       security_manager.o
    0x000238a0   0x00000086   Code   RO         2254    i.link_secure_central  security_dispatcher.o
    0x00023926   0x000000c8   Code   RO         2255    i.link_secure_central_existing_peer  security_dispatcher.o
    0x000239ee   0x0000006c   Code   RO         2256    i.link_secure_central_new_peer  security_dispatcher.o
    0x00023a5a   0x00000002   PAD
    0x00023a5c   0x00000058   Code   RO         2257    i.link_secure_failure  security_dispatcher.o
    0x00023ab4   0x0000005c   Code   RO         2370    i.link_secure_pending_process  security_manager.o
    0x00023b10   0x000000a8   Code   RO         3532    i.list_deletions_handler  app_timer.o
    0x00023bb8   0x000000b8   Code   RO         3533    i.list_insertions_handler  app_timer.o
    0x00023c70   0x00000074   Code   RO         1089    i.local_db_apply_in_evt  gatt_cache_manager.o
    0x00023ce4   0x00000078   Code   RO         1090    i.local_db_update_in_evt  gatt_cache_manager.o
    0x00023d5c   0x00000032   Code   RO         2197    i.lock_by_mask      pm_mutex.o
    0x00023d8e   0x00000002   PAD
    0x00023d90   0x000001a0   Code   RO           13    i.main              main.o
    0x00023f30   0x00000064   Code   RO          554    i.manuf_specific_data_encode  ble_advdata.o
    0x00023f94   0x0000009c   Code   RO          555    i.name_encode       ble_advdata.o
    0x00024030   0x00000058   Code   RO         1303    i.new_connection    id_manager.o
    0x00024088   0x00000030   Code   RO         1811    i.next_id_get       peer_id.o
    0x000240b8   0x000001a0   Code   RO           14    i.notif_print       main.o
    0x00024258   0x0000000e   Code   RO         2631    i.nrf_clock_event_check  nrf_drv_clock.o
    0x00024266   0x00000010   Code   RO         2632    i.nrf_clock_event_clear  nrf_drv_clock.o
    0x00024276   0x00000002   PAD
    0x00024278   0x0000008c   Code   RO           15    i.nrf_delay_us      main.o
    0x00024304   0x0000008c   Code   RO         3534    i.nrf_delay_us      app_timer.o
    0x00024390   0x00000038   Code   RO         2639    i.nrf_drv_clock_init  nrf_drv_clock.o
    0x000243c8   0x00000030   Code   RO         2645    i.nrf_drv_clock_on_sd_enable  nrf_drv_clock.o
    0x000243f8   0x0000000a   Code   RO         2646    i.nrf_drv_clock_on_soc_event  nrf_drv_clock.o
    0x00024402   0x00000016   Code   RO         3050    i.nrf_drv_common_irq_disable  nrf_drv_uart.o
    0x00024418   0x00000038   Code   RO         2787    i.nrf_drv_common_irq_enable  nrf_drv_common.o
    0x00024450   0x00000006   Code   RO         3051    i.nrf_drv_get_IRQn  nrf_drv_uart.o
    0x00024456   0x00000002   PAD
    0x00024458   0x000000a4   Code   RO         2826    i.nrf_drv_gpiote_in_event_enable  nrf_drv_gpiote.o
    0x000244fc   0x000000b8   Code   RO         2827    i.nrf_drv_gpiote_in_init  nrf_drv_gpiote.o
    0x000245b4   0x00000014   Code   RO         2828    i.nrf_drv_gpiote_in_is_set  nrf_drv_gpiote.o
    0x000245c8   0x0000005c   Code   RO         2830    i.nrf_drv_gpiote_init  nrf_drv_gpiote.o
    0x00024624   0x00000014   Code   RO         2831    i.nrf_drv_gpiote_is_init  nrf_drv_gpiote.o
    0x00024638   0x00000068   Code   RO         3053    i.nrf_drv_uart_init  nrf_drv_uart.o
    0x000246a0   0x00000108   Code   RO         3060    i.nrf_drv_uart_tx   nrf_drv_uart.o
    0x000247a8   0x00000018   Code   RO         3062    i.nrf_drv_uart_tx_in_progress  nrf_drv_uart.o
    0x000247c0   0x00000054   Code   RO         3063    i.nrf_drv_uart_uninit  nrf_drv_uart.o
    0x00024814   0x00000022   Code   RO         2845    i.nrf_gpio_cfg      nrf_drv_gpiote.o
    0x00024836   0x00000022   Code   RO         3064    i.nrf_gpio_cfg      nrf_drv_uart.o
    0x00024858   0x00000012   Code   RO         3065    i.nrf_gpio_cfg_default  nrf_drv_uart.o
    0x0002486a   0x00000012   Code   RO         3066    i.nrf_gpio_cfg_input  nrf_drv_uart.o
    0x0002487c   0x00000014   Code   RO         3067    i.nrf_gpio_cfg_output  nrf_drv_uart.o
    0x00024890   0x0000001c   Code   RO         2847    i.nrf_gpio_cfg_sense_set  nrf_drv_gpiote.o
    0x000248ac   0x00000014   Code   RO         2848    i.nrf_gpiote_event_clear  nrf_drv_gpiote.o
    0x000248c0   0x00000010   Code   RO         2849    i.nrf_gpiote_event_is_set  nrf_drv_gpiote.o
    0x000248d0   0x00000008   Code   RO         4337    i.nrf_log_backend_hexdump_handler_get  nrf_log_backend_serial.o
    0x000248d8   0x00000070   Code   RO         4338    i.nrf_log_backend_init  nrf_log_backend_serial.o
    0x00024948   0x0000011c   Code   RO         4339    i.nrf_log_backend_serial_hexdump_handler  nrf_log_backend_serial.o
    0x00024a64   0x000000f6   Code   RO         4340    i.nrf_log_backend_serial_std_handler  nrf_log_backend_serial.o
    0x00024b5a   0x00000002   PAD
    0x00024b5c   0x00000008   Code   RO         4341    i.nrf_log_backend_std_handler_get  nrf_log_backend_serial.o
    0x00024b64   0x00000006   Code   RO         4429    i.nrf_log_blocking_backend_set  nrf_log_frontend.o
    0x00024b6a   0x00000002   PAD
    0x00024b6c   0x00000130   Code   RO         4430    i.nrf_log_frontend_dequeue  nrf_log_frontend.o
    0x00024c9c   0x00000014   Code   RO         4432    i.nrf_log_frontend_init  nrf_log_frontend.o
    0x00024cb0   0x0000004c   Code   RO         4433    i.nrf_log_frontend_std_0  nrf_log_frontend.o
    0x00024cfc   0x0000005c   Code   RO         4434    i.nrf_log_frontend_std_1  nrf_log_frontend.o
    0x00024d58   0x0000006c   Code   RO         4435    i.nrf_log_frontend_std_2  nrf_log_frontend.o
    0x00024dc4   0x00000010   Code   RO         4441    i.nrf_log_handlers_set  nrf_log_frontend.o
    0x00024dd4   0x00000024   Code   RO         4442    i.nrf_log_init      nrf_log_frontend.o
    0x00024df8   0x0000005c   Code   RO         4443    i.nrf_log_push      nrf_log_frontend.o
    0x00024e54   0x0000000a   Code   RO         3068    i.nrf_uart_event_check  nrf_drv_uart.o
    0x00024e5e   0x0000000c   Code   RO         3069    i.nrf_uart_event_clear  nrf_drv_uart.o
    0x00024e6a   0x0000000c   Code   RO         3070    i.nrf_uart_int_enable_check  nrf_drv_uart.o
    0x00024e76   0x0000000a   Code   RO         3071    i.nrf_uarte_event_check  nrf_drv_uart.o
    0x00024e80   0x0000000c   Code   RO         3072    i.nrf_uarte_event_clear  nrf_drv_uart.o
    0x00024e8c   0x000000e8   Code   RO           16    i.on_adv_evt        main.o
    0x00024f74   0x000000cc   Code   RO           17    i.on_ancs_c_evt     main.o
    0x00025040   0x00000100   Code   RO           18    i.on_ble_evt        main.o
    0x00025140   0x0000011c   Code   RO          923    i.on_characteristic_discovery_rsp  ble_db_discovery.o
    0x0002525c   0x000000d8   Code   RO          924    i.on_descriptor_discovery_rsp  ble_db_discovery.o
    0x00025334   0x00000054   Code   RO         4154    i.on_operation_success  fstorage.o
    0x00025388   0x000000dc   Code   RO          925    i.on_primary_srv_discovery_rsp  ble_db_discovery.o
    0x00025464   0x00000094   Code   RO          926    i.on_srv_disc_completion  ble_db_discovery.o
    0x000254f8   0x00000080   Code   RO         3876    i.op_enqueue        fds.o
    0x00025578   0x00000012   Code   RO         3877    i.page_offsets_update  fds.o
    0x0002558a   0x00000002   PAD
    0x0002558c   0x00000064   Code   RO         3878    i.page_scan         fds.o
    0x000255f0   0x0000001c   Code   RO         3879    i.page_tag_write_data  fds.o
    0x0002560c   0x00000024   Code   RO         3880    i.page_tag_write_swap  fds.o
    0x00025630   0x000000f8   Code   RO         3881    i.pages_init        fds.o
    0x00025728   0x0000006c   Code   RO         2258    i.pairing_failure   security_dispatcher.o
    0x00025794   0x0000003c   Code   RO         2371    i.params_reply_pending_process  security_manager.o
    0x000257d0   0x0000013c   Code   RO         2506    i.parse_get_notif_attrs_response  ble_ancs_c.o
    0x0002590c   0x00000090   Code   RO         2507    i.parse_notif       ble_ancs_c.o
    0x0002599c   0x0000001c   Code   RO         1647    i.pdb_evt_send      peer_database.o
    0x000259b8   0x00000050   Code   RO         1648    i.pdb_init          peer_database.o
    0x00025a08   0x00000004   Code   RO         1650    i.pdb_next_deleted_peer_id_get  peer_database.o
    0x00025a0c   0x00000004   Code   RO         1651    i.pdb_next_peer_id_get  peer_database.o
    0x00025a10   0x00000130   Code   RO         1652    i.pdb_pds_evt_handler  peer_database.o
    0x00025b40   0x00000004   Code   RO         1653    i.pdb_peer_allocate  peer_database.o
    0x00025b44   0x00000010   Code   RO         1654    i.pdb_peer_data_load  peer_database.o
    0x00025b54   0x00000006   Code   RO         1655    i.pdb_peer_data_ptr_get  peer_database.o
    0x00025b5a   0x00000044   Code   RO         1656    i.pdb_peer_free     peer_database.o
    0x00025b9e   0x00000008   Code   RO         1657    i.pdb_raw_store     peer_database.o
    0x00025ba6   0x00000002   PAD
    0x00025ba8   0x00000108   Code   RO         1658    i.pdb_write_buf_get  peer_database.o
    0x00025cb0   0x00000028   Code   RO         1659    i.pdb_write_buf_release  peer_database.o
    0x00025cd8   0x000000c4   Code   RO         1660    i.pdb_write_buf_store  peer_database.o
    0x00025d9c   0x00000068   Code   RO         1661    i.pdb_write_buf_store_prepare  peer_database.o
    0x00025e04   0x0000000c   Code   RO         1505    i.pds_evt_send      peer_data_storage.o
    0x00025e10   0x0000006c   Code   RO         1506    i.pds_init          peer_data_storage.o
    0x00025e7c   0x00000004   Code   RO         1507    i.pds_next_deleted_peer_id_get  peer_data_storage.o
    0x00025e80   0x00000004   Code   RO         1508    i.pds_next_peer_id_get  peer_data_storage.o
    0x00025e84   0x00000050   Code   RO         1511    i.pds_peer_data_iterate  peer_data_storage.o
    0x00025ed4   0x00000010   Code   RO         1512    i.pds_peer_data_iterate_prepare  peer_data_storage.o
    0x00025ee4   0x00000068   Code   RO         1513    i.pds_peer_data_read  peer_data_storage.o
    0x00025f4c   0x000000a0   Code   RO         1514    i.pds_peer_data_store  peer_data_storage.o
    0x00025fec   0x00000008   Code   RO         1515    i.pds_peer_id_allocate  peer_data_storage.o
    0x00025ff4   0x00000016   Code   RO         1516    i.pds_peer_id_free  peer_data_storage.o
    0x0002600a   0x00000004   Code   RO         1517    i.pds_peer_id_is_allocated  peer_data_storage.o
    0x0002600e   0x0000002e   Code   RO         1518    i.pds_space_reserve  peer_data_storage.o
    0x0002603c   0x00000010   Code   RO         1519    i.pds_space_reserve_cancel  peer_data_storage.o
    0x0002604c   0x00000006   Code   RO         1662    i.peer_data_const_point_to_buffer  peer_database.o
    0x00026052   0x00000002   PAD
    0x00026054   0x00000080   Code   RO         1520    i.peer_data_delete  peer_data_storage.o
    0x000260d4   0x00000030   Code   RO         1521    i.peer_data_find    peer_data_storage.o
    0x00026104   0x00000020   Code   RO         1522    i.peer_data_id_is_valid  peer_data_storage.o
    0x00026124   0x0000001a   Code   RO         1663    i.peer_data_point_to_buffer  peer_database.o
    0x0002613e   0x00000002   PAD
    0x00026140   0x0000000c   Code   RO         1812    i.peer_id_allocate  peer_id.o
    0x0002614c   0x00000024   Code   RO         1813    i.peer_id_delete    peer_id.o
    0x00026170   0x0000001c   Code   RO         1814    i.peer_id_free      peer_id.o
    0x0002618c   0x0000000c   Code   RO         1815    i.peer_id_get_next_deleted  peer_id.o
    0x00026198   0x00000030   Code   RO         1816    i.peer_id_get_next_used  peer_id.o
    0x000261c8   0x00000028   Code   RO         1817    i.peer_id_init      peer_id.o
    0x000261f0   0x00000014   Code   RO         1818    i.peer_id_is_allocated  peer_id.o
    0x00026204   0x00000014   Code   RO         1819    i.peer_id_is_deleted  peer_id.o
    0x00026218   0x0000001c   Code   RO         1304    i.peer_id_set       id_manager.o
    0x00026234   0x0000007c   Code   RO           19    i.peer_manager_init  main.o
    0x000262b0   0x000000c0   Code   RO         1305    i.peers_id_keys_get  id_manager.o
    0x00026370   0x00000018   Code   RO         2850    i.pin_in_use_by_port  nrf_drv_gpiote.o
    0x00026388   0x00000018   Code   RO         2851    i.pin_in_use_by_te  nrf_drv_gpiote.o
    0x000263a0   0x00000052   Code   RO         3073    i.pins_to_default   nrf_drv_uart.o
    0x000263f2   0x0000005c   Code   RO         2164    i.pm_buffer_block_acquire  pm_buffer.o
    0x0002644e   0x00000040   Code   RO         2165    i.pm_buffer_init    pm_buffer.o
    0x0002648e   0x00000028   Code   RO         2166    i.pm_buffer_ptr_get  pm_buffer.o
    0x000264b6   0x0000002e   Code   RO         2167    i.pm_buffer_release  pm_buffer.o
    0x000264e4   0x00000004   Code   RO         1902    i.pm_conn_sec_config_reply  peer_manager.o
    0x000264e8   0x0000006c   Code   RO         1903    i.pm_conn_sec_status_get  peer_manager.o
    0x00026554   0x00000014   Code   RO         1904    i.pm_conn_secure    peer_manager.o
    0x00026568   0x00000014   Code   RO         1905    i.pm_device_identities_list_set  peer_manager.o
    0x0002657c   0x000000d0   Code   RO           20    i.pm_evt_handler    main.o
    0x0002664c   0x00000088   Code   RO         1906    i.pm_gcm_evt_handler  peer_manager.o
    0x000266d4   0x00000050   Code   RO         1909    i.pm_im_evt_handler  peer_manager.o
    0x00026724   0x00000064   Code   RO         1910    i.pm_init           peer_manager.o
    0x00026788   0x00000014   Code   RO         1912    i.pm_local_database_has_changed  peer_manager.o
    0x0002679c   0x0000000e   Code   RO         2198    i.pm_mutex_init     pm_mutex.o
    0x000267aa   0x0000001a   Code   RO         2199    i.pm_mutex_lock     pm_mutex.o
    0x000267c4   0x00000036   Code   RO         2200    i.pm_mutex_lock_first_available  pm_mutex.o
    0x000267fa   0x00000018   Code   RO         2201    i.pm_mutex_lock_status_get  pm_mutex.o
    0x00026812   0x0000003a   Code   RO         2202    i.pm_mutex_unlock   pm_mutex.o
    0x0002684c   0x00000014   Code   RO         1913    i.pm_next_peer_id_get  peer_manager.o
    0x00026860   0x00000028   Code   RO         1914    i.pm_on_ble_evt     peer_manager.o
    0x00026888   0x00000158   Code   RO         1915    i.pm_pdb_evt_handler  peer_manager.o
    0x000269e0   0x00000014   Code   RO         1926    i.pm_peer_delete    peer_manager.o
    0x000269f4   0x000000c0   Code   RO         1929    i.pm_peer_rank_highest  peer_manager.o
    0x00026ab4   0x000000b8   Code   RO         1930    i.pm_peer_ranks_get  peer_manager.o
    0x00026b6c   0x00000038   Code   RO         1931    i.pm_peers_delete   peer_manager.o
    0x00026ba4   0x0000002c   Code   RO         1934    i.pm_register       peer_manager.o
    0x00026bd0   0x00000014   Code   RO         1936    i.pm_sec_params_set  peer_manager.o
    0x00026be4   0x00000160   Code   RO         1937    i.pm_sm_evt_handler  peer_manager.o
    0x00026d44   0x0000002c   Code   RO         1938    i.pm_whitelist_get  peer_manager.o
    0x00026d70   0x00000014   Code   RO         1939    i.pm_whitelist_set  peer_manager.o
    0x00026d84   0x0000002c   Code   RO         4155    i.queue_advance     fstorage.o
    0x00026db0   0x00000038   Code   RO         4156    i.queue_get_next_free  fstorage.o
    0x00026de8   0x000000bc   Code   RO         3882    i.queue_process     fds.o
    0x00026ea4   0x00000070   Code   RO         4157    i.queue_process     fstorage.o
    0x00026f14   0x00000020   Code   RO         3883    i.queue_start       fds.o
    0x00026f34   0x0000001c   Code   RO         4158    i.queue_start       fstorage.o
    0x00026f50   0x00000010   Code   RO         4705    i.ram_end_address_get  softdevice_handler.o
    0x00026f60   0x00000088   Code   RO         3884    i.record_find       fds.o
    0x00026fe8   0x0000009c   Code   RO         3885    i.record_find_by_desc  fds.o
    0x00027084   0x0000004c   Code   RO         3886    i.record_find_next  fds.o
    0x000270d0   0x00000024   Code   RO         3887    i.record_header_flag_dirty  fds.o
    0x000270f4   0x00000014   Code   RO         1523    i.record_key_within_pm_range  peer_data_storage.o
    0x00027108   0x0000005c   Code   RO         3888    i.record_write_chunk  fds.o
    0x00027164   0x00000038   Code   RO          927    i.registered_handler_get  ble_db_discovery.o
    0x0002719c   0x00000010   Code   RO         1821    i.release           peer_id.o
    0x000271ac   0x0000003c   Code   RO         3535    i.rtc1_stop         app_timer.o
    0x000271e8   0x00000032   Code   RO         3074    i.rx_byte           nrf_drv_uart.o
    0x0002721a   0x00000018   Code   RO         3075    i.rx_done_event     nrf_drv_uart.o
    0x00027232   0x00000002   PAD
    0x00027234   0x00000070   Code   RO         4707    i.sd_nvic_EnableIRQ  softdevice_handler.o
    0x000272a4   0x00000044   Code   RO         4276    i.sdk_mapped_flags_bulk_update_by_key  sdk_mapped_flags.o
    0x000272e8   0x00000022   Code   RO         4277    i.sdk_mapped_flags_first_key_index_get  sdk_mapped_flags.o
    0x0002730a   0x00000010   Code   RO         4278    i.sdk_mapped_flags_get_by_index  sdk_mapped_flags.o
    0x0002731a   0x00000026   Code   RO         4279    i.sdk_mapped_flags_get_by_key  sdk_mapped_flags.o
    0x00027340   0x0000004a   Code   RO         4280    i.sdk_mapped_flags_key_list_get  sdk_mapped_flags.o
    0x0002738a   0x0000000e   Code   RO         4282    i.sdk_mapped_flags_update_by_key  sdk_mapped_flags.o
    0x00027398   0x000000b2   Code   RO         2259    i.sec_info_request_process  security_dispatcher.o
    0x0002744a   0x00000076   Code   RO         2372    i.sec_params_verify  security_manager.o
    0x000274c0   0x00000054   Code   RO         2260    i.sec_proc_start    security_dispatcher.o
    0x00027514   0x00000038   Code   RO           21    i.sec_req_timeout_handler  main.o
    0x0002754c   0x00000020   Code   RO         2261    i.sec_start_send    security_dispatcher.o
    0x0002756c   0x0000004c   Code   RO         4159    i.send_event        fstorage.o
    0x000275b8   0x0000000c   Code   RO         4342    i.serial_is_busy    nrf_log_backend_serial.o
    0x000275c4   0x0000002c   Code   RO         4343    i.serial_tx         nrf_log_backend_serial.o
    0x000275f0   0x00000058   Code   RO         1091    i.service_changed_pending_flags_check  gatt_cache_manager.o
    0x00027648   0x00000044   Code   RO         1201    i.service_changed_pending_set  gatts_cache_manager.o
    0x0002768c   0x00000094   Code   RO         1092    i.service_changed_send_in_evt  gatt_cache_manager.o
    0x00027720   0x00000088   Code   RO          556    i.service_data_encode  ble_advdata.o
    0x000277a8   0x000000cc   Code   RO           22    i.services_init     main.o
    0x00027874   0x00000048   Code   RO          635    i.set_adv_mode_fast  ble_advertising.o
    0x000278bc   0x00000044   Code   RO          636    i.set_adv_mode_slow  ble_advertising.o
    0x00027900   0x00000028   Code   RO           23    i.sleep_mode_enter  main.o
    0x00027928   0x00000018   Code   RO         2373    i.sm_ble_evt_handler  security_manager.o
    0x00027940   0x00000018   Code   RO         2374    i.sm_conn_sec_config_reply  security_manager.o
    0x00027958   0x00000050   Code   RO         2375    i.sm_init           security_manager.o
    0x000279a8   0x0000000a   Code   RO         2377    i.sm_link_secure    security_manager.o
    0x000279b2   0x00000002   PAD
    0x000279b4   0x00000038   Code   RO         2378    i.sm_pdb_evt_handler  security_manager.o
    0x000279ec   0x0000002c   Code   RO         2380    i.sm_sec_params_set  security_manager.o
    0x00027a18   0x00000078   Code   RO         2381    i.sm_smd_evt_handler  security_manager.o
    0x00027a90   0x000000ec   Code   RO         2262    i.smd_ble_evt_handler  security_dispatcher.o
    0x00027b7c   0x0000003c   Code   RO         2263    i.smd_init          security_dispatcher.o
    0x00027bb8   0x00000030   Code   RO         2264    i.smd_link_secure   security_dispatcher.o
    0x00027be8   0x0000010c   Code   RO         2265    i.smd_params_reply  security_dispatcher.o
    0x00027cf4   0x00000088   Code   RO         2382    i.smd_params_reply_perform  security_manager.o
    0x00027d7c   0x00000034   Code   RO         2266    i.smd_pdb_evt_handler  security_dispatcher.o
    0x00027db0   0x00000014   Code   RO         4708    i.softdevice_ble_evt_handler_set  softdevice_handler.o
    0x00027dc4   0x000000dc   Code   RO         4709    i.softdevice_enable  softdevice_handler.o
    0x00027ea0   0x00000026   Code   RO         4710    i.softdevice_enable_get_default_config  softdevice_handler.o
    0x00027ec6   0x00000004   Code   RO         4711    i.softdevice_fault_handler  softdevice_handler.o
    0x00027eca   0x00000002   PAD
    0x00027ecc   0x00000064   Code   RO         4712    i.softdevice_handler_init  softdevice_handler.o
    0x00027f30   0x0000000c   Code   RO         4713    i.softdevice_handler_is_enabled  softdevice_handler.o
    0x00027f3c   0x00000014   Code   RO         4718    i.softdevice_sys_evt_handler_set  softdevice_handler.o
    0x00027f50   0x00000012   Code   RO           24    i.sys_evt_dispatch  main.o
    0x00027f62   0x00000002   PAD
    0x00027f64   0x0000008c   Code   RO         3536    i.timer_list_handler  app_timer.o
    0x00027ff0   0x0000003c   Code   RO         3537    i.timer_list_insert  app_timer.o
    0x0002802c   0x00000048   Code   RO         3538    i.timer_stop_op_schedule  app_timer.o
    0x00028074   0x00000084   Code   RO         3539    i.timer_timeouts_check  app_timer.o
    0x000280f8   0x00000030   Code   RO         4344    i.timestamp_process  nrf_log_backend_serial.o
    0x00028128   0x00000048   Code   RO         2508    i.tx_buffer_process  ble_ancs_c.o
    0x00028170   0x00000020   Code   RO         3077    i.tx_byte           nrf_drv_uart.o
    0x00028190   0x0000001c   Code   RO         3078    i.tx_done_event     nrf_drv_uart.o
    0x000281ac   0x00000010   Code   RO         4345    i.uart_event_handler  nrf_log_backend_serial.o
    0x000281bc   0x0000011e   Code   RO         3079    i.uart_irq_handler  nrf_drv_uart.o
    0x000282da   0x000000f0   Code   RO         3080    i.uarte_irq_handler  nrf_drv_uart.o
    0x000283ca   0x0000000a   Code   RO          557    i.uint16_encode     ble_advdata.o
    0x000283d4   0x00000060   Code   RO          717    i.update_timeout_handler  ble_conn_params.o
    0x00028434   0x00000018   Code   RO          798    i.user_flag_is_acquired  ble_conn_state.o
    0x0002844c   0x00000030   Code   RO         3540    i.user_op_alloc     app_timer.o
    0x0002847c   0x00000030   Code   RO          558    i.uuid_list_encode  ble_advdata.o
    0x000284ac   0x0000009e   Code   RO          559    i.uuid_list_sized_encode  ble_advdata.o
    0x0002854a   0x00000024   Code   RO         1664    i.write_buf_length_words_set  peer_database.o
    0x0002856e   0x00000024   Code   RO         1665    i.write_buffer_record_find  peer_database.o
    0x00028592   0x00000002   PAD
    0x00028594   0x0000002c   Code   RO         1666    i.write_buffer_record_find_next  peer_database.o
    0x000285c0   0x0000001e   Code   RO         1667    i.write_buffer_record_invalidate  peer_database.o
    0x000285de   0x00000002   PAD
    0x000285e0   0x0000002c   Code   RO         1668    i.write_buffer_record_release  peer_database.o
    0x0002860c   0x00000124   Code   RO         3889    i.write_enqueue     fds.o
    0x00028730   0x000000e8   Code   RO         3890    i.write_execute     fds.o
    0x00028818   0x00000014   Code   RO         3891    i.write_space_free  fds.o
    0x0002882c   0x00000054   Code   RO         3892    i.write_space_reserve  fds.o
    0x00028880   0x00000008   Data   RO           27    .constdata          main.o
    0x00028888   0x0000003c   Data   RO          406    .constdata          bsp.o
    0x000288c4   0x00000004   Data   RO          720    .constdata          ble_conn_params.o
    0x000288c8   0x00000004   Data   RO         1202    .constdata          gatts_cache_manager.o
    0x000288cc   0x00000010   Data   RO         1203    .constdata          gatts_cache_manager.o
    0x000288dc   0x00000004   Data   RO         1204    .constdata          gatts_cache_manager.o
    0x000288e0   0x00000008   Data   RO         1307    .constdata          id_manager.o
    0x000288e8   0x00000004   Data   RO         1524    .constdata          peer_data_storage.o
    0x000288ec   0x00000014   Data   RO         1670    .constdata          peer_database.o
    0x00028900   0x00000010   Data   RO         1941    .constdata          peer_manager.o
    0x00028910   0x00000044   Data   RO         2268    .constdata          security_dispatcher.o
    0x00028954   0x00000004   Data   RO         2383    .constdata          security_manager.o
    0x00028958   0x00000040   Data   RO         2510    .constdata          ble_ancs_c.o
    0x00028998   0x00000008   Data   RO         3270    .constdata          app_button.o
    0x000289a0   0x00000014   Data   RO         3894    .constdata          fds.o
    0x000289b4   0x00000020   Data   RO         4347    .constdata          nrf_log_backend_serial.o
    0x000289d4   0x00000024   Data   RO         4445    .constdata          nrf_log_frontend.o
    0x000289f8   0x0000012a   Data   RO           28    .conststring        main.o
    0x00028b22   0x00000002   PAD
    0x00028b24   0x0000012a   Data   RO          929    .conststring        ble_db_discovery.o
    0x00028c4e   0x00000002   PAD
    0x00028c50   0x000000e4   Data   RO         2511    .conststring        ble_ancs_c.o
    0x00028d34   0x0000000b   Data   RO         4446    .conststring        nrf_log_frontend.o
    0x00028d3f   0x00000001   PAD
    0x00028d40   0x00000045   Data   RO         4719    .conststring        softdevice_handler.o
    0x00028d85   0x00000003   PAD
    0x00028d88   0x00000020   Data   RO         5208    Region$$Table       anon$$obj.o


    Execution Region RW_IRAM1 (Base: 0x200021b8, Size: 0x00003728, Max: 0x0000de48, ABSOLUTE, COMPRESSED[0x00000074])

    Base Addr    Size         Type   Attr      Idx    E Section Name        Object

    0x200021b8   0x00000074   Data   RW           29    .data               main.o
    0x2000222c   0x00000018   Data   RW          407    .data               bsp.o
    0x20002244   0x00000008   Data   RW          511    .data               bsp_btn_ble.o
    0x2000224c   0x0000001f   Data   RW          638    .data               ble_advertising.o
    0x2000226b   0x00000001   PAD
    0x2000226c   0x00000014   Data   RW          721    .data               ble_conn_params.o
    0x20002280   0x00000010   Data   RW          930    .data               ble_db_discovery.o
    0x20002290   0x0000000c   Data   RW         1093    .data               gatt_cache_manager.o
    0x2000229c   0x0000000c   Data   RW         1205    .data               gatts_cache_manager.o
    0x200022a8   0x00000003   Data   RW         1308    .data               id_manager.o
    0x200022ab   0x00000001   PAD
    0x200022ac   0x0000000c   Data   RW         1525    .data               peer_data_storage.o
    0x200022b8   0x00000008   Data   RW         1671    .data               peer_database.o
    0x200022c0   0x00000010   Data   RW         1942    .data               peer_manager.o
    0x200022d0   0x00000004   Data   RW         2269    .data               security_dispatcher.o
    0x200022d4   0x00000015   Data   RW         2384    .data               security_manager.o
    0x200022e9   0x00000003   PAD
    0x200022ec   0x00000008   Data   RW         2512    .data               ble_ancs_c.o
    0x200022f4   0x00000014   Data   RW         3271    .data               app_button.o
    0x20002308   0x00000010   Data   RW         3470    .data               app_scheduler.o
    0x20002318   0x00000020   Data   RW         3541    .data               app_timer.o
    0x20002338   0x00000018   Data   RW         3895    .data               fds.o
    0x20002350   0x00000002   Data   RW         4161    .data               fstorage.o
    0x20002352   0x00000002   PAD
    0x20002354   0x0000000c   Data   RW         4348    .data               nrf_log_backend_serial.o
    0x20002360   0x00000004   Data   RW         4447    .data               nrf_log_frontend.o
    0x20002364   0x00000014   Data   RW         4720    .data               softdevice_handler.o
    0x20002378   0x00000004   Data   RW         4857    .data               system_nrf52.o
    0x2000237c   0x00000010   Data   RW         3896    fs_data             fds.o
    0x2000238c   0x00000020   Zero   RW           25    .bss                main.o
    0x200023ac   0x0000050c   Zero   RW           26    .bss                main.o
    0x200028b8   0x00000020   Zero   RW          402    .bss                bsp.o
    0x200028d8   0x00000020   Zero   RW          403    .bss                bsp.o
    0x200028f8   0x0000000c   Zero   RW          404    .bss                bsp.o
    0x20002904   0x00000020   Zero   RW          405    .bss                bsp.o
    0x20002924   0x000000af   Zero   RW          637    .bss                ble_advertising.o
    0x200029d3   0x00000001   PAD
    0x200029d4   0x00000020   Zero   RW          718    .bss                ble_conn_params.o
    0x200029f4   0x0000001c   Zero   RW          719    .bss                ble_conn_params.o
    0x20002a10   0x00000034   Zero   RW          799    .bss                ble_conn_state.o
    0x20002a44   0x000001f8   Zero   RW          928    .bss                ble_db_discovery.o
    0x20002c3c   0x00000070   Zero   RW         1306    .bss                id_manager.o
    0x20002cac   0x00000330   Zero   RW         1669    .bss                peer_database.o
    0x20002fdc   0x00000040   Zero   RW         1822    .bss                peer_id.o
    0x2000301c   0x0000000c   Zero   RW         1940    .bss                peer_manager.o
    0x20003028   0x00000040   Zero   RW         2267    .bss                security_dispatcher.o
    0x20003068   0x00000120   Zero   RW         2509    .bss                ble_ancs_c.o
    0x20003188   0x00000014   Zero   RW         2648    .bss                nrf_drv_clock.o
    0x2000319c   0x00000058   Zero   RW         2852    .bss                nrf_drv_gpiote.o
    0x200031f4   0x00000020   Zero   RW         3081    .bss                nrf_drv_uart.o
    0x20003214   0x00000020   Zero   RW         3269    .bss                app_button.o
    0x20003234   0x0000000c   Zero   RW         3778    .bss                app_util_platform.o
    0x20003240   0x0000011c   Zero   RW         3893    .bss                fds.o
    0x2000335c   0x00000068   Zero   RW         4160    .bss                fstorage.o
    0x200033c4   0x00000100   Zero   RW         4346    .bss                nrf_log_backend_serial.o
    0x200034c4   0x00000418   Zero   RW         4444    .bss                nrf_log_frontend.o
    0x200038dc   0x00000004   PAD
    0x200038e0   0x00002000   Zero   RW         4845    STACK               arm_startup_nrf52.o


==============================================================================

Image component sizes


      Code (inc. data)   RO Data    RW Data    ZI Data      Debug   Object Name

       332         34          8         20         32      10242   app_button.o
        22          0          0          0          0       2265   app_error.o
        80         34          0          0          0      27385   app_error_weak.o
       268         16          0         16          0       8859   app_scheduler.o
      1694        114          0         32          0      48887   app_timer.o
        48          6          0          0          0       2173   app_timer_appsh.o
         0          0          0          0          0       5740   app_uart_fifo.o
       124         14          0          0         12       9558   app_util_platform.o
        36          8       1024          0       8192        932   arm_startup_nrf52.o
      1330          0          0          0          0      19004   ble_advdata.o
      1012         76          0         31        175      11135   ble_advertising.o
      1916        452        292          8        288      25746   ble_ancs_c.o
       436         54          4         20         60       5948   ble_conn_params.o
       588         50          0          0         52      11053   ble_conn_state.o
      1692        176        298         16        504      16227   ble_db_discovery.o
         8          0          0          0          0       1478   ble_srv_common.o
      1136        108         60         24        108      10525   bsp.o
       260         10          0          8          0       4921   bsp_btn_ble.o
      3620        332         20         40        284      47642   fds.o
       976         74          0          2        104      13391   fstorage.o
      1046         52          0         12          0      16336   gatt_cache_manager.o
       532         36         24         12          0       9727   gatts_cache_manager.o
      1684         74          8          3        112      25839   id_manager.o
      2886        710        306        116       1324     151298   main.o
       272         24          0          0         20      37455   nrf_drv_clock.o
        56          0          0          0          0      28967   nrf_drv_common.o
      1074         94          0          0         88      25028   nrf_drv_gpiote.o
      1692         58          0          0         32      38636   nrf_drv_uart.o
       796         56         32         12        256      11379   nrf_log_backend_serial.o
       982         76         47          4       1048      14236   nrf_log_frontend.o
      1080         42          4         12          0      18000   peer_data_storage.o
      1348         66         20          8        816      24808   peer_database.o
       336         38          0          0         64       9279   peer_id.o
      1868        154         16         16         12      23305   peer_manager.o
       242          0          0          0          0       4503   pm_buffer.o
       226          0          0          0          0       5469   pm_mutex.o
       244          0          0          0          0       6428   sdk_mapped_flags.o
      1850         66         68          4         64      21316   security_dispatcher.o
      1086         74          4         21          0      18049   security_manager.o
       778        192         69         20          0      43072   softdevice_handler.o
       668         58          0          4          0       2771   system_nrf52.o

    ----------------------------------------------------------------------
     36396       3428       2344        468      13652     819012   Object Totals
         0          0         32          0          0          0   (incl. Generated)
        72          0          8          7          5          0   (incl. Padding)

    ----------------------------------------------------------------------

      Code (inc. data)   RO Data    RW Data    ZI Data      Debug   Library Member Name

        86          0          0          0          0          0   __dczerorl2.o
         0          0          0          0          0          0   entry.o
         0          0          0          0          0          0   entry10a.o
         0          0          0          0          0          0   entry11a.o
         8          4          0          0          0          0   entry2.o
         4          0          0          0          0          0   entry5.o
         0          0          0          0          0          0   entry7b.o
         0          0          0          0          0          0   entry8b.o
         8          4          0          0          0          0   entry9a.o
        30          0          0          0          0          0   handlers.o
        36          8          0          0          0         68   init.o
        30          0          0          0          0         68   llshl.o
        32          0          0          0          0         68   llushr.o
        26          0          0          0          0         80   memcmp.o
        36          0          0          0          0         68   memcpya.o
        36          0          0          0          0        108   memseta.o
      1172         50          0          0          0        420   printf8.o
        14          0          0          0          0         68   strlen.o
        98          0          0          0          0         92   uldiv.o

    ----------------------------------------------------------------------
      1620         66          0          0          0       1040   Library Totals
         4          0          0          0          0          0   (incl. Padding)

    ----------------------------------------------------------------------

      Code (inc. data)   RO Data    RW Data    ZI Data      Debug   Library Name

      1616         66          0          0          0       1040   mc_w.l

    ----------------------------------------------------------------------
      1620         66          0          0          0       1040   Library Totals

    ----------------------------------------------------------------------

==============================================================================


      Code (inc. data)   RO Data    RW Data    ZI Data      Debug   

     38016       3494       2344        468      13652     775968   Grand Totals
     38016       3494       2344        116      13652     775968   ELF Image Totals (compressed)
     38016       3494       2344        116          0          0   ROM Totals

==============================================================================

    Total RO  Size (Code + RO Data)                40360 (  39.41kB)
    Total RW  Size (RW Data + ZI Data)             14120 (  13.79kB)
    Total ROM Size (Code + RO Data + RW Data)      40476 (  39.53kB)

==============================================================================

