Component: ARM Compiler 5.06 update 2 (build 183) Tool: armlink [4d35b7]

==============================================================================

Section Cross References

    main.o(i.app_error_handler) refers to nrf_delay.o(i.nrf_delay_ms) for nrf_delay_ms
    main.o(i.assert_nrf_callback) refers to nrf_delay.o(i.nrf_delay_ms) for nrf_delay_ms
    main.o(i.diposeBLEEvent) refers to app_gap.o(i.app_gap_on_ble_event) for app_gap_on_ble_event
    main.o(i.diposeBLEEvent) refers to ble_advertising.o(i.ble_advertising_on_ble_evt) for ble_advertising_on_ble_evt
    main.o(i.diposeBLEEvent) refers to battery_service.o(i.handle_battery_service_ble_event) for handle_battery_service_ble_event
    main.o(i.diposeBLEEvent) refers to senstick_control_service.o(i.senstickControlService_handleBLEEvent) for senstickControlService_handleBLEEvent
    main.o(i.diposeBLEEvent) refers to senstick_meta_data_service.o(i.senstickMetaDataService_handleBLEEvent) for senstickMetaDataService_handleBLEEvent
    main.o(i.diposeBLEEvent) refers to senstick_sensor_controller.o(i.senstickSensorController_handleBLEEvent) for senstickSensorController_handleBLEEvent
    main.o(i.diposeBLEEvent) refers to senstick_data_model.o(i.senstick_setIsConnected) for senstick_setIsConnected
    main.o(i.disposeSystemEvent) refers to pstorage.o(i.pstorage_sys_event_handler) for pstorage_sys_event_handler
    main.o(i.disposeSystemEvent) refers to ble_advertising.o(i.ble_advertising_on_sys_evt) for ble_advertising_on_sys_evt
    main.o(i.main) refers to app_scheduler.o(i.app_sched_init) for app_sched_init
    main.o(i.main) refers to nrf_delay.o(i.nrf_delay_ms) for nrf_delay_ms
    main.o(i.main) refers to app_timer.o(i.app_timer_init) for app_timer_init
    main.o(i.main) refers to twi_manager.o(i.initTWIManager) for initTWIManager
    main.o(i.main) refers to twi_slave_rtc.o(i.initRTC) for initRTC
    main.o(i.main) refers to gpio_led_driver.o(i.initLEDDriver) for initLEDDriver
    main.o(i.main) refers to gpio_button_monitoring.o(i.initButtonMonitoring) for initButtonMonitoring
    main.o(i.main) refers to spi_slave_mx25_flash_memory.o(i.initFlashMemory) for initFlashMemory
    main.o(i.main) refers to senstick_data_model.o(i.initSenstickDataModel) for initSenstickDataModel
    main.o(i.main) refers to metadata_log_controller.o(i.initMetaDataLogController) for initMetaDataLogController
    main.o(i.main) refers to pstorage.o(i.pstorage_init) for pstorage_init
    main.o(i.main) refers to ble_stack.o(i.init_ble_stack) for init_ble_stack
    main.o(i.main) refers to app_gap.o(i.init_app_gap) for init_app_gap
    main.o(i.main) refers to senstick_device_manager.o(i.init_device_manager) for init_device_manager
    main.o(i.main) refers to advertising_manager.o(i.init_advertising_manager) for init_advertising_manager
    main.o(i.main) refers to device_information_service.o(i.init_device_information_service) for init_device_information_service
    main.o(i.main) refers to battery_service.o(i.init_battery_service) for init_battery_service
    main.o(i.main) refers to senstick_control_service.o(i.initSenstickControlService) for initSenstickControlService
    main.o(i.main) refers to senstick_meta_data_service.o(i.initSenstickMetaDataService) for initSenstickMetaDataService
    main.o(i.main) refers to senstick_sensor_controller.o(i.initSenstickSensorController) for initSenstickSensorController
    main.o(i.main) refers to metadata_log_controller.o(i.isMetaLogFormatted) for isMetaLogFormatted
    main.o(i.main) refers to metadata_log_controller.o(i.metaLogFormatStorage) for metaLogFormatStorage
    main.o(i.main) refers to senstick_sensor_controller.o(i.senstickSensorControllerFormatStorage) for senstickSensorControllerFormatStorage
    main.o(i.main) refers to metadata_log_controller.o(i.metaDataLogGetLogCount) for metaDataLogGetLogCount
    main.o(i.main) refers to senstick_data_model.o(i.senstick_setCurrentLogCount) for senstick_setCurrentLogCount
    main.o(i.main) refers to senstick_data_model.o(i.senstick_setDiskFull) for senstick_setDiskFull
    main.o(i.main) refers to senstick_data_model.o(i.senstick_setControlCommand) for senstick_setControlCommand
    main.o(i.main) refers to advertising_manager.o(i.startAdvertising) for startAdvertising
    main.o(i.main) refers to app_scheduler.o(i.app_sched_execute) for app_sched_execute
    main.o(i.main) refers to main.o(.bss) for .bss
    main.o(i.main) refers to app_timer_appsh.o(i.app_timer_evt_schedule) for app_timer_evt_schedule
    main.o(i.main) refers to main.o(i.diposeBLEEvent) for diposeBLEEvent
    main.o(i.main) refers to main.o(i.disposeSystemEvent) for disposeSystemEvent
    main.o(i.main) refers to main.o(.constdata) for .constdata
    senstick_data_model.o(i.initSenstickDataModel) refers to memseta.o(.text) for __aeabi_memclr
    senstick_data_model.o(i.initSenstickDataModel) refers to senstick_data_model.o(.bss) for .bss
[...]
    _printf_widthprec                        0x00000000   Number         0  stubs.o ABSOLUTE
    _printf_x                                0x00000000   Number         0  stubs.o ABSOLUTE
    __cpp_initialize__aeabi_                  - Undefined Weak Reference
    __cxa_finalize                            - Undefined Weak Reference
    _clock_init                               - Undefined Weak Reference
    _microlib_exit                            - Undefined Weak Reference
    __Vectors_Size                           0x000000c0   Number         0  arm_startup_nrf51.o ABSOLUTE
    __Vectors                                0x00018000   Data           4  arm_startup_nrf51.o(RESET)
    __Vectors_End                            0x000180c0   Data           0  arm_startup_nrf51.o(RESET)
    __main                                   0x000180c1   Thumb Code     0  entry.o(.ARM.Collect$$$$00000000)
    _main_stk                                0x000180c1   Thumb Code     0  entry2.o(.ARM.Collect$$$$00000001)
    _main_scatterload                        0x000180c5   Thumb Code     0  entry5.o(.ARM.Collect$$$$00000004)
    __main_after_scatterload                 0x000180c9   Thumb Code     0  entry5.o(.ARM.Collect$$$$00000004)
    _main_clock                              0x000180c9   Thumb Code     0  entry7b.o(.ARM.Collect$$$$00000008)
    _main_cpp_init                           0x000180c9   Thumb Code     0  entry8b.o(.ARM.Collect$$$$0000000A)
    _main_init                               0x000180c9   Thumb Code     0  entry9a.o(.ARM.Collect$$$$0000000B)
    __rt_final_cpp                           0x000180d1   Thumb Code     0  entry10a.o(.ARM.Collect$$$$0000000D)
    __rt_final_exit                          0x000180d1   Thumb Code     0  entry11a.o(.ARM.Collect$$$$0000000F)
    __asm___15_twi_slave_rtc_c_initRTC__nrf_delay_us 0x000180d5   Thumb Code    30  twi_slave_rtc.o(.emb_text)
    __asm___11_nrf_delay_c_532987f3__nrf_delay_us 0x000180f5   Thumb Code    30  nrf_delay.o(.emb_text)
    __asm___13_nrf_drv_twi_c_a9bcf68d__nrf_delay_us 0x00018115   Thumb Code    30  nrf_drv_twi.o(.emb_text)
    __asm___11_app_timer_c_cd27f9c3__nrf_delay_us 0x00018135   Thumb Code    30  app_timer.o(.emb_text)
    __asm___17_bootloader_util_c_c13d365c__bootloader_util_reset 0x00018155   Thumb Code    52  bootloader_util.o(.emb_text)
    Reset_Handler                            0x00018189   Thumb Code    26  arm_startup_nrf51.o(.text)
    NMI_Handler                              0x000181a3   Thumb Code     2  arm_startup_nrf51.o(.text)
    HardFault_Handler                        0x000181a5   Thumb Code     2  arm_startup_nrf51.o(.text)
    SVC_Handler                              0x000181a7   Thumb Code     2  arm_startup_nrf51.o(.text)
    PendSV_Handler                           0x000181a9   Thumb Code     2  arm_startup_nrf51.o(.text)
    SysTick_Handler                          0x000181ab   Thumb Code     2  arm_startup_nrf51.o(.text)
    ADC_IRQHandler                           0x000181ad   Thumb Code     0  arm_startup_nrf51.o(.text)
    CCM_AAR_IRQHandler                       0x000181ad   Thumb Code     0  arm_startup_nrf51.o(.text)
    ECB_IRQHandler                           0x000181ad   Thumb Code     0  arm_startup_nrf51.o(.text)
    LPCOMP_IRQHandler                        0x000181ad   Thumb Code     0  arm_startup_nrf51.o(.text)
    POWER_CLOCK_IRQHandler                   0x000181ad   Thumb Code     0  arm_startup_nrf51.o(.text)
    QDEC_IRQHandler                          0x000181ad   Thumb Code     0  arm_startup_nrf51.o(.text)
    RADIO_IRQHandler                         0x000181ad   Thumb Code     0  arm_startup_nrf51.o(.text)
    RNG_IRQHandler                           0x000181ad   Thumb Code     0  arm_startup_nrf51.o(.text)
    RTC0_IRQHandler                          0x000181ad   Thumb Code     0  arm_startup_nrf51.o(.text)
    SWI1_IRQHandler                          0x000181ad   Thumb Code     0  arm_startup_nrf51.o(.text)
    SWI3_IRQHandler                          0x000181ad   Thumb Code     0  arm_startup_nrf51.o(.text)
    SWI4_IRQHandler                          0x000181ad   Thumb Code     0  arm_startup_nrf51.o(.text)
    SWI5_IRQHandler                          0x000181ad   Thumb Code     0  arm_startup_nrf51.o(.text)
    TEMP_IRQHandler                          0x000181ad   Thumb Code     0  arm_startup_nrf51.o(.text)
    TIMER0_IRQHandler                        0x000181ad   Thumb Code     0  arm_startup_nrf51.o(.text)
    TIMER1_IRQHandler                        0x000181ad   Thumb Code     0  arm_startup_nrf51.o(.text)
    WDT_IRQHandler                           0x000181ad   Thumb Code     0  arm_startup_nrf51.o(.text)
    __aeabi_uidiv                            0x000181c1   Thumb Code     0  uidiv.o(.text)
    __aeabi_uidivmod                         0x000181c1   Thumb Code    44  uidiv.o(.text)
    __aeabi_idiv                             0x000181ed   Thumb Code     0  idiv.o(.text)
    __aeabi_idivmod                          0x000181ed   Thumb Code    40  idiv.o(.text)
    __aeabi_memcpy                           0x00018215   Thumb Code    36  memcpya.o(.text)
    __aeabi_memcpy4                          0x00018215   Thumb Code     0  memcpya.o(.text)
    __aeabi_memcpy8                          0x00018215   Thumb Code     0  memcpya.o(.text)
    __aeabi_memset                           0x00018239   Thumb Code    14  memseta.o(.text)
    __aeabi_memset4                          0x00018239   Thumb Code     0  memseta.o(.text)
    __aeabi_memset8                          0x00018239   Thumb Code     0  memseta.o(.text)
    __aeabi_memclr                           0x00018247   Thumb Code     4  memseta.o(.text)
    __aeabi_memclr4                          0x00018247   Thumb Code     0  memseta.o(.text)
    __aeabi_memclr8                          0x00018247   Thumb Code     0  memseta.o(.text)
    _memset$wrapper                          0x0001824b   Thumb Code    18  memseta.o(.text)
    strncpy                                  0x0001825d   Thumb Code    26  strncpy.o(.text)
    strlen                                   0x00018277   Thumb Code    14  strlen.o(.text)
    memcmp                                   0x00018285   Thumb Code    26  memcmp.o(.text)
    strcpy                                   0x0001829f   Thumb Code    18  strcpy.o(.text)
    __aeabi_uread4                           0x000182b1   Thumb Code    20  uread4.o(.text)
    __rt_uread4                              0x000182b1   Thumb Code     0  uread4.o(.text)
    _uread4                                  0x000182b1   Thumb Code     0  uread4.o(.text)
    __aeabi_uldivmod                         0x000182c5   Thumb Code    96  uldiv.o(.text)
    __scatterload                            0x00018325   Thumb Code    28  init.o(.text)
    __scatterload_rt2                        0x00018325   Thumb Code     0  init.o(.text)
    __aeabi_llsl                             0x00018349   Thumb Code    32  llshl.o(.text)
    _ll_shift_l                              0x00018349   Thumb Code     0  llshl.o(.text)
    __aeabi_llsr                             0x00018369   Thumb Code    34  llushr.o(.text)
    _ll_ushift_r                             0x00018369   Thumb Code     0  llushr.o(.text)
    __decompress                             0x0001838b   Thumb Code     0  __dczerorl2.o(.text)
    __decompress1                            0x0001838b   Thumb Code    86  __dczerorl2.o(.text)
    GPIOTE_IRQHandler                        0x000183e1   Thumb Code   224  nrf_drv_gpiote.o(i.GPIOTE_IRQHandler)
    RTC1_IRQHandler                          0x0001853d   Thumb Code    28  app_timer.o(i.RTC1_IRQHandler)
    SPI0_TWI0_IRQHandler                     0x0001855d   Thumb Code    62  nrf_drv_spi.o(i.SPI0_TWI0_IRQHandler)
    SPI1_TWI1_IRQHandler                     0x000185a9   Thumb Code    12  nrf_drv_twi.o(i.SPI1_TWI1_IRQHandler)
    SWI0_IRQHandler                          0x000185b9   Thumb Code     8  app_timer.o(i.SWI0_IRQHandler)
    SWI2_IRQHandler                          0x000185c1   Thumb Code    32  softdevice_handler.o(i.SWI2_IRQHandler)
    SystemInit                               0x000185e5   Thumb Code    64  system_nrf51.o(i.SystemInit)
    TIMER2_IRQHandler                        0x00018639   Thumb Code   218  senstick_sensor_controller.o(i.TIMER2_IRQHandler)
    TwiSlave_RX                              0x0001872d   Thumb Code    18  twi_manager.o(i.TwiSlave_RX)
    TwiSlave_TX                              0x00018745   Thumb Code    18  twi_manager.o(i.TwiSlave_TX)
    UART0_IRQHandler                         0x0001875d   Thumb Code   244  nrf_drv_uart.o(i.UART0_IRQHandler)
    __0sprintf$8                             0x00018861   Thumb Code    36  printf8.o(i.__0sprintf$8)
    __1sprintf$8                             0x00018861   Thumb Code     0  printf8.o(i.__0sprintf$8)
    __2sprintf                               0x00018861   Thumb Code     0  printf8.o(i.__0sprintf$8)
    __ARM_common_switch8                     0x00018889   Thumb Code    26  senstick_data_model.o(i.__ARM_common_switch8)
    __scatterload_copy                       0x000188a3   Thumb Code    14  handlers.o(i.__scatterload_copy)
    __scatterload_null                       0x000188b1   Thumb Code     2  handlers.o(i.__scatterload_null)
    __scatterload_zeroinit                   0x000188b3   Thumb Code    14  handlers.o(i.__scatterload_zeroinit)
    adv_data_encode                          0x00019261   Thumb Code   534  ble_advdata.o(i.adv_data_encode)
    app_button_enable                        0x00019479   Thumb Code    46  app_button.o(i.app_button_enable)
    app_button_init                          0x000194dd   Thumb Code   100  app_button.o(i.app_button_init)
    app_error_handler                        0x00019551   Thumb Code    12  main.o(i.app_error_handler)
    app_gap_get_device_name                  0x00019569   Thumb Code    24  app_gap.o(i.app_gap_get_device_name)
    app_gap_on_ble_event                     0x00019581   Thumb Code    62  app_gap.o(i.app_gap_on_ble_event)
    app_gap_set_device_name                  0x000195c9   Thumb Code    88  app_gap.o(i.app_gap_set_device_name)
    app_mailbox_create                       0x00019629   Thumb Code    22  app_mailbox.o(i.app_mailbox_create)
    app_mailbox_get                          0x0001963f   Thumb Code    10  app_mailbox.o(i.app_mailbox_get)
    app_mailbox_put                          0x00019649   Thumb Code    28  app_mailbox.o(i.app_mailbox_put)
    app_mailbox_sized_get                    0x00019669   Thumb Code   160  app_mailbox.o(i.app_mailbox_sized_get)
    app_mailbox_sized_put                    0x0001970d   Thumb Code   190  app_mailbox.o(i.app_mailbox_sized_put)
    app_sched_event_put                      0x00019861   Thumb Code   240  app_scheduler.o(i.app_sched_event_put)
    app_sched_execute                        0x00019961   Thumb Code    30  app_scheduler.o(i.app_sched_execute)
    app_sched_init                           0x00019981   Thumb Code    40  app_scheduler.o(i.app_sched_init)
    app_timer_create                         0x000199ad   Thumb Code    40  app_timer.o(i.app_timer_create)
    app_timer_evt_schedule                   0x000199f5   Thumb Code    18  app_timer_appsh.o(i.app_timer_evt_schedule)
    app_timer_init                           0x00019a0d   Thumb Code   126  app_timer.o(i.app_timer_init)
    app_timer_start                          0x00019a9d   Thumb Code   114  app_timer.o(i.app_timer_start)
    app_timer_stop                           0x00019b19   Thumb Code    78  app_timer.o(i.app_timer_stop)
    assert_nrf_callback                      0x00019b6d   Thumb Code    12  main.o(i.assert_nrf_callback)
    awakeNineAxesSensor                      0x00019b79   Thumb Code    46  twi_slave_nine_axes_sensor.o(i.awakeNineAxesSensor)
    ble_advdata_set                          0x00019d2d   Thumb Code   104  ble_advdata.o(i.ble_advdata_set)
    ble_advertising_init                     0x00019d95   Thumb Code   284  ble_advertising.o(i.ble_advertising_init)
    ble_advertising_on_ble_evt               0x00019eb9   Thumb Code   112  ble_advertising.o(i.ble_advertising_on_ble_evt)
    ble_advertising_on_sys_evt               0x00019f2d   Thumb Code    42  ble_advertising.o(i.ble_advertising_on_sys_evt)
    ble_advertising_start                    0x00019f6d   Thumb Code   470  ble_advertising.o(i.ble_advertising_start)
    ble_bas_battery_level_update             0x0001a14d   Thumb Code   112  ble_bas.o(i.ble_bas_battery_level_update)
    ble_bas_init                             0x0001a1c1   Thumb Code    66  ble_bas.o(i.ble_bas_init)
    ble_bas_on_ble_evt                       0x0001a209   Thumb Code    94  ble_bas.o(i.ble_bas_on_ble_evt)
    ble_dis_init                             0x0001a2c5   Thumb Code   308  ble_dis.o(i.ble_dis_init)
    ble_srv_ascii_to_utf8                    0x0001a405   Thumb Code    18  ble_srv_common.o(i.ble_srv_ascii_to_utf8)
    ble_srv_report_ref_encode                0x0001a417   Thumb Code    12  ble_srv_common.o(i.ble_srv_report_ref_encode)
    bootloader_util_app_start                0x0001a423   Thumb Code     8  bootloader_util.o(i.bootloader_util_app_start)
    characteristic_add                       0x0001a53d   Thumb Code   400  ble_srv_common.o(i.characteristic_add)
    closeLog                                 0x0001a7f5   Thumb Code    36  log_controller.o(i.closeLog)
    createLog                                0x0001aa6d   Thumb Code   122  log_controller.o(i.createLog)
    deserializeSensorServiceLogID            0x0001ac5b   Thumb Code    28  senstick_sensor_base_data.o(i.deserializeSensorServiceLogID)
    deserializesensor_service_setting        0x0001ac77   Thumb Code    28  senstick_sensor_base_data.o(i.deserializesensor_service_setting)
    dm_handle_initialize                     0x0001ad61   Thumb Code    22  device_manager_peripheral.o(i.dm_handle_initialize)
    dm_init                                  0x0001ad7d   Thumb Code   150  device_manager_peripheral.o(i.dm_init)
    dm_register                              0x0001af85   Thumb Code   104  device_manager_peripheral.o(i.dm_register)
    enableAwakeByButton                      0x0001b039   Thumb Code     8  gpio_button_monitoring.o(i.enableAwakeByButton)
    erase4kSector                            0x0001b049   Thumb Code    68  spi_slave_mx25_flash_memory.o(i.erase4kSector)
    formatFlash                              0x0001b2b1   Thumb Code    66  spi_slave_mx25_flash_memory.o(i.formatFlash)
    formatLog                                0x0001b319   Thumb Code    14  log_controller.o(i.formatLog)
    formatSensorSetting                      0x0001b327   Thumb Code    14  senstick_sensor_controller.o(i.formatSensorSetting)
    free                                     0x0001b335   Thumb Code    80  malloc.o(i.free)
    getAccelerationData                      0x0001b389   Thumb Code    42  twi_slave_nine_axes_sensor.o(i.getAccelerationData)
    getBatteryLevel                          0x0001b4b9   Thumb Code    44  battery_service.o(i.getBatteryLevel)
    getBrightnessData                        0x0001b4e9   Thumb Code    78  twi_slave_brightness_sensor.o(i.getBrightnessData)
    getHumidityData                          0x0001b53d   Thumb Code    24  twi_slave_humidity_sensor.o(i.getHumidityData)
    getMagneticFieldData                     0x0001b555   Thumb Code    44  twi_slave_nine_axes_sensor.o(i.getMagneticFieldData)
    getPressureData                          0x0001b591   Thumb Code    46  twi_slave_pressure_sensor.o(i.getPressureData)
    getRotationRateData                      0x0001b5c5   Thumb Code    42  twi_slave_nine_axes_sensor.o(i.getRotationRateData)
    getTWIRTCDateTime                        0x0001b63d   Thumb Code   104  twi_slave_rtc.o(i.getTWIRTCDateTime)
    getTemperatureData                       0x0001b6a5   Thumb Code    24  twi_slave_humidity_sensor.o(i.getTemperatureData)
    getUVSensorData                          0x0001b6bd   Thumb Code    50  twi_slave_uv_sensor.o(i.getUVSensorData)
    handle_battery_service_ble_event         0x0001b741   Thumb Code    12  battery_service.o(i.handle_battery_service_ble_event)
    initBrightnessSensor                     0x0001b7c9   Thumb Code    20  twi_slave_brightness_sensor.o(i.initBrightnessSensor)
    initButtonMonitoring                     0x0001b7dd   Thumb Code    84  gpio_button_monitoring.o(i.initButtonMonitoring)
    initFlashMemory                          0x0001b845   Thumb Code   170  spi_slave_mx25_flash_memory.o(i.initFlashMemory)
    initHumiditySensor                       0x0001b8f9   Thumb Code    58  twi_slave_humidity_sensor.o(i.initHumiditySensor)
    initLEDDriver                            0x0001b935   Thumb Code   116  gpio_led_driver.o(i.initLEDDriver)
    initMetaDataLogController                0x0001b9b9   Thumb Code     2  metadata_log_controller.o(i.initMetaDataLogController)
    initNineAxesSensor                       0x0001b9bd   Thumb Code    58  twi_slave_nine_axes_sensor.o(i.initNineAxesSensor)
    initPressureSensor                       0x0001ba05   Thumb Code    20  twi_slave_pressure_sensor.o(i.initPressureSensor)
    initRTC                                  0x0001ba1d   Thumb Code     2  twi_slave_rtc.o(i.initRTC)
    initSensorService                        0x0001ba57   Thumb Code    36  sensor_service.o(i.initSensorService)
    initSenstickControlService               0x0001ba7d   Thumb Code    30  senstick_control_service.o(i.initSenstickControlService)
    initSenstickDataModel                    0x0001baa1   Thumb Code    18  senstick_data_model.o(i.initSenstickDataModel)
    initSenstickMetaDataService              0x0001bab9   Thumb Code    30  senstick_meta_data_service.o(i.initSenstickMetaDataService)
    initSenstickSensorController             0x0001badd   Thumb Code   194  senstick_sensor_controller.o(i.initSenstickSensorController)
    initTWIManager                           0x0001bbb9   Thumb Code   124  twi_manager.o(i.initTWIManager)
    initUVSensor                             0x0001bc49   Thumb Code    30  twi_slave_uv_sensor.o(i.initUVSensor)
    init_advertising_manager                 0x0001bc69   Thumb Code   112  advertising_manager.o(i.init_advertising_manager)
    init_app_gap                             0x0001bce1   Thumb Code   170  app_gap.o(i.init_app_gap)
    init_battery_service                     0x0001bda5   Thumb Code   156  battery_service.o(i.init_battery_service)
    init_ble_stack                           0x0001be51   Thumb Code   108  ble_stack.o(i.init_ble_stack)
    init_device_information_service          0x0001bec5   Thumb Code   106  device_information_service.o(i.init_device_information_service)
    init_device_manager                      0x0001bf69   Thumb Code    92  senstick_device_manager.o(i.init_device_manager)
    int16ToByteArrayLittleEndian             0x0001bfcd   Thumb Code     8  value_types.o(i.int16ToByteArrayLittleEndian)
    intern_softdevice_events_execute         0x0001bfd5   Thumb Code   124  softdevice_handler.o(i.intern_softdevice_events_execute)
    isMetaLogFormatted                       0x0001c055   Thumb Code    32  metadata_log_controller.o(i.isMetaLogFormatted)
    isValidSensorServiceCommand              0x0001c079   Thumb Code    20  senstick_sensor_base_data.o(i.isValidSensorServiceCommand)
    ledDriver_observeButtonStatus            0x0001c179   Thumb Code    56  gpio_led_driver.o(i.ledDriver_observeButtonStatus)
    ledDriver_observeControlCommand          0x0001c1b5   Thumb Code     8  gpio_led_driver.o(i.ledDriver_observeControlCommand)
    loadSensorSetting                        0x0001c38d   Thumb Code    52  senstick_sensor_controller.o(i.loadSensorSetting)
    main                                     0x0001c3c9   Thumb Code   262  main.o(i.main)
    malloc                                   0x0001c501   Thumb Code    92  malloc.o(i.malloc)
    metaDataLogGetLogCount                   0x0001c5d5   Thumb Code    68  metadata_log_controller.o(i.metaDataLogGetLogCount)
    metaDataLogReadAbstractText              0x0001c62d   Thumb Code    72  metadata_log_controller.o(i.metaDataLogReadAbstractText)
    metaDataLogReadDateTime                  0x0001c675   Thumb Code    48  metadata_log_controller.o(i.metaDataLogReadDateTime)
    metaDatalog_observeControlCommand        0x0001c729   Thumb Code   104  metadata_log_controller.o(i.metaDatalog_observeControlCommand)
    metaLogFormatStorage                     0x0001c795   Thumb Code    30  metadata_log_controller.o(i.metaLogFormatStorage)
    notifyToClient                           0x0001c8d9   Thumb Code    34  service_util.o(i.notifyToClient)
    nrf_adc_configure                        0x0001c8fd   Thumb Code    60  nrf_adc.o(i.nrf_adc_configure)
    nrf_adc_convert_single                   0x0001c93d   Thumb Code    32  nrf_adc.o(i.nrf_adc_convert_single)
    nrf_delay_ms                             0x0001c989   Thumb Code    24  nrf_delay.o(i.nrf_delay_ms)
    nrf_drv_common_irq_enable                0x0001c9a5   Thumb Code    98  nrf_drv_common.o(i.nrf_drv_common_irq_enable)
    nrf_drv_gpiote_in_event_enable           0x0001ca1d   Thumb Code   172  nrf_drv_gpiote.o(i.nrf_drv_gpiote_in_event_enable)
    nrf_drv_gpiote_in_init                   0x0001cae1   Thumb Code   156  nrf_drv_gpiote.o(i.nrf_drv_gpiote_in_init)
    nrf_drv_gpiote_in_is_set                 0x0001cb91   Thumb Code    34  nrf_drv_gpiote.o(i.nrf_drv_gpiote_in_is_set)
    nrf_drv_gpiote_init                      0x0001cbbd   Thumb Code    74  nrf_drv_gpiote.o(i.nrf_drv_gpiote_init)
    nrf_drv_gpiote_is_init                   0x0001cc11   Thumb Code    12  nrf_drv_gpiote.o(i.nrf_drv_gpiote_is_init)
    nrf_drv_gpiote_out_clear                 0x0001cc21   Thumb Code    68  nrf_drv_gpiote.o(i.nrf_drv_gpiote_out_clear)
    nrf_drv_gpiote_out_init                  0x0001cc6d   Thumb Code   180  nrf_drv_gpiote.o(i.nrf_drv_gpiote_out_init)
    nrf_drv_gpiote_out_set                   0x0001cd35   Thumb Code    68  nrf_drv_gpiote.o(i.nrf_drv_gpiote_out_set)
    nrf_drv_spi_init                         0x0001cd81   Thumb Code   276  nrf_drv_spi.o(i.nrf_drv_spi_init)
    nrf_drv_spi_transfer                     0x0001cea5   Thumb Code   244  nrf_drv_spi.o(i.nrf_drv_spi_transfer)
    nrf_drv_twi_enable                       0x0001cfa5   Thumb Code   116  nrf_drv_twi.o(i.nrf_drv_twi_enable)
    nrf_drv_twi_init                         0x0001d025   Thumb Code   142  nrf_drv_twi.o(i.nrf_drv_twi_init)
    nrf_drv_twi_rx                           0x0001d1ad   Thumb Code    16  nrf_drv_twi.o(i.nrf_drv_twi_rx)
    nrf_drv_twi_tx                           0x0001d1bd   Thumb Code    16  nrf_drv_twi.o(i.nrf_drv_twi_tx)
    openLog                                  0x0001d61d   Thumb Code    52  log_controller.o(i.openLog)
    pstorage_access_status_get               0x0001d74d   Thumb Code    30  pstorage.o(i.pstorage_access_status_get)
    pstorage_block_identifier_get            0x0001d775   Thumb Code    78  pstorage.o(i.pstorage_block_identifier_get)
    pstorage_clear                           0x0001d7cd   Thumb Code   160  pstorage.o(i.pstorage_clear)
    pstorage_init                            0x0001d8a5   Thumb Code    82  pstorage.o(i.pstorage_init)
    pstorage_load                            0x0001d901   Thumb Code   162  pstorage.o(i.pstorage_load)
    pstorage_register                        0x0001d9ad   Thumb Code   180  pstorage.o(i.pstorage_register)
    pstorage_store                           0x0001da69   Thumb Code   138  pstorage.o(i.pstorage_store)
    pstorage_sys_event_handler               0x0001dafd   Thumb Code    72  pstorage.o(i.pstorage_sys_event_handler)
    reOpenLog                                0x0001db95   Thumb Code    20  log_controller.o(i.reOpenLog)
    readFlash                                0x0001dba9   Thumb Code   146  spi_slave_mx25_flash_memory.o(i.readFlash)
    readFromTwiSlave                         0x0001dcb5   Thumb Code    58  twi_manager.o(i.readFromTwiSlave)
    readInt16AsBigEndian                     0x0001dd07   Thumb Code    14  value_types.o(i.readInt16AsBigEndian)
    readInt16AsLittleEndian                  0x0001dd15   Thumb Code    12  value_types.o(i.readInt16AsLittleEndian)
    readLog                                  0x0001dd21   Thumb Code    68  log_controller.o(i.readLog)
    readSampleCount                          0x0001dd79   Thumb Code    90  senstick_sensor_controller.o(i.readSampleCount)
    readUInt16AsLittleEndian                 0x0001dde1   Thumb Code    10  value_types.o(i.readUInt16AsLittleEndian)
    readUInt32AsLittleEndian                 0x0001ddeb   Thumb Code    20  value_types.o(i.readUInt32AsLittleEndian)
    saveSensorSetting                        0x0001df2d   Thumb Code    58  senstick_sensor_controller.o(i.saveSensorSetting)
    seekLog                                  0x0001df79   Thumb Code    22  log_controller.o(i.seekLog)
    sensorServiceNotifyLogData               0x0001dfa5   Thumb Code    60  sensor_service.o(i.sensorServiceNotifyLogData)
    sensorServiceNotifyRealtimeData          0x0001dfe1   Thumb Code    50  sensor_service.o(i.sensorServiceNotifyRealtimeData)
    sensorService_handleBLEEvent             0x0001e013   Thumb Code   108  sensor_service.o(i.sensorService_handleBLEEvent)
    senstickControlService_handleBLEEvent    0x0001e081   Thumb Code    46  senstick_control_service.o(i.senstickControlService_handleBLEEvent)
    senstickControlService_observeControlCommand 0x0001e0b5   Thumb Code    24  senstick_control_service.o(i.senstickControlService_observeControlCommand)
    senstickControlService_observeCurrentLogCount 0x0001e0d1   Thumb Code    24  senstick_control_service.o(i.senstickControlService_observeCurrentLogCount)
    senstickControlService_observeDiskFull   0x0001e0ed   Thumb Code    26  senstick_control_service.o(i.senstickControlService_observeDiskFull)
    senstickMetaDataService_handleBLEEvent   0x0001e10d   Thumb Code   106  senstick_meta_data_service.o(i.senstickMetaDataService_handleBLEEvent)
    senstickSensorControllerFormatStorage    0x0001e17d   Thumb Code    40  senstick_sensor_controller.o(i.senstickSensorControllerFormatStorage)
    senstickSensorControllerGetNumOfLoggingReadySensor 0x0001e1ad   Thumb Code    42  senstick_sensor_controller.o(i.senstickSensorControllerGetNumOfLoggingReadySensor)
    senstickSensorControllerNotifyLogData    0x0001e1dd   Thumb Code    22  senstick_sensor_controller.o(i.senstickSensorControllerNotifyLogData)
    senstickSensorControllerReadMetaData     0x0001e1f5   Thumb Code   140  senstick_sensor_controller.o(i.senstickSensorControllerReadMetaData)
    senstickSensorControllerReadSetting      0x0001e2a9   Thumb Code    56  senstick_sensor_controller.o(i.senstickSensorControllerReadSetting)
    senstickSensorControllerWriteLogID       0x0001e305   Thumb Code   104  senstick_sensor_controller.o(i.senstickSensorControllerWriteLogID)
    senstickSensorControllerWriteSetting     0x0001e379   Thumb Code   178  senstick_sensor_controller.o(i.senstickSensorControllerWriteSetting)
    senstickSensorController_handleBLEEvent  0x0001e435   Thumb Code    46  senstick_sensor_controller.o(i.senstickSensorController_handleBLEEvent)
    senstickSensorController_observeControlCommand 0x0001e469   Thumb Code    52  senstick_sensor_controller.o(i.senstickSensorController_observeControlCommand)
    senstick_getButtonStatus                 0x0001e49d   Thumb Code     6  senstick_data_model.o(i.senstick_getButtonStatus)
    senstick_getControlCommand               0x0001e4a9   Thumb Code     6  senstick_data_model.o(i.senstick_getControlCommand)
    senstick_getCurrentDateTime              0x0001e4b5   Thumb Code    82  senstick_data_model.o(i.senstick_getCurrentDateTime)
    senstick_getCurrentLogAbstractText       0x0001e509   Thumb Code    30  senstick_data_model.o(i.senstick_getCurrentLogAbstractText)
    senstick_getCurrentLogCount              0x0001e52d   Thumb Code     6  senstick_data_model.o(i.senstick_getCurrentLogCount)
    senstick_isConnected                     0x0001e539   Thumb Code     6  senstick_data_model.o(i.senstick_isConnected)
    senstick_setButtonStatus                 0x0001e545   Thumb Code    52  senstick_data_model.o(i.senstick_setButtonStatus)
    senstick_setControlCommand               0x0001e57d   Thumb Code   158  senstick_data_model.o(i.senstick_setControlCommand)
    senstick_setCurrentDateTime              0x0001e621   Thumb Code    82  senstick_data_model.o(i.senstick_setCurrentDateTime)
    senstick_setCurrentLogAbstractText       0x0001e675   Thumb Code    26  senstick_data_model.o(i.senstick_setCurrentLogAbstractText)
    senstick_setCurrentLogCount              0x0001e695   Thumb Code    12  senstick_data_model.o(i.senstick_setCurrentLogCount)
    senstick_setDiskFull                     0x0001e6a5   Thumb Code    12  senstick_data_model.o(i.senstick_setDiskFull)
    senstick_setIsConnected                  0x0001e6b5   Thumb Code     6  senstick_data_model.o(i.senstick_setIsConnected)
    serializeSensorMetaData                  0x0001e6c1   Thumb Code    58  senstick_sensor_base_data.o(i.serializeSensorMetaData)
    serializesensor_service_setting          0x0001e6fb   Thumb Code    30  senstick_sensor_base_data.o(i.serializesensor_service_setting)
    setCharacteristicsValue                  0x0001e7b9   Thumb Code    30  service_util.o(i.setCharacteristicsValue)
    setNineAxesSensorAccelerationRange       0x0001e803   Thumb Code    48  twi_slave_nine_axes_sensor.o(i.setNineAxesSensorAccelerationRange)
    setNineAxesSensorRotationRange           0x0001e833   Thumb Code    48  twi_slave_nine_axes_sensor.o(i.setNineAxesSensorRotationRange)
    setTWIRTCDateTime                        0x0001e989   Thumb Code   124  twi_slave_rtc.o(i.setTWIRTCDateTime)
    softdevice_assertion_handler             0x0001eac5   Thumb Code    12  softdevice_handler.o(i.softdevice_assertion_handler)
    softdevice_ble_evt_handler_set           0x0001ead1   Thumb Code    16  softdevice_handler.o(i.softdevice_ble_evt_handler_set)
    softdevice_handler_init                  0x0001eae5   Thumb Code    40  softdevice_handler.o(i.softdevice_handler_init)
    softdevice_sys_evt_handler_set           0x0001eb15   Thumb Code    16  softdevice_handler.o(i.softdevice_sys_evt_handler_set)
    startAdvertising                         0x0001eb29   Thumb Code    22  advertising_manager.o(i.startAdvertising)
    twiPowerDown                             0x0001f18d   Thumb Code     8  twi_manager.o(i.twiPowerDown)
    uint16ToByteArrayLittleEndian            0x0001f509   Thumb Code     8  value_types.o(i.uint16ToByteArrayLittleEndian)
    uint32ToByteArrayLittleEndian            0x0001f52b   Thumb Code    16  value_types.o(i.uint32ToByteArrayLittleEndian)
    writeFlash                               0x0001f735   Thumb Code   100  spi_slave_mx25_flash_memory.o(i.writeFlash)
    writeLog                                 0x0001f7bd   Thumb Code    68  log_controller.o(i.writeLog)
    writeToTwiSlave                          0x0001f861   Thumb Code    68  twi_manager.o(i.writeToTwiSlave)
    senstick_base_uuid                       0x0001f8a8   Data          16  main.o(.constdata)
    m_mailbox                                0x0001f8c4   Data          12  senstick_sensor_controller.o(.constdata)
    accelerationSensorBase                   0x0001f8d0   Data          32  acceleration_sensor_base.o(.constdata)
    gyroSensorBase                           0x0001f8f0   Data          32  gyro_sensor_base.o(.constdata)
    magneticSensorBase                       0x0001f910   Data          32  magnetic_sensor_base.o(.constdata)
    brightnessSensorBase                     0x0001f930   Data          32  brightness_sensor_base.o(.constdata)
    uvSensorBase                             0x0001f950   Data          32  uv_sensor_base.o(.constdata)
    humiditySensorBase                       0x0001f970   Data          32  humidity_sensor_base.o(.constdata)
    pressureSensorBase                       0x0001f990   Data          32  pressure_sensor_base.o(.constdata)
    Region$$Table$$Base                      0x0001fc58   Number         0  anon$$obj.o(Region$$Table)
    Region$$Table$$Limit                     0x0001fc78   Number         0  anon$$obj.o(Region$$Table)
    twi                                      0x200026b0   Data           8  twi_manager.o(.data)
    SystemCoreClock                          0x200026d8   Data           4  system_nrf51.o(.data)
    __microlib_freelist                      0x200027f4   Data           4  mvars.o(.data)
    __microlib_freelist_initialised          0x200027f8   Data           4  mvars.o(.data)
    __heap_base                              0x20003630   Data           0  arm_startup_nrf51.o(HEAP)
    __heap_limit                             0x20003630   Data           0  arm_startup_nrf51.o(HEAP)
    __initial_sp                             0x20003e30   Data           0  arm_startup_nrf51.o(STACK)



==============================================================================

Memory Map of the image

  Image Entry point : 0x000180c1

  Load Region LR_IROM1 (Base: 0x00018000, Size: 0x00007df4, Max: 0x00014000, ABSOLUTE, COMPRESSED[0x00007cac])

    Execution Region ER_IROM1 (Base: 0x00018000, Size: 0x00007c78, Max: 0x00014000, ABSOLUTE)

    Base Addr    Size         Type   Attr      Idx    E Section Name        Object

    0x00018000   0x000000c0   Data   RO         2565    RESET               arm_startup_nrf51.o
    0x000180c0   0x00000000   Code   RO         4840  * .ARM.Collect$$$$00000000  mc_p.l(entry.o)
    0x000180c0   0x00000004   Code   RO         5162    .ARM.Collect$$$$00000001  mc_p.l(entry2.o)
    0x000180c4   0x00000004   Code   RO         5165    .ARM.Collect$$$$00000004  mc_p.l(entry5.o)
    0x000180c8   0x00000000   Code   RO         5167    .ARM.Collect$$$$00000008  mc_p.l(entry7b.o)
    0x000180c8   0x00000000   Code   RO         5169    .ARM.Collect$$$$0000000A  mc_p.l(entry8b.o)
    0x000180c8   0x00000008   Code   RO         5170    .ARM.Collect$$$$0000000B  mc_p.l(entry9a.o)
    0x000180d0   0x00000000   Code   RO         5172    .ARM.Collect$$$$0000000D  mc_p.l(entry10a.o)
    0x000180d0   0x00000000   Code   RO         5174    .ARM.Collect$$$$0000000F  mc_p.l(entry11a.o)
    0x000180d0   0x00000004   Code   RO         5163    .ARM.Collect$$$$00002712  mc_p.l(entry2.o)
    0x000180d4   0x0000001e   Code   RO         2031    .emb_text           twi_slave_rtc.o
    0x000180f2   0x00000002   PAD
    0x000180f4   0x0000001e   Code   RO         3692    .emb_text           nrf_delay.o
    0x00018112   0x00000002   PAD
    0x00018114   0x0000001e   Code   RO         4025    .emb_text           nrf_drv_twi.o
    0x00018132   0x00000002   PAD
    0x00018134   0x0000001e   Code   RO         4462    .emb_text           app_timer.o
    0x00018152   0x00000002   PAD
    0x00018154   0x00000034   Code   RO         4664    .emb_text           bootloader_util.o
    0x00018188   0x00000038   Code   RO         2566    .text               arm_startup_nrf51.o
    0x000181c0   0x0000002c   Code   RO         4848    .text               mc_p.l(uidiv.o)
    0x000181ec   0x00000028   Code   RO         4850    .text               mc_p.l(idiv.o)
    0x00018214   0x00000024   Code   RO         4855    .text               mc_p.l(memcpya.o)
    0x00018238   0x00000024   Code   RO         4857    .text               mc_p.l(memseta.o)
    0x0001825c   0x0000001a   Code   RO         4859    .text               mc_p.l(strncpy.o)
    0x00018276   0x0000000e   Code   RO         4861    .text               mc_p.l(strlen.o)
    0x00018284   0x0000001a   Code   RO         4865    .text               mc_p.l(memcmp.o)
    0x0001829e   0x00000012   Code   RO         4867    .text               mc_p.l(strcpy.o)
    0x000182b0   0x00000014   Code   RO         5160    .text               mc_p.l(uread4.o)
    0x000182c4   0x00000060   Code   RO         5177    .text               mc_p.l(uldiv.o)
    0x00018324   0x00000024   Code   RO         5193    .text               mc_p.l(init.o)
    0x00018348   0x00000020   Code   RO         5195    .text               mc_p.l(llshl.o)
    0x00018368   0x00000022   Code   RO         5197    .text               mc_p.l(llushr.o)
    0x0001838a   0x00000056   Code   RO         5213    .text               mc_p.l(__dczerorl2.o)
    0x000183e0   0x000000fc   Code   RO         3716    i.GPIOTE_IRQHandler  nrf_drv_gpiote.o
    0x000184dc   0x0000001c   Code   RO         2300    i.IsFlashBusy       spi_slave_mx25_flash_memory.o
    0x000184f8   0x00000044   Code   RO         4463    i.NVIC_SetPriority  app_timer.o
    0x0001853c   0x00000020   Code   RO         4464    i.RTC1_IRQHandler   app_timer.o
    0x0001855c   0x0000004c   Code   RO         3951    i.SPI0_TWI0_IRQHandler  nrf_drv_spi.o
    0x000185a8   0x00000010   Code   RO         4026    i.SPI1_TWI1_IRQHandler  nrf_drv_twi.o
    0x000185b8   0x00000008   Code   RO         4465    i.SWI0_IRQHandler   app_timer.o
    0x000185c0   0x00000024   Code   RO         4752    i.SWI2_IRQHandler   softdevice_handler.o
    0x000185e4   0x00000054   Code   RO         2573    i.SystemInit        system_nrf51.o
    0x00018638   0x000000f4   Code   RO         1329    i.TIMER2_IRQHandler  senstick_sensor_controller.o
    0x0001872c   0x00000018   Code   RO         1960    i.TwiSlave_RX       twi_manager.o
    0x00018744   0x00000018   Code   RO         1961    i.TwiSlave_TX       twi_manager.o
    0x0001875c   0x00000104   Code   RO         4191    i.UART0_IRQHandler  nrf_drv_uart.o
    0x00018860   0x00000028   Code   RO         5080    i.__0sprintf$8      mc_p.l(printf8.o)
    0x00018888   0x0000001a   Code   RO          400    i.__ARM_common_switch8  senstick_data_model.o
    0x000188a2   0x0000000e   Code   RO         5207    i.__scatterload_copy  mc_p.l(handlers.o)
    0x000188b0   0x00000002   Code   RO         5208    i.__scatterload_null  mc_p.l(handlers.o)
    0x000188b2   0x0000000e   Code   RO         5209    i.__scatterload_zeroinit  mc_p.l(handlers.o)
    0x000188c0   0x00000060   Code   RO         2473    i._button_event_handler  gpio_button_monitoring.o
    0x00018920   0x00000428   Code   RO         5085    i._printf_core      mc_p.l(printf8.o)
    0x00018d48   0x00000020   Code   RO         5086    i._printf_post_padding  mc_p.l(printf8.o)
    0x00018d68   0x0000002c   Code   RO         5087    i._printf_pre_padding  mc_p.l(printf8.o)
    0x00018d94   0x0000000a   Code   RO         5089    i._sputc            mc_p.l(printf8.o)
    0x00018d9e   0x00000002   PAD
    0x00018da0   0x00000014   Code   RO         4027    i.ack_error         nrf_drv_twi.o
    0x00018db4   0x000000fc   Code   RO         1097    i.addService        senstick_meta_data_service.o
    0x00018eb0   0x000001c0   Code   RO         1141    i.addService        senstick_control_service.o
    0x00019070   0x00000190   Code   RO         1525    i.addService        sensor_service.o
    0x00019200   0x00000060   Code   RO         4028    i.address_req       nrf_drv_twi.o
    0x00019260   0x00000216   Code   RO         2607    i.adv_data_encode   ble_advdata.o
    0x00019476   0x00000002   PAD
    0x00019478   0x00000064   Code   RO         4334    i.app_button_enable  app_button.o
    0x000194dc   0x00000074   Code   RO         4335    i.app_button_init   app_button.o
    0x00019550   0x0000000c   Code   RO            4    i.app_error_handler  main.o
    0x0001955c   0x0000000c   Code   RO         3009    i.app_evt_notify    device_manager_peripheral.o
    0x00019568   0x00000018   Code   RO          941    i.app_gap_get_device_name  app_gap.o
    0x00019580   0x00000044   Code   RO          942    i.app_gap_on_ble_event  app_gap.o
    0x000195c4   0x00000002   Code   RO          943    i.app_gap_pstorage_callback  app_gap.o
    0x000195c6   0x00000002   PAD
    0x000195c8   0x00000060   Code   RO          944    i.app_gap_set_device_name  app_gap.o
    0x00019628   0x00000016   Code   RO         4682    i.app_mailbox_create  app_mailbox.o
    0x0001963e   0x0000000a   Code   RO         4683    i.app_mailbox_get   app_mailbox.o
    0x00019648   0x00000020   Code   RO         4686    i.app_mailbox_put   app_mailbox.o
    0x00019668   0x000000a4   Code   RO         4687    i.app_mailbox_sized_get  app_mailbox.o
    0x0001970c   0x000000c4   Code   RO         4688    i.app_mailbox_sized_put  app_mailbox.o
    0x000197d0   0x0000002c   Code   RO         3344    i.app_notify        pstorage.o
    0x000197fc   0x00000020   Code   RO         3345    i.app_notify_error_state_transit  pstorage.o
    0x0001981c   0x00000044   Code   RO         4420    i.app_sched_event_get  app_scheduler.o
    0x00019860   0x00000100   Code   RO         4421    i.app_sched_event_put  app_scheduler.o
    0x00019960   0x0000001e   Code   RO         4422    i.app_sched_execute  app_scheduler.o
    0x0001997e   0x00000002   PAD
    0x00019980   0x0000002c   Code   RO         4423    i.app_sched_init    app_scheduler.o
    0x000199ac   0x0000002c   Code   RO         4468    i.app_timer_create  app_timer.o
    0x000199d8   0x0000001a   Code   RO         4597    i.app_timer_evt_get  app_timer_appsh.o
    0x000199f2   0x00000002   PAD
    0x000199f4   0x00000018   Code   RO         4598    i.app_timer_evt_schedule  app_timer_appsh.o
    0x00019a0c   0x00000090   Code   RO         4469    i.app_timer_init    app_timer.o
    0x00019a9c   0x0000007c   Code   RO         4470    i.app_timer_start   app_timer.o
    0x00019b18   0x00000054   Code   RO         4471    i.app_timer_stop    app_timer.o
    0x00019b6c   0x0000000c   Code   RO            5    i.assert_nrf_callback  main.o
    0x00019b78   0x00000034   Code   RO         2078    i.awakeNineAxesSensor  twi_slave_nine_axes_sensor.o
    0x00019bac   0x00000138   Code   RO         2911    i.battery_level_char_add  ble_bas.o
    0x00019ce4   0x00000048   Code   RO         1021    i.battery_timer_handler  battery_service.o
    0x00019d2c   0x00000068   Code   RO         2608    i.ble_advdata_set   ble_advdata.o
    0x00019d94   0x00000124   Code   RO         2675    i.ble_advertising_init  ble_advertising.o
    0x00019eb8   0x00000074   Code   RO         2676    i.ble_advertising_on_ble_evt  ble_advertising.o
    0x00019f2c   0x00000030   Code   RO         2677    i.ble_advertising_on_sys_evt  ble_advertising.o
    0x00019f5c   0x00000010   Code   RO         2679    i.ble_advertising_peer_address_clear  ble_advertising.o
    0x00019f6c   0x000001e0   Code   RO         2681    i.ble_advertising_start  ble_advertising.o
    0x0001a14c   0x00000074   Code   RO         2912    i.ble_bas_battery_level_update  ble_bas.o
    0x0001a1c0   0x00000048   Code   RO         2913    i.ble_bas_init      ble_bas.o
    0x0001a208   0x0000005e   Code   RO         2914    i.ble_bas_on_ble_evt  ble_bas.o
    0x0001a266   0x0000005e   Code   RO         2609    i.ble_device_addr_encode  ble_advdata.o
    0x0001a2c4   0x00000140   Code   RO         2943    i.ble_dis_init      ble_dis.o
    0x0001a404   0x00000012   Code   RO         2972    i.ble_srv_ascii_to_utf8  ble_srv_common.o
    0x0001a416   0x0000000c   Code   RO         2973    i.ble_srv_report_ref_encode  ble_srv_common.o
    0x0001a422   0x00000008   Code   RO         4665    i.bootloader_util_app_start  bootloader_util.o
    0x0001a42a   0x00000002   PAD
    0x0001a42c   0x0000001c   Code   RO         3717    i.channel_free      nrf_drv_gpiote.o
    0x0001a448   0x00000044   Code   RO         3718    i.channel_port_alloc  nrf_drv_gpiote.o
    0x0001a48c   0x00000010   Code   RO         3719    i.channel_port_get  nrf_drv_gpiote.o
    0x0001a49c   0x000000a0   Code   RO         2944    i.char_add          ble_dis.o
    0x0001a53c   0x00000190   Code   RO         2974    i.characteristic_add  ble_srv_common.o
    0x0001a6cc   0x00000104   Code   RO         3346    i.clear_operation_execute  pstorage.o
    0x0001a7d0   0x00000024   Code   RO         3347    i.clear_post_processing_run  pstorage.o
    0x0001a7f4   0x00000024   Code   RO         1259    i.closeLog          log_controller.o
    0x0001a818   0x00000038   Code   RO         3348    i.cmd_process       pstorage.o
    0x0001a850   0x00000020   Code   RO         3349    i.cmd_queue_element_init  pstorage.o
    0x0001a870   0x0000004c   Code   RO         3350    i.cmd_queue_enqueue  pstorage.o
    0x0001a8bc   0x0000003c   Code   RO         3351    i.command_end_procedure_run  pstorage.o
    0x0001a8f8   0x000000a8   Code   RO         4473    i.compare_reg_update  app_timer.o
    0x0001a9a0   0x00000088   Code   RO         2610    i.conn_int_encode   ble_advdata.o
    0x0001aa28   0x00000024   Code   RO         3012    i.connection_instance_init  device_manager_peripheral.o
    0x0001aa4c   0x00000010   Code   RO         2032    i.convertFromBCD    twi_slave_rtc.o
    0x0001aa5c   0x00000010   Code   RO         2033    i.convertToBCD      twi_slave_rtc.o
    0x0001aa6c   0x00000090   Code   RO         1260    i.createLog         log_controller.o
    0x0001aafc   0x00000044   Code   RO          293    i.current_int_priority_get  senstick_data_model.o
    0x0001ab40   0x00000044   Code   RO         1330    i.current_int_priority_get  senstick_sensor_controller.o
    0x0001ab84   0x00000044   Code   RO         4689    i.current_int_priority_get  app_mailbox.o
    0x0001abc8   0x00000054   Code   RO         3352    i.data_page_erase_state_run  pstorage.o
    0x0001ac1c   0x00000028   Code   RO         3353    i.data_to_swap_write_state_run  pstorage.o
    0x0001ac44   0x00000016   Code   RO         4690    i.dequeue           app_mailbox.o
    0x0001ac5a   0x0000001c   Code   RO         1622    i.deserializeSensorServiceLogID  senstick_sensor_base_data.o
    0x0001ac76   0x0000001c   Code   RO         1623    i.deserializesensor_service_setting  senstick_sensor_base_data.o
    0x0001ac92   0x00000002   PAD
    0x0001ac94   0x00000060   Code   RO         4337    i.detection_delay_timeout_handler  app_button.o
    0x0001acf4   0x00000012   Code   RO          988    i.device_manager_evt_handler  senstick_device_manager.o
    0x0001ad06   0x00000048   Code   RO            6    i.diposeBLEEvent    main.o
    0x0001ad4e   0x00000010   Code   RO            7    i.disposeSystemEvent  main.o
    0x0001ad5e   0x00000002   PAD
    0x0001ad60   0x0000001c   Code   RO         3027    i.dm_handle_initialize  device_manager_peripheral.o
    0x0001ad7c   0x000000a8   Code   RO         3028    i.dm_init           device_manager_peripheral.o
    0x0001ae24   0x00000160   Code   RO         3031    i.dm_pstorage_cb_handler  device_manager_peripheral.o
    0x0001af84   0x00000074   Code   RO         3032    i.dm_register       device_manager_peripheral.o
    0x0001aff8   0x00000040   Code   RO         4474    i.elapsed_ticks_acquire  app_timer.o
    0x0001b038   0x00000010   Code   RO         2474    i.enableAwakeByButton  gpio_button_monitoring.o
    0x0001b048   0x00000068   Code   RO         2301    i.erase4kSector     spi_slave_mx25_flash_memory.o
    0x0001b0b0   0x0000008c   Code   RO         1331    i.fillBLESensorData  senstick_sensor_controller.o
    0x0001b13c   0x00000020   Code   RO         3354    i.flash_api_err_code_process  pstorage.o
    0x0001b15c   0x000000c0   Code   RO         1332    i.flash_mailbox     senstick_sensor_controller.o
    0x0001b21c   0x00000080   Code   RO         3355    i.flash_operation_success_run  pstorage.o
    0x0001b29c   0x0000000a   Code   RO         3356    i.flash_page_erase  pstorage.o
    0x0001b2a6   0x0000000a   Code   RO         3357    i.flash_write       pstorage.o
    0x0001b2b0   0x00000068   Code   RO         2302    i.formatFlash       spi_slave_mx25_flash_memory.o
    0x0001b318   0x0000000e   Code   RO         1261    i.formatLog         log_controller.o
    0x0001b326   0x0000000e   Code   RO         1333    i.formatSensorSetting  senstick_sensor_controller.o
    0x0001b334   0x00000054   Code   RO         5132    i.free              mc_p.l(malloc.o)
    0x0001b388   0x0000002a   Code   RO         2079    i.getAccelerationData  twi_slave_nine_axes_sensor.o
    0x0001b3b2   0x00000034   Code   RO         1573    i.getBLEDataHandler  acceleration_sensor_base.o
    0x0001b3e6   0x00000034   Code   RO         1677    i.getBLEDataHandler  gyro_sensor_base.o
    0x0001b41a   0x00000034   Code   RO         1722    i.getBLEDataHandler  magnetic_sensor_base.o
    0x0001b44e   0x00000016   Code   RO         1767    i.getBLEDataHandler  brightness_sensor_base.o
    0x0001b464   0x00000016   Code   RO         1815    i.getBLEDataHandler  uv_sensor_base.o
    0x0001b47a   0x00000024   Code   RO         1863    i.getBLEDataHandler  humidity_sensor_base.o
    0x0001b49e   0x00000018   Code   RO         1911    i.getBLEDataHandler  pressure_sensor_base.o
    0x0001b4b6   0x00000002   PAD
    0x0001b4b8   0x00000030   Code   RO         1022    i.getBatteryLevel   battery_service.o
    0x0001b4e8   0x00000054   Code   RO         2159    i.getBrightnessData  twi_slave_brightness_sensor.o
    0x0001b53c   0x00000018   Code   RO         2219    i.getHumidityData   twi_slave_humidity_sensor.o
    0x0001b554   0x0000002c   Code   RO         2080    i.getMagneticFieldData  twi_slave_nine_axes_sensor.o
    0x0001b580   0x00000002   Code   RO         1574    i.getMaxMinValueHandler  acceleration_sensor_base.o
    0x0001b582   0x00000002   Code   RO         1678    i.getMaxMinValueHandler  gyro_sensor_base.o
    0x0001b584   0x00000002   Code   RO         1723    i.getMaxMinValueHandler  magnetic_sensor_base.o
    0x0001b586   0x00000002   Code   RO         1768    i.getMaxMinValueHandler  brightness_sensor_base.o
    0x0001b588   0x00000002   Code   RO         1816    i.getMaxMinValueHandler  uv_sensor_base.o
    0x0001b58a   0x00000002   Code   RO         1864    i.getMaxMinValueHandler  humidity_sensor_base.o
    0x0001b58c   0x00000002   Code   RO         1912    i.getMaxMinValueHandler  pressure_sensor_base.o
    0x0001b58e   0x00000002   PAD
    0x0001b590   0x00000034   Code   RO         2265    i.getPressureData   twi_slave_pressure_sensor.o
    0x0001b5c4   0x0000002a   Code   RO         2081    i.getRotationRateData  twi_slave_nine_axes_sensor.o
    0x0001b5ee   0x0000000a   Code   RO         1575    i.getSensorDataHandler  acceleration_sensor_base.o
    0x0001b5f8   0x0000000a   Code   RO         1679    i.getSensorDataHandler  gyro_sensor_base.o
    0x0001b602   0x0000000a   Code   RO         1724    i.getSensorDataHandler  magnetic_sensor_base.o
    0x0001b60c   0x0000000a   Code   RO         1769    i.getSensorDataHandler  brightness_sensor_base.o
    0x0001b616   0x0000000a   Code   RO         1817    i.getSensorDataHandler  uv_sensor_base.o
    0x0001b620   0x00000012   Code   RO         1865    i.getSensorDataHandler  humidity_sensor_base.o
    0x0001b632   0x0000000a   Code   RO         1913    i.getSensorDataHandler  pressure_sensor_base.o
    0x0001b63c   0x00000068   Code   RO         2034    i.getTWIRTCDateTime  twi_slave_rtc.o
    0x0001b6a4   0x00000018   Code   RO         2220    i.getTemperatureData  twi_slave_humidity_sensor.o
    0x0001b6bc   0x00000032   Code   RO         2189    i.getUVSensorData   twi_slave_uv_sensor.o
    0x0001b6ee   0x00000002   PAD
    0x0001b6f0   0x00000050   Code   RO         4338    i.gpiote_event_handler  app_button.o
    0x0001b740   0x00000010   Code   RO         1023    i.handle_battery_service_ble_event  battery_service.o
    0x0001b750   0x00000078   Code   RO         3358    i.head_restore_state_run  pstorage.o
    0x0001b7c8   0x00000014   Code   RO         2160    i.initBrightnessSensor  twi_slave_brightness_sensor.o
    0x0001b7dc   0x00000068   Code   RO         2475    i.initButtonMonitoring  gpio_button_monitoring.o
    0x0001b844   0x000000b4   Code   RO         2303    i.initFlashMemory   spi_slave_mx25_flash_memory.o
    0x0001b8f8   0x0000003a   Code   RO         2221    i.initHumiditySensor  twi_slave_humidity_sensor.o
    0x0001b932   0x00000002   PAD
    0x0001b934   0x00000084   Code   RO         2417    i.initLEDDriver     gpio_led_driver.o
    0x0001b9b8   0x00000002   Code   RO          713    i.initMetaDataLogController  metadata_log_controller.o
    0x0001b9ba   0x00000002   PAD
    0x0001b9bc   0x00000048   Code   RO         2082    i.initNineAxesSensor  twi_slave_nine_axes_sensor.o
    0x0001ba04   0x00000018   Code   RO         2266    i.initPressureSensor  twi_slave_pressure_sensor.o
    0x0001ba1c   0x00000002   Code   RO         2035    i.initRTC           twi_slave_rtc.o
    0x0001ba1e   0x00000008   Code   RO         1576    i.initSensorHandler  acceleration_sensor_base.o
    0x0001ba26   0x00000008   Code   RO         1680    i.initSensorHandler  gyro_sensor_base.o
    0x0001ba2e   0x00000008   Code   RO         1725    i.initSensorHandler  magnetic_sensor_base.o
    0x0001ba36   0x00000008   Code   RO         1770    i.initSensorHandler  brightness_sensor_base.o
    0x0001ba3e   0x00000008   Code   RO         1818    i.initSensorHandler  uv_sensor_base.o
    0x0001ba46   0x00000008   Code   RO         1866    i.initSensorHandler  humidity_sensor_base.o
    0x0001ba4e   0x00000008   Code   RO         1914    i.initSensorHandler  pressure_sensor_base.o
    0x0001ba56   0x00000024   Code   RO         1526    i.initSensorService  sensor_service.o
    0x0001ba7a   0x00000002   PAD
    0x0001ba7c   0x00000024   Code   RO         1142    i.initSenstickControlService  senstick_control_service.o
    0x0001baa0   0x00000018   Code   RO          294    i.initSenstickDataModel  senstick_data_model.o
    0x0001bab8   0x00000024   Code   RO         1098    i.initSenstickMetaDataService  senstick_meta_data_service.o
    0x0001badc   0x000000dc   Code   RO         1334    i.initSenstickSensorController  senstick_sensor_controller.o
    0x0001bbb8   0x00000090   Code   RO         1962    i.initTWIManager    twi_manager.o
    0x0001bc48   0x0000001e   Code   RO         2190    i.initUVSensor      twi_slave_uv_sensor.o
    0x0001bc66   0x00000002   PAD
    0x0001bc68   0x00000078   Code   RO          884    i.init_advertising_manager  advertising_manager.o
    0x0001bce0   0x000000c4   Code   RO          945    i.init_app_gap      app_gap.o
    0x0001bda4   0x000000ac   Code   RO         1024    i.init_battery_service  battery_service.o
    0x0001be50   0x00000074   Code   RO          917    i.init_ble_stack    ble_stack.o
    0x0001bec4   0x000000a4   Code   RO         1072    i.init_device_information_service  device_information_service.o
    0x0001bf68   0x00000064   Code   RO          989    i.init_device_manager  senstick_device_manager.o
    0x0001bfcc   0x00000008   Code   RO          790    i.int16ToByteArrayLittleEndian  value_types.o
    0x0001bfd4   0x00000080   Code   RO         4753    i.intern_softdevice_events_execute  softdevice_handler.o
    0x0001c054   0x00000024   Code   RO          714    i.isMetaLogFormatted  metadata_log_controller.o
    0x0001c078   0x00000014   Code   RO         1624    i.isValidSensorServiceCommand  senstick_sensor_base_data.o
    0x0001c08c   0x00000048   Code   RO         2574    i.is_manual_peripheral_setup_needed  system_nrf51.o
    0x0001c0d4   0x00000044   Code   RO         3359    i.is_page_erase_required  pstorage.o
    0x0001c118   0x0000000c   Code   RO         3360    i.is_word_aligned   pstorage.o
    0x0001c124   0x00000054   Code   RO         2611    i.le_role_encode    ble_advdata.o
    0x0001c178   0x0000003c   Code   RO         2418    i.ledDriver_observeButtonStatus  gpio_led_driver.o
    0x0001c1b4   0x00000008   Code   RO         2419    i.ledDriver_observeControlCommand  gpio_led_driver.o
    0x0001c1bc   0x00000040   Code   RO         2420    i.led_timer_handler  gpio_led_driver.o
    0x0001c1fc   0x000000bc   Code   RO         4475    i.list_deletions_handler  app_timer.o
    0x0001c2b8   0x000000d4   Code   RO         4476    i.list_insertions_handler  app_timer.o
    0x0001c38c   0x0000003c   Code   RO         1335    i.loadSensorSetting  senstick_sensor_controller.o
    0x0001c3c8   0x00000120   Code   RO            8    i.main              main.o
    0x0001c4e8   0x00000018   Code   RO         3361    i.main_state_err_busy_process  pstorage.o
    0x0001c500   0x0000006c   Code   RO         5133    i.malloc            mc_p.l(malloc.o)
    0x0001c56c   0x00000068   Code   RO         2612    i.manuf_specific_data_encode  ble_advdata.o
    0x0001c5d4   0x00000044   Code   RO          715    i.metaDataLogGetLogCount  metadata_log_controller.o
    0x0001c618   0x00000014   Code   RO          716    i.metaDataLogRead   metadata_log_controller.o
    0x0001c62c   0x00000048   Code   RO          717    i.metaDataLogReadAbstractText  metadata_log_controller.o
    0x0001c674   0x00000030   Code   RO          718    i.metaDataLogReadDateTime  metadata_log_controller.o
    0x0001c6a4   0x00000084   Code   RO          719    i.metaDataLogWrite  metadata_log_controller.o
    0x0001c728   0x0000006c   Code   RO          720    i.metaDatalog_observeControlCommand  metadata_log_controller.o
    0x0001c794   0x00000024   Code   RO          721    i.metaLogFormatStorage  metadata_log_controller.o
    0x0001c7b8   0x0000009e   Code   RO         2613    i.name_encode       ble_advdata.o
    0x0001c856   0x00000002   PAD
    0x0001c858   0x00000080   Code   RO         1336    i.notifyLogDataOfDevice  senstick_sensor_controller.o
    0x0001c8d8   0x00000022   Code   RO         1221    i.notifyToClient    service_util.o
    0x0001c8fa   0x00000002   PAD
    0x0001c8fc   0x00000040   Code   RO         3917    i.nrf_adc_configure  nrf_adc.o
    0x0001c93c   0x0000002c   Code   RO         3918    i.nrf_adc_convert_single  nrf_adc.o
    0x0001c968   0x00000020   Code   RO         3919    i.nrf_adc_input_select  nrf_adc.o
    0x0001c988   0x0000001c   Code   RO         3693    i.nrf_delay_ms      nrf_delay.o
    0x0001c9a4   0x00000078   Code   RO         3668    i.nrf_drv_common_irq_enable  nrf_drv_common.o
    0x0001ca1c   0x000000c4   Code   RO         3722    i.nrf_drv_gpiote_in_event_enable  nrf_drv_gpiote.o
    0x0001cae0   0x000000b0   Code   RO         3723    i.nrf_drv_gpiote_in_init  nrf_drv_gpiote.o
    0x0001cb90   0x0000002c   Code   RO         3724    i.nrf_drv_gpiote_in_is_set  nrf_drv_gpiote.o
    0x0001cbbc   0x00000054   Code   RO         3726    i.nrf_drv_gpiote_init  nrf_drv_gpiote.o
    0x0001cc10   0x00000010   Code   RO         3727    i.nrf_drv_gpiote_is_init  nrf_drv_gpiote.o
    0x0001cc20   0x0000004c   Code   RO         3728    i.nrf_drv_gpiote_out_clear  nrf_drv_gpiote.o
    0x0001cc6c   0x000000c8   Code   RO         3729    i.nrf_drv_gpiote_out_init  nrf_drv_gpiote.o
    0x0001cd34   0x0000004c   Code   RO         3730    i.nrf_drv_gpiote_out_set  nrf_drv_gpiote.o
    0x0001cd80   0x00000124   Code   RO         3952    i.nrf_drv_spi_init  nrf_drv_spi.o
    0x0001cea4   0x00000100   Code   RO         3953    i.nrf_drv_spi_transfer  nrf_drv_spi.o
    0x0001cfa4   0x00000080   Code   RO         4031    i.nrf_drv_twi_enable  nrf_drv_twi.o
    0x0001d024   0x000000a4   Code   RO         4032    i.nrf_drv_twi_init  nrf_drv_twi.o
    0x0001d0c8   0x000000e4   Code   RO         4033    i.nrf_drv_twi_int_handler  nrf_drv_twi.o
    0x0001d1ac   0x00000010   Code   RO         4034    i.nrf_drv_twi_rx    nrf_drv_twi.o
    0x0001d1bc   0x00000010   Code   RO         4035    i.nrf_drv_twi_tx    nrf_drv_twi.o
    0x0001d1cc   0x00000024   Code   RO         3739    i.nrf_gpio_cfg      nrf_drv_gpiote.o
    0x0001d1f0   0x00000024   Code   RO         3955    i.nrf_gpio_cfg      nrf_drv_spi.o
    0x0001d214   0x00000014   Code   RO         3956    i.nrf_gpio_cfg_output  nrf_drv_spi.o
    0x0001d228   0x00000020   Code   RO         3741    i.nrf_gpio_cfg_sense_set  nrf_drv_gpiote.o
    0x0001d248   0x00000010   Code   RO         3957    i.nrf_gpio_pin_set  nrf_drv_spi.o
    0x0001d258   0x00000010   Code   RO         4037    i.nrf_gpio_pin_set  nrf_drv_twi.o
    0x0001d268   0x00000014   Code   RO         3742    i.nrf_gpiote_event_is_set  nrf_drv_gpiote.o
    0x0001d27c   0x0000000a   Code   RO         4038    i.nrf_twi_event_check  nrf_drv_twi.o
    0x0001d286   0x0000000a   Code   RO         4205    i.nrf_uart_event_check  nrf_drv_uart.o
    0x0001d290   0x00000010   Code   RO         4206    i.nrf_uart_int_enable_check  nrf_drv_uart.o
    0x0001d2a0   0x000000ac   Code   RO         1099    i.onRWAuthReq       senstick_meta_data_service.o
    0x0001d34c   0x00000098   Code   RO         1143    i.onRWAuthReq       senstick_control_service.o
    0x0001d3e4   0x000000c4   Code   RO         1527    i.onRWAuthReq       sensor_service.o
    0x0001d4a8   0x00000064   Code   RO         1144    i.onRWAuthReq_rtc_char  senstick_control_service.o
    0x0001d50c   0x000000a4   Code   RO         1145    i.onWrite           senstick_control_service.o
    0x0001d5b0   0x00000002   Code   RO          885    i.on_advertising_error  advertising_manager.o
    0x0001d5b2   0x0000001a   Code   RO          886    i.on_advertising_event  advertising_manager.o
    0x0001d5cc   0x00000050   Code   RO         4039    i.on_error          nrf_drv_twi.o
    0x0001d61c   0x00000048   Code   RO         1262    i.openLog           log_controller.o
    0x0001d664   0x00000016   Code   RO         2683    i.peer_address_exists  ble_advertising.o
    0x0001d67a   0x00000002   PAD
    0x0001d67c   0x00000038   Code   RO         3051    i.peer_instance_init  device_manager_peripheral.o
    0x0001d6b4   0x00000014   Code   RO         3743    i.pin_in_use        nrf_drv_gpiote.o
    0x0001d6c8   0x00000014   Code   RO         3744    i.pin_in_use_by_gpiote  nrf_drv_gpiote.o
    0x0001d6dc   0x00000018   Code   RO         3745    i.pin_in_use_by_port  nrf_drv_gpiote.o
    0x0001d6f4   0x00000018   Code   RO         3746    i.pin_in_use_by_te  nrf_drv_gpiote.o
    0x0001d70c   0x0000003e   Code   RO         2945    i.pnp_id_encode     ble_dis.o
    0x0001d74a   0x00000002   PAD
    0x0001d74c   0x00000028   Code   RO         3362    i.pstorage_access_status_get  pstorage.o
    0x0001d774   0x00000058   Code   RO         3363    i.pstorage_block_identifier_get  pstorage.o
    0x0001d7cc   0x000000a8   Code   RO         3364    i.pstorage_clear    pstorage.o
    0x0001d874   0x00000024   Code   RO         3365    i.pstorage_flash_page_end  pstorage.o
    0x0001d898   0x0000000a   Code   RO         3366    i.pstorage_flash_page_size  pstorage.o
    0x0001d8a2   0x00000002   PAD
    0x0001d8a4   0x0000005c   Code   RO         3367    i.pstorage_init     pstorage.o
    0x0001d900   0x000000ac   Code   RO         3368    i.pstorage_load     pstorage.o
    0x0001d9ac   0x000000bc   Code   RO         3369    i.pstorage_register  pstorage.o
    0x0001da68   0x00000094   Code   RO         3370    i.pstorage_store    pstorage.o
    0x0001dafc   0x0000004c   Code   RO         3371    i.pstorage_sys_event_handler  pstorage.o
    0x0001db48   0x0000004c   Code   RO         2304    i.rawWriteFlash     spi_slave_mx25_flash_memory.o
    0x0001db94   0x00000014   Code   RO         1263    i.reOpenLog         log_controller.o
    0x0001dba8   0x000000dc   Code   RO         2305    i.readFlash         spi_slave_mx25_flash_memory.o
    0x0001dc84   0x00000010   Code   RO         2083    i.readFromMPU9250   twi_slave_nine_axes_sensor.o
    0x0001dc94   0x00000010   Code   RO         2222    i.readFromSHT20     twi_slave_humidity_sensor.o
    0x0001dca4   0x00000010   Code   RO         2306    i.readFromSPISlave  spi_slave_mx25_flash_memory.o
    0x0001dcb4   0x00000040   Code   RO         1963    i.readFromTwiSlave  twi_manager.o
    0x0001dcf4   0x00000012   Code   RO         1264    i.readHeader        log_controller.o
    0x0001dd06   0x0000000e   Code   RO          791    i.readInt16AsBigEndian  value_types.o
    0x0001dd14   0x0000000c   Code   RO          792    i.readInt16AsLittleEndian  value_types.o
    0x0001dd20   0x00000058   Code   RO         1265    i.readLog           log_controller.o
    0x0001dd78   0x00000068   Code   RO         1337    i.readSampleCount   senstick_sensor_controller.o
    0x0001dde0   0x0000000a   Code   RO          794    i.readUInt16AsLittleEndian  value_types.o
    0x0001ddea   0x00000014   Code   RO          795    i.readUInt32AsLittleEndian  value_types.o
    0x0001ddfe   0x00000002   PAD
    0x0001de00   0x00000044   Code   RO         4477    i.rtc1_stop         app_timer.o
    0x0001de44   0x00000060   Code   RO         4040    i.rx_address_req    nrf_drv_twi.o
    0x0001dea4   0x0000002c   Code   RO         4207    i.rx_byte           nrf_drv_uart.o
    0x0001ded0   0x00000034   Code   RO         4041    i.rx_done           nrf_drv_twi.o
    0x0001df04   0x00000020   Code   RO         4208    i.rx_done_event     nrf_drv_uart.o
    0x0001df24   0x00000008   Code   RO         4042    i.rx_prepare        nrf_drv_twi.o
    0x0001df2c   0x00000044   Code   RO         1338    i.saveSensorSetting  senstick_sensor_controller.o
    0x0001df70   0x00000008   Code   RO         1339    i.sched_event_handler  senstick_sensor_controller.o
    0x0001df78   0x0000002c   Code   RO         1266    i.seekLog           log_controller.o
    0x0001dfa4   0x0000003c   Code   RO         1528    i.sensorServiceNotifyLogData  sensor_service.o
    0x0001dfe0   0x00000032   Code   RO         1529    i.sensorServiceNotifyRealtimeData  sensor_service.o
    0x0001e012   0x0000006c   Code   RO         1530    i.sensorService_handleBLEEvent  sensor_service.o
    0x0001e07e   0x00000002   PAD
    0x0001e080   0x00000034   Code   RO         1146    i.senstickControlService_handleBLEEvent  senstick_control_service.o
    0x0001e0b4   0x0000001c   Code   RO         1147    i.senstickControlService_observeControlCommand  senstick_control_service.o
    0x0001e0d0   0x0000001c   Code   RO         1148    i.senstickControlService_observeCurrentLogCount  senstick_control_service.o
    0x0001e0ec   0x00000020   Code   RO         1149    i.senstickControlService_observeDiskFull  senstick_control_service.o
    0x0001e10c   0x00000070   Code   RO         1100    i.senstickMetaDataService_handleBLEEvent  senstick_meta_data_service.o
    0x0001e17c   0x00000030   Code   RO         1340    i.senstickSensorControllerFormatStorage  senstick_sensor_controller.o
    0x0001e1ac   0x00000030   Code   RO         1341    i.senstickSensorControllerGetNumOfLoggingReadySensor  senstick_sensor_controller.o
    0x0001e1dc   0x00000016   Code   RO         1342    i.senstickSensorControllerNotifyLogData  senstick_sensor_controller.o
    0x0001e1f2   0x00000002   PAD
    0x0001e1f4   0x000000b4   Code   RO         1343    i.senstickSensorControllerReadMetaData  senstick_sensor_controller.o
    0x0001e2a8   0x0000005c   Code   RO         1344    i.senstickSensorControllerReadSetting  senstick_sensor_controller.o
    0x0001e304   0x00000074   Code   RO         1345    i.senstickSensorControllerWriteLogID  senstick_sensor_controller.o
    0x0001e378   0x000000bc   Code   RO         1346    i.senstickSensorControllerWriteSetting  senstick_sensor_controller.o
    0x0001e434   0x00000034   Code   RO         1347    i.senstickSensorController_handleBLEEvent  senstick_sensor_controller.o
    0x0001e468   0x00000034   Code   RO         1348    i.senstickSensorController_observeControlCommand  senstick_sensor_controller.o
    0x0001e49c   0x0000000c   Code   RO          295    i.senstick_getButtonStatus  senstick_data_model.o
    0x0001e4a8   0x0000000c   Code   RO          296    i.senstick_getControlCommand  senstick_data_model.o
    0x0001e4b4   0x00000052   Code   RO          297    i.senstick_getCurrentDateTime  senstick_data_model.o
    0x0001e506   0x00000002   PAD
    0x0001e508   0x00000024   Code   RO          298    i.senstick_getCurrentLogAbstractText  senstick_data_model.o
    0x0001e52c   0x0000000c   Code   RO          299    i.senstick_getCurrentLogCount  senstick_data_model.o
    0x0001e538   0x0000000c   Code   RO          300    i.senstick_isConnected  senstick_data_model.o
    0x0001e544   0x00000038   Code   RO          302    i.senstick_setButtonStatus  senstick_data_model.o
    0x0001e57c   0x000000a4   Code   RO          303    i.senstick_setControlCommand  senstick_data_model.o
    0x0001e620   0x00000052   Code   RO          304    i.senstick_setCurrentDateTime  senstick_data_model.o
    0x0001e672   0x00000002   PAD
    0x0001e674   0x00000020   Code   RO          305    i.senstick_setCurrentLogAbstractText  senstick_data_model.o
    0x0001e694   0x00000010   Code   RO          306    i.senstick_setCurrentLogCount  senstick_data_model.o
    0x0001e6a4   0x00000010   Code   RO          307    i.senstick_setDiskFull  senstick_data_model.o
    0x0001e6b4   0x0000000c   Code   RO          308    i.senstick_setIsConnected  senstick_data_model.o
    0x0001e6c0   0x0000003a   Code   RO         1625    i.serializeSensorMetaData  senstick_sensor_base_data.o
    0x0001e6fa   0x0000001e   Code   RO         1627    i.serializesensor_service_setting  senstick_sensor_base_data.o
    0x0001e718   0x0000008e   Code   RO         2614    i.service_data_encode  ble_advdata.o
    0x0001e7a6   0x00000002   PAD
    0x0001e7a8   0x00000010   Code   RO         2476    i.setButtonStatus   gpio_button_monitoring.o
    0x0001e7b8   0x0000001e   Code   RO         1222    i.setCharacteristicsValue  service_util.o
    0x0001e7d6   0x00000016   Code   RO         2307    i.setChipEnable     spi_slave_mx25_flash_memory.o
    0x0001e7ec   0x00000016   Code   RO         2421    i.setLED            gpio_led_driver.o
    0x0001e802   0x00000030   Code   RO         2084    i.setNineAxesSensorAccelerationRange  twi_slave_nine_axes_sensor.o
    0x0001e832   0x00000030   Code   RO         2085    i.setNineAxesSensorRotationRange  twi_slave_nine_axes_sensor.o
    0x0001e862   0x00000002   PAD
    0x0001e864   0x00000034   Code   RO         1349    i.setSensorPower    senstick_sensor_controller.o
    0x0001e898   0x00000088   Code   RO         1350    i.setSensorShoudlWork  senstick_sensor_controller.o
    0x0001e920   0x00000016   Code   RO         1577    i.setSensorWakeupHandler  acceleration_sensor_base.o
    0x0001e936   0x00000016   Code   RO         1681    i.setSensorWakeupHandler  gyro_sensor_base.o
    0x0001e94c   0x0000000e   Code   RO         1726    i.setSensorWakeupHandler  magnetic_sensor_base.o
    0x0001e95a   0x0000000a   Code   RO         1771    i.setSensorWakeupHandler  brightness_sensor_base.o
    0x0001e964   0x0000000a   Code   RO         1819    i.setSensorWakeupHandler  uv_sensor_base.o
    0x0001e96e   0x00000010   Code   RO         1867    i.setSensorWakeupHandler  humidity_sensor_base.o
    0x0001e97e   0x0000000a   Code   RO         1915    i.setSensorWakeupHandler  pressure_sensor_base.o
    0x0001e988   0x0000007c   Code   RO         2036    i.setTWIRTCDateTime  twi_slave_rtc.o
    0x0001ea04   0x0000004a   Code   RO         1150    i.setValueAndNotify  senstick_control_service.o
    0x0001ea4e   0x0000002e   Code   RO         2976    i.set_security_req  ble_srv_common.o
    0x0001ea7c   0x00000048   Code   RO         3373    i.sm_state_change   pstorage.o
    0x0001eac4   0x0000000c   Code   RO         4754    i.softdevice_assertion_handler  softdevice_handler.o
    0x0001ead0   0x00000014   Code   RO         4755    i.softdevice_ble_evt_handler_set  softdevice_handler.o
    0x0001eae4   0x00000030   Code   RO         4756    i.softdevice_handler_init  softdevice_handler.o
    0x0001eb14   0x00000014   Code   RO         4759    i.softdevice_sys_evt_handler_set  softdevice_handler.o
    0x0001eb28   0x00000016   Code   RO          887    i.startAdvertising  advertising_manager.o
    0x0001eb3e   0x00000002   PAD
    0x0001eb40   0x0000001c   Code   RO         2422    i.startBlinking     gpio_led_driver.o
    0x0001eb5c   0x00000070   Code   RO          309    i.startDFU          senstick_data_model.o
    0x0001ebcc   0x00000064   Code   RO         3374    i.state_data_erase_swap_entry_run  pstorage.o
    0x0001ec30   0x00000010   Code   RO         3375    i.state_erase_data_page_entry_run  pstorage.o
    0x0001ec40   0x00000058   Code   RO         4043    i.state_machine     nrf_drv_twi.o
    0x0001ec98   0x00000028   Code   RO         3376    i.state_restore_head_entry_run  pstorage.o
    0x0001ecc0   0x0000004c   Code   RO         3377    i.state_restore_tail_entry_run  pstorage.o
    0x0001ed0c   0x00000020   Code   RO         3378    i.state_swap_erase_entry_run  pstorage.o
    0x0001ed2c   0x00000030   Code   RO         3379    i.state_write_data_swap_entry_run  pstorage.o
    0x0001ed5c   0x0000004c   Code   RO         1351    i.stopLogging       senstick_sensor_controller.o
    0x0001eda8   0x0000005c   Code   RO         3380    i.store_cmd_flash_write_execute  pstorage.o
    0x0001ee04   0x0000001c   Code   RO         3381    i.swap_erase_state_run  pstorage.o
    0x0001ee20   0x00000018   Code   RO         3382    i.swap_sub_state_err_busy_process  pstorage.o
    0x0001ee38   0x00000014   Code   RO         3383    i.swap_sub_state_state_change  pstorage.o
    0x0001ee4c   0x00000056   Code   RO         2946    i.sys_id_encode     ble_dis.o
    0x0001eea2   0x00000002   PAD
    0x0001eea4   0x0000001c   Code   RO         3384    i.tail_restore_state_run  pstorage.o
    0x0001eec0   0x00000040   Code   RO         2477    i.timer_handler     gpio_button_monitoring.o
    0x0001ef00   0x00000084   Code   RO         4478    i.timer_list_handler  app_timer.o
    0x0001ef84   0x00000010   Code   RO         4479    i.timer_list_handler_sched  app_timer.o
    0x0001ef94   0x00000040   Code   RO         4480    i.timer_list_insert  app_timer.o
    0x0001efd4   0x00000084   Code   RO         4481    i.timer_timeouts_check  app_timer.o
    0x0001f058   0x00000084   Code   RO         2308    i.transferSPISlaveWithAddress  spi_slave_mx25_flash_memory.o
    0x0001f0dc   0x00000060   Code   RO         2309    i.transferToSPISlave  spi_slave_mx25_flash_memory.o
    0x0001f13c   0x00000050   Code   RO         3958    i.transfer_byte     nrf_drv_spi.o
    0x0001f18c   0x0000000c   Code   RO         1964    i.twiPowerDown      twi_manager.o
    0x0001f198   0x00000098   Code   RO         4044    i.twi_clear_bus     nrf_drv_twi.o
    0x0001f230   0x000001b0   Code   RO         4045    i.twi_transfer      nrf_drv_twi.o
    0x0001f3e0   0x0000002c   Code   RO         4210    i.tx_byte           nrf_drv_uart.o
    0x0001f40c   0x00000024   Code   RO         4046    i.tx_done           nrf_drv_twi.o
    0x0001f430   0x00000020   Code   RO         4211    i.tx_done_event     nrf_drv_uart.o
    0x0001f450   0x00000028   Code   RO         4047    i.tx_prepare        nrf_drv_twi.o
    0x0001f478   0x00000090   Code   RO         4048    i.txrx_shorts_set_task_start  nrf_drv_twi.o
    0x0001f508   0x00000008   Code   RO          797    i.uint16ToByteArrayLittleEndian  value_types.o
    0x0001f510   0x0000000a   Code   RO         2615    i.uint16_encode     ble_advdata.o
    0x0001f51a   0x00000010   Code   RO         2310    i.uint32ToByteArray  spi_slave_mx25_flash_memory.o
    0x0001f52a   0x00000010   Code   RO          799    i.uint32ToByteArrayLittleEndian  value_types.o
    0x0001f53a   0x00000002   PAD
    0x0001f53c   0x00000044   Code   RO         2423    i.updateNextBlink   gpio_led_driver.o
    0x0001f580   0x00000014   Code   RO         3053    i.update_status_bit_reset  device_manager_peripheral.o
    0x0001f594   0x00000054   Code   RO         4482    i.user_id_get       app_timer.o
    0x0001f5e8   0x00000026   Code   RO         4483    i.user_op_alloc     app_timer.o
    0x0001f60e   0x00000030   Code   RO         2616    i.uuid_list_encode  ble_advdata.o
    0x0001f63e   0x000000ae   Code   RO         2617    i.uuid_list_sized_encode  ble_advdata.o
    0x0001f6ec   0x00000028   Code   RO         2311    i.waitFlashReady    spi_slave_mx25_flash_memory.o
    0x0001f714   0x00000010   Code   RO         2684    i.whitelist_has_entries  ble_advertising.o
    0x0001f724   0x0000000e   Code   RO         2312    i.writeCommandWriteEnable  spi_slave_mx25_flash_memory.o
    0x0001f732   0x00000002   PAD
    0x0001f734   0x00000088   Code   RO         2313    i.writeFlash        spi_slave_mx25_flash_memory.o
    0x0001f7bc   0x00000058   Code   RO         1267    i.writeLog          log_controller.o
    0x0001f814   0x00000010   Code   RO         2087    i.writeToAK8963     twi_slave_nine_axes_sensor.o
    0x0001f824   0x00000010   Code   RO         2267    i.writeToLPS25HB    twi_slave_pressure_sensor.o
    0x0001f834   0x00000010   Code   RO         2088    i.writeToMPU9250    twi_slave_nine_axes_sensor.o
    0x0001f844   0x00000010   Code   RO         2223    i.writeToSHT20      twi_slave_humidity_sensor.o
    0x0001f854   0x0000000c   Code   RO         2314    i.writeToSPISlave   spi_slave_mx25_flash_memory.o
    0x0001f860   0x00000048   Code   RO         1965    i.writeToTwiSlave   twi_manager.o
    0x0001f8a8   0x00000010   Data   RO           10    .constdata          main.o
    0x0001f8b8   0x0000000c   Data   RO         1027    .constdata          battery_service.o
    0x0001f8c4   0x0000000c   Data   RO         1354    .constdata          senstick_sensor_controller.o
    0x0001f8d0   0x00000020   Data   RO         1578    .constdata          acceleration_sensor_base.o
    0x0001f8f0   0x00000020   Data   RO         1682    .constdata          gyro_sensor_base.o
    0x0001f910   0x00000020   Data   RO         1727    .constdata          magnetic_sensor_base.o
    0x0001f930   0x00000020   Data   RO         1772    .constdata          brightness_sensor_base.o
    0x0001f950   0x00000020   Data   RO         1820    .constdata          uv_sensor_base.o
    0x0001f970   0x00000020   Data   RO         1868    .constdata          humidity_sensor_base.o
    0x0001f990   0x00000020   Data   RO         1916    .constdata          pressure_sensor_base.o
    0x0001f9b0   0x00000004   Data   RO         2425    .constdata          gpio_led_driver.o
    0x0001f9b4   0x00000004   Data   RO         2479    .constdata          gpio_button_monitoring.o
    0x0001f9b8   0x00000028   Data   RO         3386    .constdata          pstorage.o
    0x0001f9e0   0x00000010   Data   RO         3960    .constdata          nrf_drv_spi.o
    0x0001f9f0   0x00000034   Data   RO         4050    .constdata          nrf_drv_twi.o
    0x0001fa24   0x00000010   Data   RO         4051    .constdata          nrf_drv_twi.o
    0x0001fa34   0x00000028   Data   RO         4052    .constdata          nrf_drv_twi.o
    0x0001fa5c   0x00000020   Data   RO         4053    .constdata          nrf_drv_twi.o
    0x0001fa7c   0x00000018   Data   RO         4054    .constdata          nrf_drv_twi.o
    0x0001fa94   0x00000018   Data   RO         4055    .constdata          nrf_drv_twi.o
    0x0001faac   0x00000008   Data   RO         4340    .constdata          app_button.o
    0x0001fab4   0x00000052   Data   RO         3669    .conststring        nrf_drv_common.o
    0x0001fb06   0x00000002   PAD
    0x0001fb08   0x00000052   Data   RO         3748    .conststring        nrf_drv_gpiote.o
    0x0001fb5a   0x00000002   PAD
    0x0001fb5c   0x00000053   Data   RO         3961    .conststring        nrf_drv_spi.o
    0x0001fbaf   0x00000001   PAD
    0x0001fbb0   0x00000053   Data   RO         4056    .conststring        nrf_drv_twi.o
    0x0001fc03   0x00000001   PAD
    0x0001fc04   0x00000052   Data   RO         4691    .conststring        app_mailbox.o
    0x0001fc56   0x00000002   PAD
    0x0001fc58   0x00000020   Data   RO         5205    Region$$Table       anon$$obj.o


    Execution Region RW_IRAM1 (Base: 0x20002680, Size: 0x000017b0, Max: 0x00001980, ABSOLUTE, COMPRESSED[0x00000034])

    Base Addr    Size         Type   Attr      Idx    E Section Name        Object

    0x20002680   0x0000000c   Data   RW          947    .data               app_gap.o
    0x2000268c   0x00000001   Data   RW          990    .data               senstick_device_manager.o
    0x2000268d   0x00000003   PAD
    0x20002690   0x0000001c   Data   RW         1355    .data               senstick_sensor_controller.o
    0x200026ac   0x00000004   Data   RW         1356    .data               senstick_sensor_controller.o
    0x200026b0   0x00000008   Data   RW         1966    .data               twi_manager.o
    0x200026b8   0x00000008   Data   RW         2315    .data               spi_slave_mx25_flash_memory.o
    0x200026c0   0x0000000c   Data   RW         2426    .data               gpio_led_driver.o
    0x200026cc   0x0000000c   Data   RW         2480    .data               gpio_button_monitoring.o
    0x200026d8   0x00000004   Data   RW         2575    .data               system_nrf51.o
    0x200026dc   0x0000001f   Data   RW         2686    .data               ble_advertising.o
    0x200026fb   0x00000001   PAD
    0x200026fc   0x0000004a   Data   RW         2947    .data               ble_dis.o
    0x20002746   0x00000002   PAD
    0x20002748   0x00000010   Data   RW         3057    .data               device_manager_peripheral.o
    0x20002758   0x00000024   Data   RW         3387    .data               pstorage.o
    0x2000277c   0x00000020   Data   RW         4057    .data               nrf_drv_twi.o
    0x2000279c   0x00000014   Data   RW         4341    .data               app_button.o
    0x200027b0   0x00000010   Data   RW         4424    .data               app_scheduler.o
    0x200027c0   0x00000020   Data   RW         4484    .data               app_timer.o
    0x200027e0   0x00000014   Data   RW         4760    .data               softdevice_handler.o
    0x200027f4   0x00000004   Data   RW         5179    .data               mc_p.l(mvars.o)
    0x200027f8   0x00000004   Data   RW         5180    .data               mc_p.l(mvars.o)
    0x200027fc   0x00000438   Zero   RW            9    .bss                main.o
    0x20002c34   0x0000001b   Zero   RW          310    .bss                senstick_data_model.o
    0x20002c4f   0x00000001   PAD
    0x20002c50   0x00000048   Zero   RW          918    .bss                ble_stack.o
    0x20002c98   0x00000018   Zero   RW          946    .bss                app_gap.o
    0x20002cb0   0x00000020   Zero   RW         1025    .bss                battery_service.o
    0x20002cd0   0x00000018   Zero   RW         1026    .bss                battery_service.o
    0x20002ce8   0x00000011   Zero   RW         1073    .bss                device_information_service.o
    0x20002cf9   0x00000001   PAD
    0x20002cfa   0x0000001e   Zero   RW         1101    .bss                senstick_meta_data_service.o
    0x20002d18   0x00000034   Zero   RW         1151    .bss                senstick_control_service.o
    0x20002d4c   0x0000021c   Zero   RW         1352    .bss                senstick_sensor_controller.o
    0x20002f68   0x00000370   Zero   RW         1353    .bss                senstick_sensor_controller.o
    0x200032d8   0x00000020   Zero   RW         2424    .bss                gpio_led_driver.o
    0x200032f8   0x00000020   Zero   RW         2478    .bss                gpio_button_monitoring.o
    0x20003318   0x00000103   Zero   RW         2685    .bss                ble_advertising.o
    0x2000341b   0x00000001   PAD
    0x2000341c   0x0000008b   Zero   RW         3054    .bss                device_manager_peripheral.o
    0x200034a7   0x00000001   PAD
    0x200034a8   0x000000e4   Zero   RW         3385    .bss                pstorage.o
    0x2000358c   0x00000038   Zero   RW         3747    .bss                nrf_drv_gpiote.o
    0x200035c4   0x00000018   Zero   RW         3959    .bss                nrf_drv_spi.o
    0x200035dc   0x00000018   Zero   RW         4049    .bss                nrf_drv_twi.o
    0x200035f4   0x00000018   Zero   RW         4212    .bss                nrf_drv_uart.o
    0x2000360c   0x00000020   Zero   RW         4339    .bss                app_button.o
    0x2000362c   0x00000004   PAD
    0x20003630   0x00000000   Zero   RW         2564    HEAP                arm_startup_nrf51.o
    0x20003630   0x00000800   Zero   RW         2563    STACK               arm_startup_nrf51.o


==============================================================================

Image component sizes


      Code (inc. data)   RO Data    RW Data    ZI Data      Debug   Object Name

        94          0         32          0          0       4121   acceleration_sensor_base.o
       170          8          0          0          0       2578   advertising_manager.o
       392         84          8         20         32       6638   app_button.o
       386         40          0         12         24       4130   app_gap.o
       514         22         82          0          0       6853   app_mailbox.o
       398         26          0         16          0       6467   app_scheduler.o
      1700        152          0         32          0      25655   app_timer.o
        50          6          0          0          0       2321   app_timer_appsh.o
        56         18        192          0       2048        644   arm_startup_nrf51.o
       308         36         12          0         56       7156   battery_service.o
      1588          6          0          0          0      15936   ble_advdata.o
       990         32          0         31        259      12261   ble_advertising.o
       594         20          0          0          0       5867   ble_bas.o
       628         16          0         74          0       5147   ble_dis.o
       476          8          0          0          0       3653   ble_srv_common.o
       116          8          0          0         72       1573   ble_stack.o
        60          2          0          0          0       1148   bootloader_util.o
        52          0         32          0          0       3551   brightness_sensor_base.o
       164         58          0          0         17       2658   device_information_service.o
       788         70          0         16        139      15355   device_manager_peripheral.o
       296         50          4         12         32       8057   gpio_button_monitoring.o
       382         50          4         12         32       4874   gpio_led_driver.o
        94          0         32          0          0       3097   gyro_sensor_base.o
        80          0         32          0          0       3753   humidity_sensor_base.o
       524        104          0          0          0       6668   log_controller.o
        86          0         32          0          0       3117   magnetic_sensor_base.o
       400         26         16          0       1080      86126   main.o
       522         54          0          0          0       7365   metadata_log_controller.o
       140         20          0          0          0       4361   nrf_adc.o
        58          4          0          0          0       1591   nrf_delay.o
       120         22         82          0          0       7248   nrf_drv_common.o
      1408        182         82          0         56      24030   nrf_drv_gpiote.o
       776         52         99          0         24      13813   nrf_drv_spi.o
      1868        164        271         32         24      35685   nrf_drv_twi.o
       438         54          0          0         24      10911   nrf_drv_uart.o
        54          0         32          0          0       3601   pressure_sensor_base.o
      2718        254         40         36        228      32272   pstorage.o
       850          0          0          0          0       5518   sensor_service.o
      1114         80          0          0         52      18773   senstick_control_service.o
       774         96          0          0         27      17922   senstick_data_model.o
       118          8          0          1          0       4866   senstick_device_manager.o
       572         30          0          0         30       7407   senstick_meta_data_service.o
       164          0          0          0          0       3474   senstick_sensor_base_data.o
      2308        318         12         32       1420      29886   senstick_sensor_controller.o
        64          0          0          0          0       1745   service_util.o
       264         24          0         20          0       5768   softdevice_handler.o
      1196        208          0          8          0      19665   spi_slave_mx25_flash_memory.o
       156         26          0          4          0       1903   system_nrf51.o
       340         46          0          8          0      12347   twi_manager.o
       104          6          0          0          0       2335   twi_slave_brightness_sensor.o
       138          0          0          0          0       3792   twi_slave_humidity_sensor.o
       396         20          0          0          0       7128   twi_slave_nine_axes_sensor.o
        92         10          0          0          0       2767   twi_slave_pressure_sensor.o
       292          0          0          0          0       4762   twi_slave_rtc.o
        80          0          0          0          0       1821   twi_slave_uv_sensor.o
        52          0         32          0          0       3391   uv_sensor_base.o
        88          0          0          0          0       3714   value_types.o

    ----------------------------------------------------------------------
     28718       2520       1168        372       5684     549265   Object Totals
         0          0         32          0          0          0   (incl. Generated)
        68          0          8          6          8          0   (incl. Padding)

    ----------------------------------------------------------------------

      Code (inc. data)   RO Data    RW Data    ZI Data      Debug   Library Member Name

        86          0          0          0          0          0   __dczerorl2.o
         0          0          0          0          0          0   entry.o
         0          0          0          0          0          0   entry10a.o
         0          0          0          0          0          0   entry11a.o
         8          4          0          0          0          0   entry2.o
         4          0          0          0          0          0   entry5.o
         0          0          0          0          0          0   entry7b.o
         0          0          0          0          0          0   entry8b.o
         8          4          0          0          0          0   entry9a.o
        30          0          0          0          0          0   handlers.o
        40          0          0          0          0         72   idiv.o
        36          8          0          0          0         68   init.o
        32          0          0          0          0         68   llshl.o
        34          0          0          0          0         68   llushr.o
       192         20          0          0          0        144   malloc.o
        26          0          0          0          0         72   memcmp.o
        36          0          0          0          0         60   memcpya.o
        36          0          0          0          0        100   memseta.o
         0          0          0          8          0          0   mvars.o
      1190         48          0          0          0        384   printf8.o
        18          0          0          0          0         60   strcpy.o
        14          0          0          0          0         60   strlen.o
        26          0          0          0          0         68   strncpy.o
        44          0          0          0          0         72   uidiv.o
        96          0          0          0          0         84   uldiv.o
        20          0          0          0          0         60   uread4.o

    ----------------------------------------------------------------------
      1978         84          0          8          0       1440   Library Totals
         2          0          0          0          0          0   (incl. Padding)

    ----------------------------------------------------------------------

      Code (inc. data)   RO Data    RW Data    ZI Data      Debug   Library Name

      1976         84          0          8          0       1440   mc_p.l

    ----------------------------------------------------------------------
      1978         84          0          8          0       1440   Library Totals

    ----------------------------------------------------------------------

==============================================================================


      Code (inc. data)   RO Data    RW Data    ZI Data      Debug   

     30696       2604       1168        380       5684     532981   Grand Totals
     30696       2604       1168         52       5684     532981   ELF Image Totals (compressed)
     30696       2604       1168         52          0          0   ROM Totals

==============================================================================

    Total RO  Size (Code + RO Data)                31864 (  31.12kB)
    Total RW  Size (RW Data + ZI Data)              6064 (   5.92kB)
    Total ROM Size (Code + RO Data + RW Data)      31916 (  31.17kB)

==============================================================================

