Component: ARM Compiler 5.06 update 2 (build 183) Tool: armlink [4d35b7]

==============================================================================

Section Cross References

    main.o(i.app_error_handler) refers to nrf_delay.o(i.nrf_delay_ms) for nrf_delay_ms
    main.o(i.assert_nrf_callback) refers to nrf_delay.o(i.nrf_delay_ms) for nrf_delay_ms
    main.o(i.diposeBLEEvent) refers to app_gap.o(i.app_gap_on_ble_event) for app_gap_on_ble_event
    main.o(i.diposeBLEEvent) refers to ble_advertising.o(i.ble_advertising_on_ble_evt) for ble_advertising_on_ble_evt
    main.o(i.diposeBLEEvent) refers to battery_service.o(i.handle_battery_service_ble_event) for handle_battery_service_ble_event
    main.o(i.diposeBLEEvent) refers to senstick_control_service.o(i.senstickControlService_handleBLEEvent) for senstickControlService_handleBLEEvent
    main.o(i.diposeBLEEvent) refers to senstick_meta_data_service.o(i.senstickMetaDataService_handleBLEEvent) for senstickMetaDataService_handleBLEEvent
    main.o(i.diposeBLEEvent) refers to senstick_sensor_controller.o(i.senstickSensorController_handleBLEEvent) for senstickSensorController_handleBLEEvent
    main.o(i.diposeBLEEvent) refers to senstick_data_model.o(i.senstick_setIsConnected) for senstick_setIsConnected
    main.o(i.diposeBLEEvent) refers to advertising_manager.o(i.init_advertising_manager) for init_advertising_manager
    main.o(i.diposeBLEEvent) refers to advertising_manager.o(i.startAdvertising) for startAdvertising
    main.o(i.diposeBLEEvent) refers to main.o(.data) for .data
    main.o(i.disposeSystemEvent) refers to pstorage.o(i.pstorage_sys_event_handler) for pstorage_sys_event_handler
    main.o(i.disposeSystemEvent) refers to ble_advertising.o(i.ble_advertising_on_sys_evt) for ble_advertising_on_sys_evt
    main.o(i.main) refers to app_scheduler.o(i.app_sched_init) for app_sched_init
    main.o(i.main) refers to nrf_delay.o(i.nrf_delay_ms) for nrf_delay_ms
    main.o(i.main) refers to app_timer.o(i.app_timer_init) for app_timer_init
    main.o(i.main) refers to twi_manager.o(i.initTWIManager) for initTWIManager
    main.o(i.main) refers to twi_slave_rtc.o(i.initRTC) for initRTC
    main.o(i.main) refers to gpio_led_driver.o(i.initLEDDriver) for initLEDDriver
    main.o(i.main) refers to gpio_button_monitoring.o(i.initButtonMonitoring) for initButtonMonitoring
    main.o(i.main) refers to spi_slave_mx25_flash_memory.o(i.initFlashMemory) for initFlashMemory
    main.o(i.main) refers to senstick_data_model.o(i.initSenstickDataModel) for initSenstickDataModel
    main.o(i.main) refers to metadata_log_controller.o(i.initMetaDataLogController) for initMetaDataLogController
    main.o(i.main) refers to pstorage.o(i.pstorage_init) for pstorage_init
    main.o(i.main) refers to ble_stack.o(i.init_ble_stack) for init_ble_stack
    main.o(i.main) refers to app_gap.o(i.init_app_gap) for init_app_gap
    main.o(i.main) refers to senstick_device_manager.o(i.init_device_manager) for init_device_manager
    main.o(i.main) refers to advertising_manager.o(i.init_advertising_manager) for init_advertising_manager
    main.o(i.main) refers to device_information_service.o(i.init_device_information_service) for init_device_information_service
    main.o(i.main) refers to battery_service.o(i.init_battery_service) for init_battery_service
    main.o(i.main) refers to senstick_control_service.o(i.initSenstickControlService) for initSenstickControlService
    main.o(i.main) refers to senstick_meta_data_service.o(i.initSenstickMetaDataService) for initSenstickMetaDataService
    main.o(i.main) refers to senstick_sensor_controller.o(i.initSenstickSensorController) for initSenstickSensorController
    main.o(i.main) refers to metadata_log_controller.o(i.isMetaLogFormatted) for isMetaLogFormatted
    main.o(i.main) refers to metadata_log_controller.o(i.metaLogFormatStorage) for metaLogFormatStorage
    main.o(i.main) refers to senstick_sensor_controller.o(i.senstickSensorControllerFormatStorage) for senstickSensorControllerFormatStorage
    main.o(i.main) refers to metadata_log_controller.o(i.metaDataLogGetLogCount) for metaDataLogGetLogCount
    main.o(i.main) refers to senstick_data_model.o(i.senstick_setCurrentLogCount) for senstick_setCurrentLogCount
    main.o(i.main) refers to senstick_sensor_controller.o(i.senstickSensorControllerIsDataFull) for senstickSensorControllerIsDataFull
    main.o(i.main) refers to senstick_data_model.o(i.senstick_setDiskFull) for senstick_setDiskFull
    main.o(i.main) refers to senstick_data_model.o(i.senstick_setControlCommand) for senstick_setControlCommand
    main.o(i.main) refers to advertising_manager.o(i.startAdvertising) for startAdvertising
    main.o(i.main) refers to app_scheduler.o(i.app_sched_execute) for app_sched_execute
    main.o(i.main) refers to main.o(.bss) for .bss
    main.o(i.main) refers to app_timer_appsh.o(i.app_timer_evt_schedule) for app_timer_evt_schedule
[...]
    __cxa_finalize                            - Undefined Weak Reference
    _clock_init                               - Undefined Weak Reference
    _microlib_exit                            - Undefined Weak Reference
    __Vectors_Size                           0x000000c0   Number         0  arm_startup_nrf51.o ABSOLUTE
    __Vectors                                0x00018000   Data           4  arm_startup_nrf51.o(RESET)
    __Vectors_End                            0x000180c0   Data           0  arm_startup_nrf51.o(RESET)
    __main                                   0x000180c1   Thumb Code     0  entry.o(.ARM.Collect$$$$00000000)
    _main_stk                                0x000180c1   Thumb Code     0  entry2.o(.ARM.Collect$$$$00000001)
    _main_scatterload                        0x000180c5   Thumb Code     0  entry5.o(.ARM.Collect$$$$00000004)
    __main_after_scatterload                 0x000180c9   Thumb Code     0  entry5.o(.ARM.Collect$$$$00000004)
    _main_clock                              0x000180c9   Thumb Code     0  entry7b.o(.ARM.Collect$$$$00000008)
    _main_cpp_init                           0x000180c9   Thumb Code     0  entry8b.o(.ARM.Collect$$$$0000000A)
    _main_init                               0x000180c9   Thumb Code     0  entry9a.o(.ARM.Collect$$$$0000000B)
    __rt_final_cpp                           0x000180d1   Thumb Code     0  entry10a.o(.ARM.Collect$$$$0000000D)
    __rt_final_exit                          0x000180d1   Thumb Code     0  entry11a.o(.ARM.Collect$$$$0000000F)
    __asm___15_twi_slave_rtc_c_initRTC__nrf_delay_us 0x000180d5   Thumb Code    30  twi_slave_rtc.o(.emb_text)
    __asm___11_nrf_delay_c_532987f3__nrf_delay_us 0x000180f5   Thumb Code    30  nrf_delay.o(.emb_text)
    __asm___13_nrf_drv_twi_c_a9bcf68d__nrf_delay_us 0x00018115   Thumb Code    30  nrf_drv_twi.o(.emb_text)
    __asm___11_app_timer_c_cd27f9c3__nrf_delay_us 0x00018135   Thumb Code    30  app_timer.o(.emb_text)
    __asm___17_bootloader_util_c_c13d365c__bootloader_util_reset 0x00018155   Thumb Code    52  bootloader_util.o(.emb_text)
    Reset_Handler                            0x00018189   Thumb Code    26  arm_startup_nrf51.o(.text)
    NMI_Handler                              0x000181a3   Thumb Code     2  arm_startup_nrf51.o(.text)
    HardFault_Handler                        0x000181a5   Thumb Code     2  arm_startup_nrf51.o(.text)
    SVC_Handler                              0x000181a7   Thumb Code     2  arm_startup_nrf51.o(.text)
    PendSV_Handler                           0x000181a9   Thumb Code     2  arm_startup_nrf51.o(.text)
    SysTick_Handler                          0x000181ab   Thumb Code     2  arm_startup_nrf51.o(.text)
    ADC_IRQHandler                           0x000181ad   Thumb Code     0  arm_startup_nrf51.o(.text)
    CCM_AAR_IRQHandler                       0x000181ad   Thumb Code     0  arm_startup_nrf51.o(.text)
    ECB_IRQHandler                           0x000181ad   Thumb Code     0  arm_startup_nrf51.o(.text)
    LPCOMP_IRQHandler                        0x000181ad   Thumb Code     0  arm_startup_nrf51.o(.text)
    POWER_CLOCK_IRQHandler                   0x000181ad   Thumb Code     0  arm_startup_nrf51.o(.text)
    QDEC_IRQHandler                          0x000181ad   Thumb Code     0  arm_startup_nrf51.o(.text)
    RADIO_IRQHandler                         0x000181ad   Thumb Code     0  arm_startup_nrf51.o(.text)
    RNG_IRQHandler                           0x000181ad   Thumb Code     0  arm_startup_nrf51.o(.text)
    RTC0_IRQHandler                          0x000181ad   Thumb Code     0  arm_startup_nrf51.o(.text)
    SWI1_IRQHandler                          0x000181ad   Thumb Code     0  arm_startup_nrf51.o(.text)
    SWI3_IRQHandler                          0x000181ad   Thumb Code     0  arm_startup_nrf51.o(.text)
    SWI4_IRQHandler                          0x000181ad   Thumb Code     0  arm_startup_nrf51.o(.text)
    SWI5_IRQHandler                          0x000181ad   Thumb Code     0  arm_startup_nrf51.o(.text)
    TEMP_IRQHandler                          0x000181ad   Thumb Code     0  arm_startup_nrf51.o(.text)
    TIMER0_IRQHandler                        0x000181ad   Thumb Code     0  arm_startup_nrf51.o(.text)
    TIMER1_IRQHandler                        0x000181ad   Thumb Code     0  arm_startup_nrf51.o(.text)
    WDT_IRQHandler                           0x000181ad   Thumb Code     0  arm_startup_nrf51.o(.text)
    __aeabi_uidiv                            0x000181c1   Thumb Code     0  uidiv.o(.text)
    __aeabi_uidivmod                         0x000181c1   Thumb Code    44  uidiv.o(.text)
    __aeabi_idiv                             0x000181ed   Thumb Code     0  idiv.o(.text)
    __aeabi_idivmod                          0x000181ed   Thumb Code    40  idiv.o(.text)
    __aeabi_memcpy                           0x00018215   Thumb Code    36  memcpya.o(.text)
    __aeabi_memcpy4                          0x00018215   Thumb Code     0  memcpya.o(.text)
    __aeabi_memcpy8                          0x00018215   Thumb Code     0  memcpya.o(.text)
    __aeabi_memset                           0x00018239   Thumb Code    14  memseta.o(.text)
    __aeabi_memset4                          0x00018239   Thumb Code     0  memseta.o(.text)
    __aeabi_memset8                          0x00018239   Thumb Code     0  memseta.o(.text)
    __aeabi_memclr                           0x00018247   Thumb Code     4  memseta.o(.text)
    __aeabi_memclr4                          0x00018247   Thumb Code     0  memseta.o(.text)
    __aeabi_memclr8                          0x00018247   Thumb Code     0  memseta.o(.text)
    _memset$wrapper                          0x0001824b   Thumb Code    18  memseta.o(.text)
    strncpy                                  0x0001825d   Thumb Code    26  strncpy.o(.text)
    strlen                                   0x00018277   Thumb Code    14  strlen.o(.text)
    memcmp                                   0x00018285   Thumb Code    26  memcmp.o(.text)
    strcpy                                   0x0001829f   Thumb Code    18  strcpy.o(.text)
    __aeabi_uread4                           0x000182b1   Thumb Code    20  uread4.o(.text)
    __rt_uread4                              0x000182b1   Thumb Code     0  uread4.o(.text)
    _uread4                                  0x000182b1   Thumb Code     0  uread4.o(.text)
    __aeabi_uldivmod                         0x000182c5   Thumb Code    96  uldiv.o(.text)
    __scatterload                            0x00018325   Thumb Code    28  init.o(.text)
    __scatterload_rt2                        0x00018325   Thumb Code     0  init.o(.text)
    __aeabi_llsl                             0x00018349   Thumb Code    32  llshl.o(.text)
    _ll_shift_l                              0x00018349   Thumb Code     0  llshl.o(.text)
    __aeabi_llsr                             0x00018369   Thumb Code    34  llushr.o(.text)
    _ll_ushift_r                             0x00018369   Thumb Code     0  llushr.o(.text)
    __decompress                             0x0001838b   Thumb Code     0  __dczerorl2.o(.text)
    __decompress1                            0x0001838b   Thumb Code    86  __dczerorl2.o(.text)
    GPIOTE_IRQHandler                        0x000183e1   Thumb Code   224  nrf_drv_gpiote.o(i.GPIOTE_IRQHandler)
    RTC1_IRQHandler                          0x0001853d   Thumb Code    28  app_timer.o(i.RTC1_IRQHandler)
    SPI0_TWI0_IRQHandler                     0x0001855d   Thumb Code    62  nrf_drv_spi.o(i.SPI0_TWI0_IRQHandler)
    SPI1_TWI1_IRQHandler                     0x000185a9   Thumb Code    12  nrf_drv_twi.o(i.SPI1_TWI1_IRQHandler)
    SWI0_IRQHandler                          0x000185b9   Thumb Code     8  app_timer.o(i.SWI0_IRQHandler)
    SWI2_IRQHandler                          0x000185c1   Thumb Code    32  softdevice_handler.o(i.SWI2_IRQHandler)
    SystemInit                               0x000185e5   Thumb Code    64  system_nrf51.o(i.SystemInit)
    TIMER2_IRQHandler                        0x00018639   Thumb Code   218  senstick_sensor_controller.o(i.TIMER2_IRQHandler)
    TwiSlave_RX                              0x0001872d   Thumb Code    18  twi_manager.o(i.TwiSlave_RX)
    TwiSlave_TX                              0x00018745   Thumb Code    18  twi_manager.o(i.TwiSlave_TX)
    UART0_IRQHandler                         0x0001875d   Thumb Code   244  nrf_drv_uart.o(i.UART0_IRQHandler)
    __0sprintf$8                             0x00018861   Thumb Code    36  printf8.o(i.__0sprintf$8)
    __1sprintf$8                             0x00018861   Thumb Code     0  printf8.o(i.__0sprintf$8)
    __2sprintf                               0x00018861   Thumb Code     0  printf8.o(i.__0sprintf$8)
    __ARM_common_switch8                     0x00018889   Thumb Code    26  senstick_data_model.o(i.__ARM_common_switch8)
    __scatterload_copy                       0x000188a3   Thumb Code    14  handlers.o(i.__scatterload_copy)
    __scatterload_null                       0x000188b1   Thumb Code     2  handlers.o(i.__scatterload_null)
    __scatterload_zeroinit                   0x000188b3   Thumb Code    14  handlers.o(i.__scatterload_zeroinit)
    adv_data_encode                          0x00019261   Thumb Code   534  ble_advdata.o(i.adv_data_encode)
    app_button_enable                        0x00019479   Thumb Code    46  app_button.o(i.app_button_enable)
    app_button_init                          0x000194dd   Thumb Code   100  app_button.o(i.app_button_init)
    app_error_handler                        0x00019551   Thumb Code    12  main.o(i.app_error_handler)
    app_gap_get_device_name                  0x00019569   Thumb Code    24  app_gap.o(i.app_gap_get_device_name)
    app_gap_on_ble_event                     0x00019581   Thumb Code    62  app_gap.o(i.app_gap_on_ble_event)
    app_gap_set_device_name                  0x000195c9   Thumb Code    88  app_gap.o(i.app_gap_set_device_name)
    app_mailbox_create                       0x00019629   Thumb Code    22  app_mailbox.o(i.app_mailbox_create)
    app_mailbox_get                          0x0001963f   Thumb Code    10  app_mailbox.o(i.app_mailbox_get)
    app_mailbox_put                          0x00019649   Thumb Code    28  app_mailbox.o(i.app_mailbox_put)
    app_mailbox_sized_get                    0x00019669   Thumb Code   160  app_mailbox.o(i.app_mailbox_sized_get)
    app_mailbox_sized_put                    0x0001970d   Thumb Code   190  app_mailbox.o(i.app_mailbox_sized_put)
    app_sched_event_put                      0x00019861   Thumb Code   240  app_scheduler.o(i.app_sched_event_put)
    app_sched_execute                        0x00019961   Thumb Code    30  app_scheduler.o(i.app_sched_execute)
    app_sched_init                           0x00019981   Thumb Code    40  app_scheduler.o(i.app_sched_init)
    app_timer_create                         0x000199ad   Thumb Code    40  app_timer.o(i.app_timer_create)
    app_timer_evt_schedule                   0x000199f5   Thumb Code    18  app_timer_appsh.o(i.app_timer_evt_schedule)
    app_timer_init                           0x00019a0d   Thumb Code   126  app_timer.o(i.app_timer_init)
    app_timer_start                          0x00019a9d   Thumb Code   114  app_timer.o(i.app_timer_start)
    app_timer_stop                           0x00019b19   Thumb Code    78  app_timer.o(i.app_timer_stop)
    assert_nrf_callback                      0x00019b6d   Thumb Code    12  main.o(i.assert_nrf_callback)
    awakeNineAxesSensor                      0x00019b79   Thumb Code    46  twi_slave_nine_axes_sensor.o(i.awakeNineAxesSensor)
    ble_advdata_set                          0x00019d2d   Thumb Code   104  ble_advdata.o(i.ble_advdata_set)
    ble_advertising_init                     0x00019d95   Thumb Code   284  ble_advertising.o(i.ble_advertising_init)
    ble_advertising_on_ble_evt               0x00019eb9   Thumb Code   112  ble_advertising.o(i.ble_advertising_on_ble_evt)
    ble_advertising_on_sys_evt               0x00019f2d   Thumb Code    42  ble_advertising.o(i.ble_advertising_on_sys_evt)
    ble_advertising_start                    0x00019f6d   Thumb Code   470  ble_advertising.o(i.ble_advertising_start)
    ble_bas_battery_level_update             0x0001a14d   Thumb Code   112  ble_bas.o(i.ble_bas_battery_level_update)
    ble_bas_init                             0x0001a1c1   Thumb Code    66  ble_bas.o(i.ble_bas_init)
    ble_bas_on_ble_evt                       0x0001a209   Thumb Code    94  ble_bas.o(i.ble_bas_on_ble_evt)
    ble_dis_init                             0x0001a2c5   Thumb Code   308  ble_dis.o(i.ble_dis_init)
    ble_srv_ascii_to_utf8                    0x0001a405   Thumb Code    18  ble_srv_common.o(i.ble_srv_ascii_to_utf8)
    ble_srv_report_ref_encode                0x0001a417   Thumb Code    12  ble_srv_common.o(i.ble_srv_report_ref_encode)
    bootloader_util_app_start                0x0001a423   Thumb Code     8  bootloader_util.o(i.bootloader_util_app_start)
    characteristic_add                       0x0001a53d   Thumb Code   400  ble_srv_common.o(i.characteristic_add)
    closeLog                                 0x0001a7f5   Thumb Code    36  log_controller.o(i.closeLog)
    createLog                                0x0001aa6d   Thumb Code   122  log_controller.o(i.createLog)
    deserializeSensorServiceLogID            0x0001ac5b   Thumb Code    28  senstick_sensor_base_data.o(i.deserializeSensorServiceLogID)
    deserializesensor_service_setting        0x0001ac77   Thumb Code    28  senstick_sensor_base_data.o(i.deserializesensor_service_setting)
    dm_handle_initialize                     0x0001ad79   Thumb Code    22  device_manager_peripheral.o(i.dm_handle_initialize)
    dm_init                                  0x0001ad95   Thumb Code   150  device_manager_peripheral.o(i.dm_init)
    dm_register                              0x0001af9d   Thumb Code   104  device_manager_peripheral.o(i.dm_register)
    enableAwakeByButton                      0x0001b051   Thumb Code     8  gpio_button_monitoring.o(i.enableAwakeByButton)
    erase4kSector                            0x0001b061   Thumb Code    68  spi_slave_mx25_flash_memory.o(i.erase4kSector)
    formatFlash                              0x0001b2ed   Thumb Code    66  spi_slave_mx25_flash_memory.o(i.formatFlash)
    formatLog                                0x0001b355   Thumb Code    14  log_controller.o(i.formatLog)
    formatSensorSetting                      0x0001b363   Thumb Code    14  senstick_sensor_controller.o(i.formatSensorSetting)
    free                                     0x0001b371   Thumb Code    80  malloc.o(i.free)
    getAccelerationData                      0x0001b3c5   Thumb Code    42  twi_slave_nine_axes_sensor.o(i.getAccelerationData)
    getBatteryLevel                          0x0001b4f5   Thumb Code    44  battery_service.o(i.getBatteryLevel)
    getBrightnessData                        0x0001b525   Thumb Code    78  twi_slave_brightness_sensor.o(i.getBrightnessData)
    getHumidityData                          0x0001b579   Thumb Code    24  twi_slave_humidity_sensor.o(i.getHumidityData)
    getMagneticFieldData                     0x0001b591   Thumb Code    44  twi_slave_nine_axes_sensor.o(i.getMagneticFieldData)
    getPressureData                          0x0001b5cd   Thumb Code    46  twi_slave_pressure_sensor.o(i.getPressureData)
    getRotationRateData                      0x0001b601   Thumb Code    42  twi_slave_nine_axes_sensor.o(i.getRotationRateData)
    getTWIRTCDateTime                        0x0001b679   Thumb Code   104  twi_slave_rtc.o(i.getTWIRTCDateTime)
    getTemperatureData                       0x0001b6e1   Thumb Code    24  twi_slave_humidity_sensor.o(i.getTemperatureData)
    getUVSensorData                          0x0001b6f9   Thumb Code    50  twi_slave_uv_sensor.o(i.getUVSensorData)
    handle_battery_service_ble_event         0x0001b77d   Thumb Code    12  battery_service.o(i.handle_battery_service_ble_event)
    initBrightnessSensor                     0x0001b805   Thumb Code    20  twi_slave_brightness_sensor.o(i.initBrightnessSensor)
    initButtonMonitoring                     0x0001b819   Thumb Code    84  gpio_button_monitoring.o(i.initButtonMonitoring)
    initFlashMemory                          0x0001b881   Thumb Code   170  spi_slave_mx25_flash_memory.o(i.initFlashMemory)
    initHumiditySensor                       0x0001b935   Thumb Code    58  twi_slave_humidity_sensor.o(i.initHumiditySensor)
    initLEDDriver                            0x0001b971   Thumb Code   116  gpio_led_driver.o(i.initLEDDriver)
    initMetaDataLogController                0x0001b9f5   Thumb Code     2  metadata_log_controller.o(i.initMetaDataLogController)
    initNineAxesSensor                       0x0001b9f9   Thumb Code    58  twi_slave_nine_axes_sensor.o(i.initNineAxesSensor)
    initPressureSensor                       0x0001ba41   Thumb Code    20  twi_slave_pressure_sensor.o(i.initPressureSensor)
    initRTC                                  0x0001ba59   Thumb Code     2  twi_slave_rtc.o(i.initRTC)
    initSensorService                        0x0001ba93   Thumb Code    36  sensor_service.o(i.initSensorService)
    initSenstickControlService               0x0001bab9   Thumb Code    30  senstick_control_service.o(i.initSenstickControlService)
    initSenstickDataModel                    0x0001badd   Thumb Code    18  senstick_data_model.o(i.initSenstickDataModel)
    initSenstickMetaDataService              0x0001baf5   Thumb Code    30  senstick_meta_data_service.o(i.initSenstickMetaDataService)
    initSenstickSensorController             0x0001bb19   Thumb Code   194  senstick_sensor_controller.o(i.initSenstickSensorController)
    initTWIManager                           0x0001bbf5   Thumb Code   124  twi_manager.o(i.initTWIManager)
    initUVSensor                             0x0001bc85   Thumb Code    30  twi_slave_uv_sensor.o(i.initUVSensor)
    init_advertising_manager                 0x0001bca5   Thumb Code   112  advertising_manager.o(i.init_advertising_manager)
    init_app_gap                             0x0001bd1d   Thumb Code   170  app_gap.o(i.init_app_gap)
    init_battery_service                     0x0001bde1   Thumb Code   156  battery_service.o(i.init_battery_service)
    init_ble_stack                           0x0001be8d   Thumb Code   108  ble_stack.o(i.init_ble_stack)
    init_device_information_service          0x0001bf01   Thumb Code   106  device_information_service.o(i.init_device_information_service)
    init_device_manager                      0x0001bfa5   Thumb Code    92  senstick_device_manager.o(i.init_device_manager)
    int16ToByteArrayLittleEndian             0x0001c009   Thumb Code     8  value_types.o(i.int16ToByteArrayLittleEndian)
    intern_softdevice_events_execute         0x0001c011   Thumb Code   124  softdevice_handler.o(i.intern_softdevice_events_execute)
    isMetaLogFormatted                       0x0001c091   Thumb Code    32  metadata_log_controller.o(i.isMetaLogFormatted)
    isValidSensorServiceCommand              0x0001c0b5   Thumb Code    20  senstick_sensor_base_data.o(i.isValidSensorServiceCommand)
    ledDriver_observeButtonStatus            0x0001c1b5   Thumb Code    56  gpio_led_driver.o(i.ledDriver_observeButtonStatus)
    ledDriver_observeControlCommand          0x0001c1f1   Thumb Code     8  gpio_led_driver.o(i.ledDriver_observeControlCommand)
    loadSensorSetting                        0x0001c3c9   Thumb Code    52  senstick_sensor_controller.o(i.loadSensorSetting)
    main                                     0x0001c405   Thumb Code   286  main.o(i.main)
    malloc                                   0x0001c559   Thumb Code    92  malloc.o(i.malloc)
    metaDataLogGetLogCount                   0x0001c62d   Thumb Code    68  metadata_log_controller.o(i.metaDataLogGetLogCount)
    metaDataLogReadAbstractText              0x0001c685   Thumb Code    72  metadata_log_controller.o(i.metaDataLogReadAbstractText)
    metaDataLogReadDateTime                  0x0001c6cd   Thumb Code    48  metadata_log_controller.o(i.metaDataLogReadDateTime)
    metaDatalog_observeControlCommand        0x0001c78d   Thumb Code   104  metadata_log_controller.o(i.metaDatalog_observeControlCommand)
    metaLogFormatStorage                     0x0001c7f9   Thumb Code    30  metadata_log_controller.o(i.metaLogFormatStorage)
    notifyToClient                           0x0001c93d   Thumb Code    34  service_util.o(i.notifyToClient)
    nrf_adc_configure                        0x0001c961   Thumb Code    60  nrf_adc.o(i.nrf_adc_configure)
    nrf_adc_convert_single                   0x0001c9a1   Thumb Code    32  nrf_adc.o(i.nrf_adc_convert_single)
    nrf_delay_ms                             0x0001c9ed   Thumb Code    24  nrf_delay.o(i.nrf_delay_ms)
    nrf_drv_common_irq_enable                0x0001ca09   Thumb Code    98  nrf_drv_common.o(i.nrf_drv_common_irq_enable)
    nrf_drv_gpiote_in_event_enable           0x0001ca81   Thumb Code   172  nrf_drv_gpiote.o(i.nrf_drv_gpiote_in_event_enable)
    nrf_drv_gpiote_in_init                   0x0001cb45   Thumb Code   156  nrf_drv_gpiote.o(i.nrf_drv_gpiote_in_init)
    nrf_drv_gpiote_in_is_set                 0x0001cbf5   Thumb Code    34  nrf_drv_gpiote.o(i.nrf_drv_gpiote_in_is_set)
    nrf_drv_gpiote_init                      0x0001cc21   Thumb Code    74  nrf_drv_gpiote.o(i.nrf_drv_gpiote_init)
    nrf_drv_gpiote_is_init                   0x0001cc75   Thumb Code    12  nrf_drv_gpiote.o(i.nrf_drv_gpiote_is_init)
    nrf_drv_gpiote_out_clear                 0x0001cc85   Thumb Code    68  nrf_drv_gpiote.o(i.nrf_drv_gpiote_out_clear)
    nrf_drv_gpiote_out_init                  0x0001ccd1   Thumb Code   180  nrf_drv_gpiote.o(i.nrf_drv_gpiote_out_init)
    nrf_drv_gpiote_out_set                   0x0001cd99   Thumb Code    68  nrf_drv_gpiote.o(i.nrf_drv_gpiote_out_set)
    nrf_drv_spi_init                         0x0001cde5   Thumb Code   276  nrf_drv_spi.o(i.nrf_drv_spi_init)
    nrf_drv_spi_transfer                     0x0001cf09   Thumb Code   244  nrf_drv_spi.o(i.nrf_drv_spi_transfer)
    nrf_drv_twi_enable                       0x0001d009   Thumb Code   116  nrf_drv_twi.o(i.nrf_drv_twi_enable)
    nrf_drv_twi_init                         0x0001d089   Thumb Code   142  nrf_drv_twi.o(i.nrf_drv_twi_init)
    nrf_drv_twi_rx                           0x0001d211   Thumb Code    16  nrf_drv_twi.o(i.nrf_drv_twi_rx)
    nrf_drv_twi_tx                           0x0001d221   Thumb Code    16  nrf_drv_twi.o(i.nrf_drv_twi_tx)
    openLog                                  0x0001d681   Thumb Code    52  log_controller.o(i.openLog)
    pstorage_access_status_get               0x0001d7b1   Thumb Code    30  pstorage.o(i.pstorage_access_status_get)
    pstorage_block_identifier_get            0x0001d7d9   Thumb Code    78  pstorage.o(i.pstorage_block_identifier_get)
    pstorage_clear                           0x0001d831   Thumb Code   160  pstorage.o(i.pstorage_clear)
    pstorage_init                            0x0001d909   Thumb Code    82  pstorage.o(i.pstorage_init)
    pstorage_load                            0x0001d965   Thumb Code   162  pstorage.o(i.pstorage_load)
    pstorage_register                        0x0001da11   Thumb Code   180  pstorage.o(i.pstorage_register)
    pstorage_store                           0x0001dacd   Thumb Code   138  pstorage.o(i.pstorage_store)
    pstorage_sys_event_handler               0x0001db61   Thumb Code    72  pstorage.o(i.pstorage_sys_event_handler)
    reOpenLog                                0x0001dbf9   Thumb Code    20  log_controller.o(i.reOpenLog)
    readFlash                                0x0001dc0d   Thumb Code   146  spi_slave_mx25_flash_memory.o(i.readFlash)
    readFromTwiSlave                         0x0001dd19   Thumb Code    58  twi_manager.o(i.readFromTwiSlave)
    readInt16AsBigEndian                     0x0001dd6b   Thumb Code    14  value_types.o(i.readInt16AsBigEndian)
    readInt16AsLittleEndian                  0x0001dd79   Thumb Code    12  value_types.o(i.readInt16AsLittleEndian)
    readLog                                  0x0001dd85   Thumb Code    68  log_controller.o(i.readLog)
    readSampleCount                          0x0001dddd   Thumb Code    90  senstick_sensor_controller.o(i.readSampleCount)
    readUInt16AsLittleEndian                 0x0001de45   Thumb Code    10  value_types.o(i.readUInt16AsLittleEndian)
    readUInt32AsLittleEndian                 0x0001de4f   Thumb Code    20  value_types.o(i.readUInt32AsLittleEndian)
    saveSensorSetting                        0x0001df91   Thumb Code    58  senstick_sensor_controller.o(i.saveSensorSetting)
    seekLog                                  0x0001dfdd   Thumb Code    22  log_controller.o(i.seekLog)
    sensorServiceNotifyLogData               0x0001e009   Thumb Code    60  sensor_service.o(i.sensorServiceNotifyLogData)
    sensorServiceNotifyRealtimeData          0x0001e045   Thumb Code    50  sensor_service.o(i.sensorServiceNotifyRealtimeData)
    sensorService_handleBLEEvent             0x0001e077   Thumb Code   108  sensor_service.o(i.sensorService_handleBLEEvent)
    senstickControlService_handleBLEEvent    0x0001e0e5   Thumb Code    46  senstick_control_service.o(i.senstickControlService_handleBLEEvent)
    senstickControlService_observeControlCommand 0x0001e119   Thumb Code    24  senstick_control_service.o(i.senstickControlService_observeControlCommand)
    senstickControlService_observeCurrentLogCount 0x0001e135   Thumb Code    24  senstick_control_service.o(i.senstickControlService_observeCurrentLogCount)
    senstickControlService_observeDiskFull   0x0001e151   Thumb Code    26  senstick_control_service.o(i.senstickControlService_observeDiskFull)
    senstickMetaDataService_handleBLEEvent   0x0001e171   Thumb Code   106  senstick_meta_data_service.o(i.senstickMetaDataService_handleBLEEvent)
    senstickSensorControllerFormatStorage    0x0001e1e1   Thumb Code    40  senstick_sensor_controller.o(i.senstickSensorControllerFormatStorage)
    senstickSensorControllerGetNumOfLoggingReadySensor 0x0001e211   Thumb Code    42  senstick_sensor_controller.o(i.senstickSensorControllerGetNumOfLoggingReadySensor)
    senstickSensorControllerIsDataFull       0x0001e241   Thumb Code    62  senstick_sensor_controller.o(i.senstickSensorControllerIsDataFull)
    senstickSensorControllerNotifyLogData    0x0001e285   Thumb Code   172  senstick_sensor_controller.o(i.senstickSensorControllerNotifyLogData)
    senstickSensorControllerReadMetaData     0x0001e335   Thumb Code   140  senstick_sensor_controller.o(i.senstickSensorControllerReadMetaData)
    senstickSensorControllerReadSetting      0x0001e3e9   Thumb Code    56  senstick_sensor_controller.o(i.senstickSensorControllerReadSetting)
    senstickSensorControllerWriteLogID       0x0001e445   Thumb Code   104  senstick_sensor_controller.o(i.senstickSensorControllerWriteLogID)
    senstickSensorControllerWriteSetting     0x0001e4b9   Thumb Code   178  senstick_sensor_controller.o(i.senstickSensorControllerWriteSetting)
    senstickSensorController_handleBLEEvent  0x0001e575   Thumb Code    46  senstick_sensor_controller.o(i.senstickSensorController_handleBLEEvent)
    senstickSensorController_observeControlCommand 0x0001e5a9   Thumb Code    52  senstick_sensor_controller.o(i.senstickSensorController_observeControlCommand)
    senstick_getButtonStatus                 0x0001e5dd   Thumb Code     6  senstick_data_model.o(i.senstick_getButtonStatus)
    senstick_getControlCommand               0x0001e5e9   Thumb Code     6  senstick_data_model.o(i.senstick_getControlCommand)
    senstick_getCurrentDateTime              0x0001e5f5   Thumb Code    82  senstick_data_model.o(i.senstick_getCurrentDateTime)
    senstick_getCurrentLogAbstractText       0x0001e649   Thumb Code    30  senstick_data_model.o(i.senstick_getCurrentLogAbstractText)
    senstick_getCurrentLogCount              0x0001e66d   Thumb Code     6  senstick_data_model.o(i.senstick_getCurrentLogCount)
    senstick_isConnected                     0x0001e679   Thumb Code     6  senstick_data_model.o(i.senstick_isConnected)
    senstick_setButtonStatus                 0x0001e685   Thumb Code    52  senstick_data_model.o(i.senstick_setButtonStatus)
    senstick_setControlCommand               0x0001e6bd   Thumb Code   158  senstick_data_model.o(i.senstick_setControlCommand)
    senstick_setCurrentDateTime              0x0001e761   Thumb Code    82  senstick_data_model.o(i.senstick_setCurrentDateTime)
    senstick_setCurrentLogAbstractText       0x0001e7b5   Thumb Code    26  senstick_data_model.o(i.senstick_setCurrentLogAbstractText)
    senstick_setCurrentLogCount              0x0001e7d5   Thumb Code    12  senstick_data_model.o(i.senstick_setCurrentLogCount)
    senstick_setDiskFull                     0x0001e7e5   Thumb Code    12  senstick_data_model.o(i.senstick_setDiskFull)
    senstick_setIsConnected                  0x0001e7f5   Thumb Code     6  senstick_data_model.o(i.senstick_setIsConnected)
    serializeSensorMetaData                  0x0001e801   Thumb Code    58  senstick_sensor_base_data.o(i.serializeSensorMetaData)
    serializesensor_service_setting          0x0001e83b   Thumb Code    30  senstick_sensor_base_data.o(i.serializesensor_service_setting)
    setCharacteristicsValue                  0x0001e8f9   Thumb Code    30  service_util.o(i.setCharacteristicsValue)
    setNineAxesSensorAccelerationRange       0x0001e943   Thumb Code    48  twi_slave_nine_axes_sensor.o(i.setNineAxesSensorAccelerationRange)
    setNineAxesSensorRotationRange           0x0001e973   Thumb Code    48  twi_slave_nine_axes_sensor.o(i.setNineAxesSensorRotationRange)
    setTWIRTCDateTime                        0x0001eac9   Thumb Code   124  twi_slave_rtc.o(i.setTWIRTCDateTime)
    softdevice_assertion_handler             0x0001ec05   Thumb Code    12  softdevice_handler.o(i.softdevice_assertion_handler)
    softdevice_ble_evt_handler_set           0x0001ec11   Thumb Code    16  softdevice_handler.o(i.softdevice_ble_evt_handler_set)
    softdevice_handler_init                  0x0001ec25   Thumb Code    40  softdevice_handler.o(i.softdevice_handler_init)
    softdevice_sys_evt_handler_set           0x0001ec55   Thumb Code    16  softdevice_handler.o(i.softdevice_sys_evt_handler_set)
    startAdvertising                         0x0001ec69   Thumb Code    22  advertising_manager.o(i.startAdvertising)
    twiPowerDown                             0x0001f2cd   Thumb Code     8  twi_manager.o(i.twiPowerDown)
    uint16ToByteArrayLittleEndian            0x0001f649   Thumb Code     8  value_types.o(i.uint16ToByteArrayLittleEndian)
    uint32ToByteArrayLittleEndian            0x0001f66b   Thumb Code    16  value_types.o(i.uint32ToByteArrayLittleEndian)
    writeFlash                               0x0001f875   Thumb Code   100  spi_slave_mx25_flash_memory.o(i.writeFlash)
    writeLog                                 0x0001f8fd   Thumb Code    68  log_controller.o(i.writeLog)
    writeToTwiSlave                          0x0001f9a1   Thumb Code    68  twi_manager.o(i.writeToTwiSlave)
    senstick_base_uuid                       0x0001f9e8   Data          16  main.o(.constdata)
    m_mailbox                                0x0001fa04   Data          12  senstick_sensor_controller.o(.constdata)
    accelerationSensorBase                   0x0001fa10   Data          32  acceleration_sensor_base.o(.constdata)
    gyroSensorBase                           0x0001fa30   Data          32  gyro_sensor_base.o(.constdata)
    magneticSensorBase                       0x0001fa50   Data          32  magnetic_sensor_base.o(.constdata)
    brightnessSensorBase                     0x0001fa70   Data          32  brightness_sensor_base.o(.constdata)
    uvSensorBase                             0x0001fa90   Data          32  uv_sensor_base.o(.constdata)
    humiditySensorBase                       0x0001fab0   Data          32  humidity_sensor_base.o(.constdata)
    pressureSensorBase                       0x0001fad0   Data          32  pressure_sensor_base.o(.constdata)
    Region$$Table$$Base                      0x0001fd98   Number         0  anon$$obj.o(Region$$Table)
    Region$$Table$$Limit                     0x0001fdb8   Number         0  anon$$obj.o(Region$$Table)
    twi                                      0x200026b4   Data           8  twi_manager.o(.data)
    SystemCoreClock                          0x200026dc   Data           4  system_nrf51.o(.data)
    __microlib_freelist                      0x200027f8   Data           4  mvars.o(.data)
    __microlib_freelist_initialised          0x200027fc   Data           4  mvars.o(.data)
    __heap_base                              0x20003630   Data           0  arm_startup_nrf51.o(HEAP)
    __heap_limit                             0x20003630   Data           0  arm_startup_nrf51.o(HEAP)
    __initial_sp                             0x20003e30   Data           0  arm_startup_nrf51.o(STACK)



==============================================================================

Memory Map of the image

  Image Entry point : 0x000180c1

  Load Region LR_IROM1 (Base: 0x00018000, Size: 0x00007f38, Max: 0x00014000, ABSOLUTE, COMPRESSED[0x00007dec])

    Execution Region ER_IROM1 (Base: 0x00018000, Size: 0x00007db8, Max: 0x00014000, ABSOLUTE)

    Base Addr    Size         Type   Attr      Idx    E Section Name        Object

    0x00018000   0x000000c0   Data   RO         2573    RESET               arm_startup_nrf51.o
    0x000180c0   0x00000000   Code   RO         4848  * .ARM.Collect$$$$00000000  mc_p.l(entry.o)
    0x000180c0   0x00000004   Code   RO         5170    .ARM.Collect$$$$00000001  mc_p.l(entry2.o)
    0x000180c4   0x00000004   Code   RO         5173    .ARM.Collect$$$$00000004  mc_p.l(entry5.o)
    0x000180c8   0x00000000   Code   RO         5175    .ARM.Collect$$$$00000008  mc_p.l(entry7b.o)
    0x000180c8   0x00000000   Code   RO         5177    .ARM.Collect$$$$0000000A  mc_p.l(entry8b.o)
    0x000180c8   0x00000008   Code   RO         5178    .ARM.Collect$$$$0000000B  mc_p.l(entry9a.o)
    0x000180d0   0x00000000   Code   RO         5180    .ARM.Collect$$$$0000000D  mc_p.l(entry10a.o)
    0x000180d0   0x00000000   Code   RO         5182    .ARM.Collect$$$$0000000F  mc_p.l(entry11a.o)
    0x000180d0   0x00000004   Code   RO         5171    .ARM.Collect$$$$00002712  mc_p.l(entry2.o)
    0x000180d4   0x0000001e   Code   RO         2039    .emb_text           twi_slave_rtc.o
    0x000180f2   0x00000002   PAD
    0x000180f4   0x0000001e   Code   RO         3700    .emb_text           nrf_delay.o
    0x00018112   0x00000002   PAD
    0x00018114   0x0000001e   Code   RO         4033    .emb_text           nrf_drv_twi.o
    0x00018132   0x00000002   PAD
    0x00018134   0x0000001e   Code   RO         4470    .emb_text           app_timer.o
    0x00018152   0x00000002   PAD
    0x00018154   0x00000034   Code   RO         4672    .emb_text           bootloader_util.o
    0x00018188   0x00000038   Code   RO         2574    .text               arm_startup_nrf51.o
    0x000181c0   0x0000002c   Code   RO         4856    .text               mc_p.l(uidiv.o)
    0x000181ec   0x00000028   Code   RO         4858    .text               mc_p.l(idiv.o)
    0x00018214   0x00000024   Code   RO         4863    .text               mc_p.l(memcpya.o)
    0x00018238   0x00000024   Code   RO         4865    .text               mc_p.l(memseta.o)
    0x0001825c   0x0000001a   Code   RO         4867    .text               mc_p.l(strncpy.o)
    0x00018276   0x0000000e   Code   RO         4869    .text               mc_p.l(strlen.o)
    0x00018284   0x0000001a   Code   RO         4873    .text               mc_p.l(memcmp.o)
    0x0001829e   0x00000012   Code   RO         4875    .text               mc_p.l(strcpy.o)
    0x000182b0   0x00000014   Code   RO         5168    .text               mc_p.l(uread4.o)
    0x000182c4   0x00000060   Code   RO         5185    .text               mc_p.l(uldiv.o)
    0x00018324   0x00000024   Code   RO         5201    .text               mc_p.l(init.o)
    0x00018348   0x00000020   Code   RO         5203    .text               mc_p.l(llshl.o)
    0x00018368   0x00000022   Code   RO         5205    .text               mc_p.l(llushr.o)
    0x0001838a   0x00000056   Code   RO         5221    .text               mc_p.l(__dczerorl2.o)
    0x000183e0   0x000000fc   Code   RO         3724    i.GPIOTE_IRQHandler  nrf_drv_gpiote.o
    0x000184dc   0x0000001c   Code   RO         2308    i.IsFlashBusy       spi_slave_mx25_flash_memory.o
    0x000184f8   0x00000044   Code   RO         4471    i.NVIC_SetPriority  app_timer.o
    0x0001853c   0x00000020   Code   RO         4472    i.RTC1_IRQHandler   app_timer.o
    0x0001855c   0x0000004c   Code   RO         3959    i.SPI0_TWI0_IRQHandler  nrf_drv_spi.o
    0x000185a8   0x00000010   Code   RO         4034    i.SPI1_TWI1_IRQHandler  nrf_drv_twi.o
    0x000185b8   0x00000008   Code   RO         4473    i.SWI0_IRQHandler   app_timer.o
    0x000185c0   0x00000024   Code   RO         4760    i.SWI2_IRQHandler   softdevice_handler.o
    0x000185e4   0x00000054   Code   RO         2581    i.SystemInit        system_nrf51.o
    0x00018638   0x000000f4   Code   RO         1330    i.TIMER2_IRQHandler  senstick_sensor_controller.o
    0x0001872c   0x00000018   Code   RO         1968    i.TwiSlave_RX       twi_manager.o
    0x00018744   0x00000018   Code   RO         1969    i.TwiSlave_TX       twi_manager.o
    0x0001875c   0x00000104   Code   RO         4199    i.UART0_IRQHandler  nrf_drv_uart.o
    0x00018860   0x00000028   Code   RO         5088    i.__0sprintf$8      mc_p.l(printf8.o)
    0x00018888   0x0000001a   Code   RO          404    i.__ARM_common_switch8  senstick_data_model.o
    0x000188a2   0x0000000e   Code   RO         5215    i.__scatterload_copy  mc_p.l(handlers.o)
    0x000188b0   0x00000002   Code   RO         5216    i.__scatterload_null  mc_p.l(handlers.o)
    0x000188b2   0x0000000e   Code   RO         5217    i.__scatterload_zeroinit  mc_p.l(handlers.o)
    0x000188c0   0x00000060   Code   RO         2481    i._button_event_handler  gpio_button_monitoring.o
    0x00018920   0x00000428   Code   RO         5093    i._printf_core      mc_p.l(printf8.o)
    0x00018d48   0x00000020   Code   RO         5094    i._printf_post_padding  mc_p.l(printf8.o)
    0x00018d68   0x0000002c   Code   RO         5095    i._printf_pre_padding  mc_p.l(printf8.o)
    0x00018d94   0x0000000a   Code   RO         5097    i._sputc            mc_p.l(printf8.o)
    0x00018d9e   0x00000002   PAD
    0x00018da0   0x00000014   Code   RO         4035    i.ack_error         nrf_drv_twi.o
    0x00018db4   0x000000fc   Code   RO         1098    i.addService        senstick_meta_data_service.o
    0x00018eb0   0x000001c0   Code   RO         1142    i.addService        senstick_control_service.o
    0x00019070   0x00000190   Code   RO         1533    i.addService        sensor_service.o
    0x00019200   0x00000060   Code   RO         4036    i.address_req       nrf_drv_twi.o
    0x00019260   0x00000216   Code   RO         2615    i.adv_data_encode   ble_advdata.o
    0x00019476   0x00000002   PAD
    0x00019478   0x00000064   Code   RO         4342    i.app_button_enable  app_button.o
    0x000194dc   0x00000074   Code   RO         4343    i.app_button_init   app_button.o
    0x00019550   0x0000000c   Code   RO            4    i.app_error_handler  main.o
    0x0001955c   0x0000000c   Code   RO         3017    i.app_evt_notify    device_manager_peripheral.o
    0x00019568   0x00000018   Code   RO          942    i.app_gap_get_device_name  app_gap.o
    0x00019580   0x00000044   Code   RO          943    i.app_gap_on_ble_event  app_gap.o
    0x000195c4   0x00000002   Code   RO          944    i.app_gap_pstorage_callback  app_gap.o
    0x000195c6   0x00000002   PAD
    0x000195c8   0x00000060   Code   RO          945    i.app_gap_set_device_name  app_gap.o
    0x00019628   0x00000016   Code   RO         4690    i.app_mailbox_create  app_mailbox.o
    0x0001963e   0x0000000a   Code   RO         4691    i.app_mailbox_get   app_mailbox.o
    0x00019648   0x00000020   Code   RO         4694    i.app_mailbox_put   app_mailbox.o
    0x00019668   0x000000a4   Code   RO         4695    i.app_mailbox_sized_get  app_mailbox.o
    0x0001970c   0x000000c4   Code   RO         4696    i.app_mailbox_sized_put  app_mailbox.o
    0x000197d0   0x0000002c   Code   RO         3352    i.app_notify        pstorage.o
    0x000197fc   0x00000020   Code   RO         3353    i.app_notify_error_state_transit  pstorage.o
    0x0001981c   0x00000044   Code   RO         4428    i.app_sched_event_get  app_scheduler.o
    0x00019860   0x00000100   Code   RO         4429    i.app_sched_event_put  app_scheduler.o
    0x00019960   0x0000001e   Code   RO         4430    i.app_sched_execute  app_scheduler.o
    0x0001997e   0x00000002   PAD
    0x00019980   0x0000002c   Code   RO         4431    i.app_sched_init    app_scheduler.o
    0x000199ac   0x0000002c   Code   RO         4476    i.app_timer_create  app_timer.o
    0x000199d8   0x0000001a   Code   RO         4605    i.app_timer_evt_get  app_timer_appsh.o
    0x000199f2   0x00000002   PAD
    0x000199f4   0x00000018   Code   RO         4606    i.app_timer_evt_schedule  app_timer_appsh.o
    0x00019a0c   0x00000090   Code   RO         4477    i.app_timer_init    app_timer.o
    0x00019a9c   0x0000007c   Code   RO         4478    i.app_timer_start   app_timer.o
    0x00019b18   0x00000054   Code   RO         4479    i.app_timer_stop    app_timer.o
    0x00019b6c   0x0000000c   Code   RO            5    i.assert_nrf_callback  main.o
    0x00019b78   0x00000034   Code   RO         2086    i.awakeNineAxesSensor  twi_slave_nine_axes_sensor.o
    0x00019bac   0x00000138   Code   RO         2919    i.battery_level_char_add  ble_bas.o
    0x00019ce4   0x00000048   Code   RO         1022    i.battery_timer_handler  battery_service.o
    0x00019d2c   0x00000068   Code   RO         2616    i.ble_advdata_set   ble_advdata.o
    0x00019d94   0x00000124   Code   RO         2683    i.ble_advertising_init  ble_advertising.o
    0x00019eb8   0x00000074   Code   RO         2684    i.ble_advertising_on_ble_evt  ble_advertising.o
    0x00019f2c   0x00000030   Code   RO         2685    i.ble_advertising_on_sys_evt  ble_advertising.o
    0x00019f5c   0x00000010   Code   RO         2687    i.ble_advertising_peer_address_clear  ble_advertising.o
    0x00019f6c   0x000001e0   Code   RO         2689    i.ble_advertising_start  ble_advertising.o
    0x0001a14c   0x00000074   Code   RO         2920    i.ble_bas_battery_level_update  ble_bas.o
    0x0001a1c0   0x00000048   Code   RO         2921    i.ble_bas_init      ble_bas.o
    0x0001a208   0x0000005e   Code   RO         2922    i.ble_bas_on_ble_evt  ble_bas.o
    0x0001a266   0x0000005e   Code   RO         2617    i.ble_device_addr_encode  ble_advdata.o
    0x0001a2c4   0x00000140   Code   RO         2951    i.ble_dis_init      ble_dis.o
    0x0001a404   0x00000012   Code   RO         2980    i.ble_srv_ascii_to_utf8  ble_srv_common.o
    0x0001a416   0x0000000c   Code   RO         2981    i.ble_srv_report_ref_encode  ble_srv_common.o
    0x0001a422   0x00000008   Code   RO         4673    i.bootloader_util_app_start  bootloader_util.o
    0x0001a42a   0x00000002   PAD
    0x0001a42c   0x0000001c   Code   RO         3725    i.channel_free      nrf_drv_gpiote.o
    0x0001a448   0x00000044   Code   RO         3726    i.channel_port_alloc  nrf_drv_gpiote.o
    0x0001a48c   0x00000010   Code   RO         3727    i.channel_port_get  nrf_drv_gpiote.o
    0x0001a49c   0x000000a0   Code   RO         2952    i.char_add          ble_dis.o
    0x0001a53c   0x00000190   Code   RO         2982    i.characteristic_add  ble_srv_common.o
    0x0001a6cc   0x00000104   Code   RO         3354    i.clear_operation_execute  pstorage.o
    0x0001a7d0   0x00000024   Code   RO         3355    i.clear_post_processing_run  pstorage.o
    0x0001a7f4   0x00000024   Code   RO         1260    i.closeLog          log_controller.o
    0x0001a818   0x00000038   Code   RO         3356    i.cmd_process       pstorage.o
    0x0001a850   0x00000020   Code   RO         3357    i.cmd_queue_element_init  pstorage.o
    0x0001a870   0x0000004c   Code   RO         3358    i.cmd_queue_enqueue  pstorage.o
    0x0001a8bc   0x0000003c   Code   RO         3359    i.command_end_procedure_run  pstorage.o
    0x0001a8f8   0x000000a8   Code   RO         4481    i.compare_reg_update  app_timer.o
    0x0001a9a0   0x00000088   Code   RO         2618    i.conn_int_encode   ble_advdata.o
    0x0001aa28   0x00000024   Code   RO         3020    i.connection_instance_init  device_manager_peripheral.o
    0x0001aa4c   0x00000010   Code   RO         2040    i.convertFromBCD    twi_slave_rtc.o
    0x0001aa5c   0x00000010   Code   RO         2041    i.convertToBCD      twi_slave_rtc.o
    0x0001aa6c   0x00000090   Code   RO         1261    i.createLog         log_controller.o
    0x0001aafc   0x00000044   Code   RO          297    i.current_int_priority_get  senstick_data_model.o
    0x0001ab40   0x00000044   Code   RO         1331    i.current_int_priority_get  senstick_sensor_controller.o
    0x0001ab84   0x00000044   Code   RO         4697    i.current_int_priority_get  app_mailbox.o
    0x0001abc8   0x00000054   Code   RO         3360    i.data_page_erase_state_run  pstorage.o
    0x0001ac1c   0x00000028   Code   RO         3361    i.data_to_swap_write_state_run  pstorage.o
    0x0001ac44   0x00000016   Code   RO         4698    i.dequeue           app_mailbox.o
    0x0001ac5a   0x0000001c   Code   RO         1630    i.deserializeSensorServiceLogID  senstick_sensor_base_data.o
    0x0001ac76   0x0000001c   Code   RO         1631    i.deserializesensor_service_setting  senstick_sensor_base_data.o
    0x0001ac92   0x00000002   PAD
    0x0001ac94   0x00000060   Code   RO         4345    i.detection_delay_timeout_handler  app_button.o
    0x0001acf4   0x00000012   Code   RO          989    i.device_manager_evt_handler  senstick_device_manager.o
    0x0001ad06   0x00000002   PAD
    0x0001ad08   0x00000060   Code   RO            6    i.diposeBLEEvent    main.o
    0x0001ad68   0x00000010   Code   RO            7    i.disposeSystemEvent  main.o
    0x0001ad78   0x0000001c   Code   RO         3035    i.dm_handle_initialize  device_manager_peripheral.o
    0x0001ad94   0x000000a8   Code   RO         3036    i.dm_init           device_manager_peripheral.o
    0x0001ae3c   0x00000160   Code   RO         3039    i.dm_pstorage_cb_handler  device_manager_peripheral.o
    0x0001af9c   0x00000074   Code   RO         3040    i.dm_register       device_manager_peripheral.o
    0x0001b010   0x00000040   Code   RO         4482    i.elapsed_ticks_acquire  app_timer.o
    0x0001b050   0x00000010   Code   RO         2482    i.enableAwakeByButton  gpio_button_monitoring.o
    0x0001b060   0x00000068   Code   RO         2309    i.erase4kSector     spi_slave_mx25_flash_memory.o
    0x0001b0c8   0x0000008c   Code   RO         1332    i.fillBLESensorData  senstick_sensor_controller.o
    0x0001b154   0x00000020   Code   RO         3362    i.flash_api_err_code_process  pstorage.o
    0x0001b174   0x000000e4   Code   RO         1333    i.flash_mailbox     senstick_sensor_controller.o
    0x0001b258   0x00000080   Code   RO         3363    i.flash_operation_success_run  pstorage.o
    0x0001b2d8   0x0000000a   Code   RO         3364    i.flash_page_erase  pstorage.o
    0x0001b2e2   0x0000000a   Code   RO         3365    i.flash_write       pstorage.o
    0x0001b2ec   0x00000068   Code   RO         2310    i.formatFlash       spi_slave_mx25_flash_memory.o
    0x0001b354   0x0000000e   Code   RO         1262    i.formatLog         log_controller.o
    0x0001b362   0x0000000e   Code   RO         1334    i.formatSensorSetting  senstick_sensor_controller.o
    0x0001b370   0x00000054   Code   RO         5140    i.free              mc_p.l(malloc.o)
    0x0001b3c4   0x0000002a   Code   RO         2087    i.getAccelerationData  twi_slave_nine_axes_sensor.o
    0x0001b3ee   0x00000034   Code   RO         1581    i.getBLEDataHandler  acceleration_sensor_base.o
    0x0001b422   0x00000034   Code   RO         1685    i.getBLEDataHandler  gyro_sensor_base.o
    0x0001b456   0x00000034   Code   RO         1730    i.getBLEDataHandler  magnetic_sensor_base.o
    0x0001b48a   0x00000016   Code   RO         1775    i.getBLEDataHandler  brightness_sensor_base.o
    0x0001b4a0   0x00000016   Code   RO         1823    i.getBLEDataHandler  uv_sensor_base.o
    0x0001b4b6   0x00000024   Code   RO         1871    i.getBLEDataHandler  humidity_sensor_base.o
    0x0001b4da   0x00000018   Code   RO         1919    i.getBLEDataHandler  pressure_sensor_base.o
    0x0001b4f2   0x00000002   PAD
    0x0001b4f4   0x00000030   Code   RO         1023    i.getBatteryLevel   battery_service.o
    0x0001b524   0x00000054   Code   RO         2167    i.getBrightnessData  twi_slave_brightness_sensor.o
    0x0001b578   0x00000018   Code   RO         2227    i.getHumidityData   twi_slave_humidity_sensor.o
    0x0001b590   0x0000002c   Code   RO         2088    i.getMagneticFieldData  twi_slave_nine_axes_sensor.o
    0x0001b5bc   0x00000002   Code   RO         1582    i.getMaxMinValueHandler  acceleration_sensor_base.o
    0x0001b5be   0x00000002   Code   RO         1686    i.getMaxMinValueHandler  gyro_sensor_base.o
    0x0001b5c0   0x00000002   Code   RO         1731    i.getMaxMinValueHandler  magnetic_sensor_base.o
    0x0001b5c2   0x00000002   Code   RO         1776    i.getMaxMinValueHandler  brightness_sensor_base.o
    0x0001b5c4   0x00000002   Code   RO         1824    i.getMaxMinValueHandler  uv_sensor_base.o
    0x0001b5c6   0x00000002   Code   RO         1872    i.getMaxMinValueHandler  humidity_sensor_base.o
    0x0001b5c8   0x00000002   Code   RO         1920    i.getMaxMinValueHandler  pressure_sensor_base.o
    0x0001b5ca   0x00000002   PAD
    0x0001b5cc   0x00000034   Code   RO         2273    i.getPressureData   twi_slave_pressure_sensor.o
    0x0001b600   0x0000002a   Code   RO         2089    i.getRotationRateData  twi_slave_nine_axes_sensor.o
    0x0001b62a   0x0000000a   Code   RO         1583    i.getSensorDataHandler  acceleration_sensor_base.o
    0x0001b634   0x0000000a   Code   RO         1687    i.getSensorDataHandler  gyro_sensor_base.o
    0x0001b63e   0x0000000a   Code   RO         1732    i.getSensorDataHandler  magnetic_sensor_base.o
    0x0001b648   0x0000000a   Code   RO         1777    i.getSensorDataHandler  brightness_sensor_base.o
    0x0001b652   0x0000000a   Code   RO         1825    i.getSensorDataHandler  uv_sensor_base.o
    0x0001b65c   0x00000012   Code   RO         1873    i.getSensorDataHandler  humidity_sensor_base.o
    0x0001b66e   0x0000000a   Code   RO         1921    i.getSensorDataHandler  pressure_sensor_base.o
    0x0001b678   0x00000068   Code   RO         2042    i.getTWIRTCDateTime  twi_slave_rtc.o
    0x0001b6e0   0x00000018   Code   RO         2228    i.getTemperatureData  twi_slave_humidity_sensor.o
    0x0001b6f8   0x00000032   Code   RO         2197    i.getUVSensorData   twi_slave_uv_sensor.o
    0x0001b72a   0x00000002   PAD
    0x0001b72c   0x00000050   Code   RO         4346    i.gpiote_event_handler  app_button.o
    0x0001b77c   0x00000010   Code   RO         1024    i.handle_battery_service_ble_event  battery_service.o
    0x0001b78c   0x00000078   Code   RO         3366    i.head_restore_state_run  pstorage.o
    0x0001b804   0x00000014   Code   RO         2168    i.initBrightnessSensor  twi_slave_brightness_sensor.o
    0x0001b818   0x00000068   Code   RO         2483    i.initButtonMonitoring  gpio_button_monitoring.o
    0x0001b880   0x000000b4   Code   RO         2311    i.initFlashMemory   spi_slave_mx25_flash_memory.o
    0x0001b934   0x0000003a   Code   RO         2229    i.initHumiditySensor  twi_slave_humidity_sensor.o
    0x0001b96e   0x00000002   PAD
    0x0001b970   0x00000084   Code   RO         2425    i.initLEDDriver     gpio_led_driver.o
    0x0001b9f4   0x00000002   Code   RO          717    i.initMetaDataLogController  metadata_log_controller.o
    0x0001b9f6   0x00000002   PAD
    0x0001b9f8   0x00000048   Code   RO         2090    i.initNineAxesSensor  twi_slave_nine_axes_sensor.o
    0x0001ba40   0x00000018   Code   RO         2274    i.initPressureSensor  twi_slave_pressure_sensor.o
    0x0001ba58   0x00000002   Code   RO         2043    i.initRTC           twi_slave_rtc.o
    0x0001ba5a   0x00000008   Code   RO         1584    i.initSensorHandler  acceleration_sensor_base.o
    0x0001ba62   0x00000008   Code   RO         1688    i.initSensorHandler  gyro_sensor_base.o
    0x0001ba6a   0x00000008   Code   RO         1733    i.initSensorHandler  magnetic_sensor_base.o
    0x0001ba72   0x00000008   Code   RO         1778    i.initSensorHandler  brightness_sensor_base.o
    0x0001ba7a   0x00000008   Code   RO         1826    i.initSensorHandler  uv_sensor_base.o
    0x0001ba82   0x00000008   Code   RO         1874    i.initSensorHandler  humidity_sensor_base.o
    0x0001ba8a   0x00000008   Code   RO         1922    i.initSensorHandler  pressure_sensor_base.o
    0x0001ba92   0x00000024   Code   RO         1534    i.initSensorService  sensor_service.o
    0x0001bab6   0x00000002   PAD
    0x0001bab8   0x00000024   Code   RO         1143    i.initSenstickControlService  senstick_control_service.o
    0x0001badc   0x00000018   Code   RO          298    i.initSenstickDataModel  senstick_data_model.o
    0x0001baf4   0x00000024   Code   RO         1099    i.initSenstickMetaDataService  senstick_meta_data_service.o
    0x0001bb18   0x000000dc   Code   RO         1335    i.initSenstickSensorController  senstick_sensor_controller.o
    0x0001bbf4   0x00000090   Code   RO         1970    i.initTWIManager    twi_manager.o
    0x0001bc84   0x0000001e   Code   RO         2198    i.initUVSensor      twi_slave_uv_sensor.o
    0x0001bca2   0x00000002   PAD
    0x0001bca4   0x00000078   Code   RO          885    i.init_advertising_manager  advertising_manager.o
    0x0001bd1c   0x000000c4   Code   RO          946    i.init_app_gap      app_gap.o
    0x0001bde0   0x000000ac   Code   RO         1025    i.init_battery_service  battery_service.o
    0x0001be8c   0x00000074   Code   RO          918    i.init_ble_stack    ble_stack.o
    0x0001bf00   0x000000a4   Code   RO         1073    i.init_device_information_service  device_information_service.o
    0x0001bfa4   0x00000064   Code   RO          990    i.init_device_manager  senstick_device_manager.o
    0x0001c008   0x00000008   Code   RO          791    i.int16ToByteArrayLittleEndian  value_types.o
    0x0001c010   0x00000080   Code   RO         4761    i.intern_softdevice_events_execute  softdevice_handler.o
    0x0001c090   0x00000024   Code   RO          718    i.isMetaLogFormatted  metadata_log_controller.o
    0x0001c0b4   0x00000014   Code   RO         1632    i.isValidSensorServiceCommand  senstick_sensor_base_data.o
    0x0001c0c8   0x00000048   Code   RO         2582    i.is_manual_peripheral_setup_needed  system_nrf51.o
    0x0001c110   0x00000044   Code   RO         3367    i.is_page_erase_required  pstorage.o
    0x0001c154   0x0000000c   Code   RO         3368    i.is_word_aligned   pstorage.o
    0x0001c160   0x00000054   Code   RO         2619    i.le_role_encode    ble_advdata.o
    0x0001c1b4   0x0000003c   Code   RO         2426    i.ledDriver_observeButtonStatus  gpio_led_driver.o
    0x0001c1f0   0x00000008   Code   RO         2427    i.ledDriver_observeControlCommand  gpio_led_driver.o
    0x0001c1f8   0x00000040   Code   RO         2428    i.led_timer_handler  gpio_led_driver.o
    0x0001c238   0x000000bc   Code   RO         4483    i.list_deletions_handler  app_timer.o
    0x0001c2f4   0x000000d4   Code   RO         4484    i.list_insertions_handler  app_timer.o
    0x0001c3c8   0x0000003c   Code   RO         1336    i.loadSensorSetting  senstick_sensor_controller.o
    0x0001c404   0x0000013c   Code   RO            8    i.main              main.o
    0x0001c540   0x00000018   Code   RO         3369    i.main_state_err_busy_process  pstorage.o
    0x0001c558   0x0000006c   Code   RO         5141    i.malloc            mc_p.l(malloc.o)
    0x0001c5c4   0x00000068   Code   RO         2620    i.manuf_specific_data_encode  ble_advdata.o
    0x0001c62c   0x00000044   Code   RO          719    i.metaDataLogGetLogCount  metadata_log_controller.o
    0x0001c670   0x00000014   Code   RO          720    i.metaDataLogRead   metadata_log_controller.o
    0x0001c684   0x00000048   Code   RO          721    i.metaDataLogReadAbstractText  metadata_log_controller.o
    0x0001c6cc   0x00000030   Code   RO          722    i.metaDataLogReadDateTime  metadata_log_controller.o
    0x0001c6fc   0x00000090   Code   RO          723    i.metaDataLogWrite  metadata_log_controller.o
    0x0001c78c   0x0000006c   Code   RO          724    i.metaDatalog_observeControlCommand  metadata_log_controller.o
    0x0001c7f8   0x00000024   Code   RO          725    i.metaLogFormatStorage  metadata_log_controller.o
    0x0001c81c   0x0000009e   Code   RO         2621    i.name_encode       ble_advdata.o
    0x0001c8ba   0x00000002   PAD
    0x0001c8bc   0x00000080   Code   RO         1337    i.notifyLogDataOfDevice  senstick_sensor_controller.o
    0x0001c93c   0x00000022   Code   RO         1222    i.notifyToClient    service_util.o
    0x0001c95e   0x00000002   PAD
    0x0001c960   0x00000040   Code   RO         3925    i.nrf_adc_configure  nrf_adc.o
    0x0001c9a0   0x0000002c   Code   RO         3926    i.nrf_adc_convert_single  nrf_adc.o
    0x0001c9cc   0x00000020   Code   RO         3927    i.nrf_adc_input_select  nrf_adc.o
    0x0001c9ec   0x0000001c   Code   RO         3701    i.nrf_delay_ms      nrf_delay.o
    0x0001ca08   0x00000078   Code   RO         3676    i.nrf_drv_common_irq_enable  nrf_drv_common.o
    0x0001ca80   0x000000c4   Code   RO         3730    i.nrf_drv_gpiote_in_event_enable  nrf_drv_gpiote.o
    0x0001cb44   0x000000b0   Code   RO         3731    i.nrf_drv_gpiote_in_init  nrf_drv_gpiote.o
    0x0001cbf4   0x0000002c   Code   RO         3732    i.nrf_drv_gpiote_in_is_set  nrf_drv_gpiote.o
    0x0001cc20   0x00000054   Code   RO         3734    i.nrf_drv_gpiote_init  nrf_drv_gpiote.o
    0x0001cc74   0x00000010   Code   RO         3735    i.nrf_drv_gpiote_is_init  nrf_drv_gpiote.o
    0x0001cc84   0x0000004c   Code   RO         3736    i.nrf_drv_gpiote_out_clear  nrf_drv_gpiote.o
    0x0001ccd0   0x000000c8   Code   RO         3737    i.nrf_drv_gpiote_out_init  nrf_drv_gpiote.o
    0x0001cd98   0x0000004c   Code   RO         3738    i.nrf_drv_gpiote_out_set  nrf_drv_gpiote.o
    0x0001cde4   0x00000124   Code   RO         3960    i.nrf_drv_spi_init  nrf_drv_spi.o
    0x0001cf08   0x00000100   Code   RO         3961    i.nrf_drv_spi_transfer  nrf_drv_spi.o
    0x0001d008   0x00000080   Code   RO         4039    i.nrf_drv_twi_enable  nrf_drv_twi.o
    0x0001d088   0x000000a4   Code   RO         4040    i.nrf_drv_twi_init  nrf_drv_twi.o
    0x0001d12c   0x000000e4   Code   RO         4041    i.nrf_drv_twi_int_handler  nrf_drv_twi.o
    0x0001d210   0x00000010   Code   RO         4042    i.nrf_drv_twi_rx    nrf_drv_twi.o
    0x0001d220   0x00000010   Code   RO         4043    i.nrf_drv_twi_tx    nrf_drv_twi.o
    0x0001d230   0x00000024   Code   RO         3747    i.nrf_gpio_cfg      nrf_drv_gpiote.o
    0x0001d254   0x00000024   Code   RO         3963    i.nrf_gpio_cfg      nrf_drv_spi.o
    0x0001d278   0x00000014   Code   RO         3964    i.nrf_gpio_cfg_output  nrf_drv_spi.o
    0x0001d28c   0x00000020   Code   RO         3749    i.nrf_gpio_cfg_sense_set  nrf_drv_gpiote.o
    0x0001d2ac   0x00000010   Code   RO         3965    i.nrf_gpio_pin_set  nrf_drv_spi.o
    0x0001d2bc   0x00000010   Code   RO         4045    i.nrf_gpio_pin_set  nrf_drv_twi.o
    0x0001d2cc   0x00000014   Code   RO         3750    i.nrf_gpiote_event_is_set  nrf_drv_gpiote.o
    0x0001d2e0   0x0000000a   Code   RO         4046    i.nrf_twi_event_check  nrf_drv_twi.o
    0x0001d2ea   0x0000000a   Code   RO         4213    i.nrf_uart_event_check  nrf_drv_uart.o
    0x0001d2f4   0x00000010   Code   RO         4214    i.nrf_uart_int_enable_check  nrf_drv_uart.o
    0x0001d304   0x000000ac   Code   RO         1100    i.onRWAuthReq       senstick_meta_data_service.o
    0x0001d3b0   0x00000098   Code   RO         1144    i.onRWAuthReq       senstick_control_service.o
    0x0001d448   0x000000c4   Code   RO         1535    i.onRWAuthReq       sensor_service.o
    0x0001d50c   0x00000064   Code   RO         1145    i.onRWAuthReq_rtc_char  senstick_control_service.o
    0x0001d570   0x000000a4   Code   RO         1146    i.onWrite           senstick_control_service.o
    0x0001d614   0x00000002   Code   RO          886    i.on_advertising_error  advertising_manager.o
    0x0001d616   0x0000001a   Code   RO          887    i.on_advertising_event  advertising_manager.o
    0x0001d630   0x00000050   Code   RO         4047    i.on_error          nrf_drv_twi.o
    0x0001d680   0x00000048   Code   RO         1263    i.openLog           log_controller.o
    0x0001d6c8   0x00000016   Code   RO         2691    i.peer_address_exists  ble_advertising.o
    0x0001d6de   0x00000002   PAD
    0x0001d6e0   0x00000038   Code   RO         3059    i.peer_instance_init  device_manager_peripheral.o
    0x0001d718   0x00000014   Code   RO         3751    i.pin_in_use        nrf_drv_gpiote.o
    0x0001d72c   0x00000014   Code   RO         3752    i.pin_in_use_by_gpiote  nrf_drv_gpiote.o
    0x0001d740   0x00000018   Code   RO         3753    i.pin_in_use_by_port  nrf_drv_gpiote.o
    0x0001d758   0x00000018   Code   RO         3754    i.pin_in_use_by_te  nrf_drv_gpiote.o
    0x0001d770   0x0000003e   Code   RO         2953    i.pnp_id_encode     ble_dis.o
    0x0001d7ae   0x00000002   PAD
    0x0001d7b0   0x00000028   Code   RO         3370    i.pstorage_access_status_get  pstorage.o
    0x0001d7d8   0x00000058   Code   RO         3371    i.pstorage_block_identifier_get  pstorage.o
    0x0001d830   0x000000a8   Code   RO         3372    i.pstorage_clear    pstorage.o
    0x0001d8d8   0x00000024   Code   RO         3373    i.pstorage_flash_page_end  pstorage.o
    0x0001d8fc   0x0000000a   Code   RO         3374    i.pstorage_flash_page_size  pstorage.o
    0x0001d906   0x00000002   PAD
    0x0001d908   0x0000005c   Code   RO         3375    i.pstorage_init     pstorage.o
    0x0001d964   0x000000ac   Code   RO         3376    i.pstorage_load     pstorage.o
    0x0001da10   0x000000bc   Code   RO         3377    i.pstorage_register  pstorage.o
    0x0001dacc   0x00000094   Code   RO         3378    i.pstorage_store    pstorage.o
    0x0001db60   0x0000004c   Code   RO         3379    i.pstorage_sys_event_handler  pstorage.o
    0x0001dbac   0x0000004c   Code   RO         2312    i.rawWriteFlash     spi_slave_mx25_flash_memory.o
    0x0001dbf8   0x00000014   Code   RO         1264    i.reOpenLog         log_controller.o
    0x0001dc0c   0x000000dc   Code   RO         2313    i.readFlash         spi_slave_mx25_flash_memory.o
    0x0001dce8   0x00000010   Code   RO         2091    i.readFromMPU9250   twi_slave_nine_axes_sensor.o
    0x0001dcf8   0x00000010   Code   RO         2230    i.readFromSHT20     twi_slave_humidity_sensor.o
    0x0001dd08   0x00000010   Code   RO         2314    i.readFromSPISlave  spi_slave_mx25_flash_memory.o
    0x0001dd18   0x00000040   Code   RO         1971    i.readFromTwiSlave  twi_manager.o
    0x0001dd58   0x00000012   Code   RO         1265    i.readHeader        log_controller.o
    0x0001dd6a   0x0000000e   Code   RO          792    i.readInt16AsBigEndian  value_types.o
    0x0001dd78   0x0000000c   Code   RO          793    i.readInt16AsLittleEndian  value_types.o
    0x0001dd84   0x00000058   Code   RO         1266    i.readLog           log_controller.o
    0x0001dddc   0x00000068   Code   RO         1338    i.readSampleCount   senstick_sensor_controller.o
    0x0001de44   0x0000000a   Code   RO          795    i.readUInt16AsLittleEndian  value_types.o
    0x0001de4e   0x00000014   Code   RO          796    i.readUInt32AsLittleEndian  value_types.o
    0x0001de62   0x00000002   PAD
    0x0001de64   0x00000044   Code   RO         4485    i.rtc1_stop         app_timer.o
    0x0001dea8   0x00000060   Code   RO         4048    i.rx_address_req    nrf_drv_twi.o
    0x0001df08   0x0000002c   Code   RO         4215    i.rx_byte           nrf_drv_uart.o
    0x0001df34   0x00000034   Code   RO         4049    i.rx_done           nrf_drv_twi.o
    0x0001df68   0x00000020   Code   RO         4216    i.rx_done_event     nrf_drv_uart.o
    0x0001df88   0x00000008   Code   RO         4050    i.rx_prepare        nrf_drv_twi.o
    0x0001df90   0x00000044   Code   RO         1339    i.saveSensorSetting  senstick_sensor_controller.o
    0x0001dfd4   0x00000008   Code   RO         1340    i.sched_event_handler  senstick_sensor_controller.o
    0x0001dfdc   0x0000002c   Code   RO         1267    i.seekLog           log_controller.o
    0x0001e008   0x0000003c   Code   RO         1536    i.sensorServiceNotifyLogData  sensor_service.o
    0x0001e044   0x00000032   Code   RO         1537    i.sensorServiceNotifyRealtimeData  sensor_service.o
    0x0001e076   0x0000006c   Code   RO         1538    i.sensorService_handleBLEEvent  sensor_service.o
    0x0001e0e2   0x00000002   PAD
    0x0001e0e4   0x00000034   Code   RO         1147    i.senstickControlService_handleBLEEvent  senstick_control_service.o
    0x0001e118   0x0000001c   Code   RO         1148    i.senstickControlService_observeControlCommand  senstick_control_service.o
    0x0001e134   0x0000001c   Code   RO         1149    i.senstickControlService_observeCurrentLogCount  senstick_control_service.o
    0x0001e150   0x00000020   Code   RO         1150    i.senstickControlService_observeDiskFull  senstick_control_service.o
    0x0001e170   0x00000070   Code   RO         1101    i.senstickMetaDataService_handleBLEEvent  senstick_meta_data_service.o
    0x0001e1e0   0x00000030   Code   RO         1341    i.senstickSensorControllerFormatStorage  senstick_sensor_controller.o
    0x0001e210   0x00000030   Code   RO         1342    i.senstickSensorControllerGetNumOfLoggingReadySensor  senstick_sensor_controller.o
    0x0001e240   0x00000044   Code   RO         1343    i.senstickSensorControllerIsDataFull  senstick_sensor_controller.o
    0x0001e284   0x000000b0   Code   RO         1344    i.senstickSensorControllerNotifyLogData  senstick_sensor_controller.o
    0x0001e334   0x000000b4   Code   RO         1345    i.senstickSensorControllerReadMetaData  senstick_sensor_controller.o
    0x0001e3e8   0x0000005c   Code   RO         1346    i.senstickSensorControllerReadSetting  senstick_sensor_controller.o
    0x0001e444   0x00000074   Code   RO         1347    i.senstickSensorControllerWriteLogID  senstick_sensor_controller.o
    0x0001e4b8   0x000000bc   Code   RO         1348    i.senstickSensorControllerWriteSetting  senstick_sensor_controller.o
    0x0001e574   0x00000034   Code   RO         1349    i.senstickSensorController_handleBLEEvent  senstick_sensor_controller.o
    0x0001e5a8   0x00000034   Code   RO         1350    i.senstickSensorController_observeControlCommand  senstick_sensor_controller.o
    0x0001e5dc   0x0000000c   Code   RO          299    i.senstick_getButtonStatus  senstick_data_model.o
    0x0001e5e8   0x0000000c   Code   RO          300    i.senstick_getControlCommand  senstick_data_model.o
    0x0001e5f4   0x00000052   Code   RO          301    i.senstick_getCurrentDateTime  senstick_data_model.o
    0x0001e646   0x00000002   PAD
    0x0001e648   0x00000024   Code   RO          302    i.senstick_getCurrentLogAbstractText  senstick_data_model.o
    0x0001e66c   0x0000000c   Code   RO          303    i.senstick_getCurrentLogCount  senstick_data_model.o
    0x0001e678   0x0000000c   Code   RO          304    i.senstick_isConnected  senstick_data_model.o
    0x0001e684   0x00000038   Code   RO          306    i.senstick_setButtonStatus  senstick_data_model.o
    0x0001e6bc   0x000000a4   Code   RO          307    i.senstick_setControlCommand  senstick_data_model.o
    0x0001e760   0x00000052   Code   RO          308    i.senstick_setCurrentDateTime  senstick_data_model.o
    0x0001e7b2   0x00000002   PAD
    0x0001e7b4   0x00000020   Code   RO          309    i.senstick_setCurrentLogAbstractText  senstick_data_model.o
    0x0001e7d4   0x00000010   Code   RO          310    i.senstick_setCurrentLogCount  senstick_data_model.o
    0x0001e7e4   0x00000010   Code   RO          311    i.senstick_setDiskFull  senstick_data_model.o
    0x0001e7f4   0x0000000c   Code   RO          312    i.senstick_setIsConnected  senstick_data_model.o
    0x0001e800   0x0000003a   Code   RO         1633    i.serializeSensorMetaData  senstick_sensor_base_data.o
    0x0001e83a   0x0000001e   Code   RO         1635    i.serializesensor_service_setting  senstick_sensor_base_data.o
    0x0001e858   0x0000008e   Code   RO         2622    i.service_data_encode  ble_advdata.o
    0x0001e8e6   0x00000002   PAD
    0x0001e8e8   0x00000010   Code   RO         2484    i.setButtonStatus   gpio_button_monitoring.o
    0x0001e8f8   0x0000001e   Code   RO         1223    i.setCharacteristicsValue  service_util.o
    0x0001e916   0x00000016   Code   RO         2315    i.setChipEnable     spi_slave_mx25_flash_memory.o
    0x0001e92c   0x00000016   Code   RO         2429    i.setLED            gpio_led_driver.o
    0x0001e942   0x00000030   Code   RO         2092    i.setNineAxesSensorAccelerationRange  twi_slave_nine_axes_sensor.o
    0x0001e972   0x00000030   Code   RO         2093    i.setNineAxesSensorRotationRange  twi_slave_nine_axes_sensor.o
    0x0001e9a2   0x00000002   PAD
    0x0001e9a4   0x00000034   Code   RO         1351    i.setSensorPower    senstick_sensor_controller.o
    0x0001e9d8   0x00000088   Code   RO         1352    i.setSensorShoudlWork  senstick_sensor_controller.o
    0x0001ea60   0x00000016   Code   RO         1585    i.setSensorWakeupHandler  acceleration_sensor_base.o
    0x0001ea76   0x00000016   Code   RO         1689    i.setSensorWakeupHandler  gyro_sensor_base.o
    0x0001ea8c   0x0000000e   Code   RO         1734    i.setSensorWakeupHandler  magnetic_sensor_base.o
    0x0001ea9a   0x0000000a   Code   RO         1779    i.setSensorWakeupHandler  brightness_sensor_base.o
    0x0001eaa4   0x0000000a   Code   RO         1827    i.setSensorWakeupHandler  uv_sensor_base.o
    0x0001eaae   0x00000010   Code   RO         1875    i.setSensorWakeupHandler  humidity_sensor_base.o
    0x0001eabe   0x0000000a   Code   RO         1923    i.setSensorWakeupHandler  pressure_sensor_base.o
    0x0001eac8   0x0000007c   Code   RO         2044    i.setTWIRTCDateTime  twi_slave_rtc.o
    0x0001eb44   0x0000004a   Code   RO         1151    i.setValueAndNotify  senstick_control_service.o
    0x0001eb8e   0x0000002e   Code   RO         2984    i.set_security_req  ble_srv_common.o
    0x0001ebbc   0x00000048   Code   RO         3381    i.sm_state_change   pstorage.o
    0x0001ec04   0x0000000c   Code   RO         4762    i.softdevice_assertion_handler  softdevice_handler.o
    0x0001ec10   0x00000014   Code   RO         4763    i.softdevice_ble_evt_handler_set  softdevice_handler.o
    0x0001ec24   0x00000030   Code   RO         4764    i.softdevice_handler_init  softdevice_handler.o
    0x0001ec54   0x00000014   Code   RO         4767    i.softdevice_sys_evt_handler_set  softdevice_handler.o
    0x0001ec68   0x00000016   Code   RO          888    i.startAdvertising  advertising_manager.o
    0x0001ec7e   0x00000002   PAD
    0x0001ec80   0x0000001c   Code   RO         2430    i.startBlinking     gpio_led_driver.o
    0x0001ec9c   0x00000070   Code   RO          313    i.startDFU          senstick_data_model.o
    0x0001ed0c   0x00000064   Code   RO         3382    i.state_data_erase_swap_entry_run  pstorage.o
    0x0001ed70   0x00000010   Code   RO         3383    i.state_erase_data_page_entry_run  pstorage.o
    0x0001ed80   0x00000058   Code   RO         4051    i.state_machine     nrf_drv_twi.o
    0x0001edd8   0x00000028   Code   RO         3384    i.state_restore_head_entry_run  pstorage.o
    0x0001ee00   0x0000004c   Code   RO         3385    i.state_restore_tail_entry_run  pstorage.o
    0x0001ee4c   0x00000020   Code   RO         3386    i.state_swap_erase_entry_run  pstorage.o
    0x0001ee6c   0x00000030   Code   RO         3387    i.state_write_data_swap_entry_run  pstorage.o
    0x0001ee9c   0x0000004c   Code   RO         1353    i.stopLogging       senstick_sensor_controller.o
    0x0001eee8   0x0000005c   Code   RO         3388    i.store_cmd_flash_write_execute  pstorage.o
    0x0001ef44   0x0000001c   Code   RO         3389    i.swap_erase_state_run  pstorage.o
    0x0001ef60   0x00000018   Code   RO         3390    i.swap_sub_state_err_busy_process  pstorage.o
    0x0001ef78   0x00000014   Code   RO         3391    i.swap_sub_state_state_change  pstorage.o
    0x0001ef8c   0x00000056   Code   RO         2954    i.sys_id_encode     ble_dis.o
    0x0001efe2   0x00000002   PAD
    0x0001efe4   0x0000001c   Code   RO         3392    i.tail_restore_state_run  pstorage.o
    0x0001f000   0x00000040   Code   RO         2485    i.timer_handler     gpio_button_monitoring.o
    0x0001f040   0x00000084   Code   RO         4486    i.timer_list_handler  app_timer.o
    0x0001f0c4   0x00000010   Code   RO         4487    i.timer_list_handler_sched  app_timer.o
    0x0001f0d4   0x00000040   Code   RO         4488    i.timer_list_insert  app_timer.o
    0x0001f114   0x00000084   Code   RO         4489    i.timer_timeouts_check  app_timer.o
    0x0001f198   0x00000084   Code   RO         2316    i.transferSPISlaveWithAddress  spi_slave_mx25_flash_memory.o
    0x0001f21c   0x00000060   Code   RO         2317    i.transferToSPISlave  spi_slave_mx25_flash_memory.o
    0x0001f27c   0x00000050   Code   RO         3966    i.transfer_byte     nrf_drv_spi.o
    0x0001f2cc   0x0000000c   Code   RO         1972    i.twiPowerDown      twi_manager.o
    0x0001f2d8   0x00000098   Code   RO         4052    i.twi_clear_bus     nrf_drv_twi.o
    0x0001f370   0x000001b0   Code   RO         4053    i.twi_transfer      nrf_drv_twi.o
    0x0001f520   0x0000002c   Code   RO         4218    i.tx_byte           nrf_drv_uart.o
    0x0001f54c   0x00000024   Code   RO         4054    i.tx_done           nrf_drv_twi.o
    0x0001f570   0x00000020   Code   RO         4219    i.tx_done_event     nrf_drv_uart.o
    0x0001f590   0x00000028   Code   RO         4055    i.tx_prepare        nrf_drv_twi.o
    0x0001f5b8   0x00000090   Code   RO         4056    i.txrx_shorts_set_task_start  nrf_drv_twi.o
    0x0001f648   0x00000008   Code   RO          798    i.uint16ToByteArrayLittleEndian  value_types.o
    0x0001f650   0x0000000a   Code   RO         2623    i.uint16_encode     ble_advdata.o
    0x0001f65a   0x00000010   Code   RO         2318    i.uint32ToByteArray  spi_slave_mx25_flash_memory.o
    0x0001f66a   0x00000010   Code   RO          800    i.uint32ToByteArrayLittleEndian  value_types.o
    0x0001f67a   0x00000002   PAD
    0x0001f67c   0x00000044   Code   RO         2431    i.updateNextBlink   gpio_led_driver.o
    0x0001f6c0   0x00000014   Code   RO         3061    i.update_status_bit_reset  device_manager_peripheral.o
    0x0001f6d4   0x00000054   Code   RO         4490    i.user_id_get       app_timer.o
    0x0001f728   0x00000026   Code   RO         4491    i.user_op_alloc     app_timer.o
    0x0001f74e   0x00000030   Code   RO         2624    i.uuid_list_encode  ble_advdata.o
    0x0001f77e   0x000000ae   Code   RO         2625    i.uuid_list_sized_encode  ble_advdata.o
    0x0001f82c   0x00000028   Code   RO         2319    i.waitFlashReady    spi_slave_mx25_flash_memory.o
    0x0001f854   0x00000010   Code   RO         2692    i.whitelist_has_entries  ble_advertising.o
    0x0001f864   0x0000000e   Code   RO         2320    i.writeCommandWriteEnable  spi_slave_mx25_flash_memory.o
    0x0001f872   0x00000002   PAD
    0x0001f874   0x00000088   Code   RO         2321    i.writeFlash        spi_slave_mx25_flash_memory.o
    0x0001f8fc   0x00000058   Code   RO         1268    i.writeLog          log_controller.o
    0x0001f954   0x00000010   Code   RO         2095    i.writeToAK8963     twi_slave_nine_axes_sensor.o
    0x0001f964   0x00000010   Code   RO         2275    i.writeToLPS25HB    twi_slave_pressure_sensor.o
    0x0001f974   0x00000010   Code   RO         2096    i.writeToMPU9250    twi_slave_nine_axes_sensor.o
    0x0001f984   0x00000010   Code   RO         2231    i.writeToSHT20      twi_slave_humidity_sensor.o
    0x0001f994   0x0000000c   Code   RO         2322    i.writeToSPISlave   spi_slave_mx25_flash_memory.o
    0x0001f9a0   0x00000048   Code   RO         1973    i.writeToTwiSlave   twi_manager.o
    0x0001f9e8   0x00000010   Data   RO           10    .constdata          main.o
    0x0001f9f8   0x0000000c   Data   RO         1028    .constdata          battery_service.o
    0x0001fa04   0x0000000c   Data   RO         1356    .constdata          senstick_sensor_controller.o
    0x0001fa10   0x00000020   Data   RO         1586    .constdata          acceleration_sensor_base.o
    0x0001fa30   0x00000020   Data   RO         1690    .constdata          gyro_sensor_base.o
    0x0001fa50   0x00000020   Data   RO         1735    .constdata          magnetic_sensor_base.o
    0x0001fa70   0x00000020   Data   RO         1780    .constdata          brightness_sensor_base.o
    0x0001fa90   0x00000020   Data   RO         1828    .constdata          uv_sensor_base.o
    0x0001fab0   0x00000020   Data   RO         1876    .constdata          humidity_sensor_base.o
    0x0001fad0   0x00000020   Data   RO         1924    .constdata          pressure_sensor_base.o
    0x0001faf0   0x00000004   Data   RO         2433    .constdata          gpio_led_driver.o
    0x0001faf4   0x00000004   Data   RO         2487    .constdata          gpio_button_monitoring.o
    0x0001faf8   0x00000028   Data   RO         3394    .constdata          pstorage.o
    0x0001fb20   0x00000010   Data   RO         3968    .constdata          nrf_drv_spi.o
    0x0001fb30   0x00000034   Data   RO         4058    .constdata          nrf_drv_twi.o
    0x0001fb64   0x00000010   Data   RO         4059    .constdata          nrf_drv_twi.o
    0x0001fb74   0x00000028   Data   RO         4060    .constdata          nrf_drv_twi.o
    0x0001fb9c   0x00000020   Data   RO         4061    .constdata          nrf_drv_twi.o
    0x0001fbbc   0x00000018   Data   RO         4062    .constdata          nrf_drv_twi.o
    0x0001fbd4   0x00000018   Data   RO         4063    .constdata          nrf_drv_twi.o
    0x0001fbec   0x00000008   Data   RO         4348    .constdata          app_button.o
    0x0001fbf4   0x00000052   Data   RO         3677    .conststring        nrf_drv_common.o
    0x0001fc46   0x00000002   PAD
    0x0001fc48   0x00000052   Data   RO         3756    .conststring        nrf_drv_gpiote.o
    0x0001fc9a   0x00000002   PAD
    0x0001fc9c   0x00000053   Data   RO         3969    .conststring        nrf_drv_spi.o
    0x0001fcef   0x00000001   PAD
    0x0001fcf0   0x00000053   Data   RO         4064    .conststring        nrf_drv_twi.o
    0x0001fd43   0x00000001   PAD
    0x0001fd44   0x00000052   Data   RO         4699    .conststring        app_mailbox.o
    0x0001fd96   0x00000002   PAD
    0x0001fd98   0x00000020   Data   RO         5213    Region$$Table       anon$$obj.o


    Execution Region RW_IRAM1 (Base: 0x20002680, Size: 0x000017b0, Max: 0x00001980, ABSOLUTE, COMPRESSED[0x00000034])

    Base Addr    Size         Type   Attr      Idx    E Section Name        Object

    0x20002680   0x00000004   Data   RW           11    .data               main.o
    0x20002684   0x0000000c   Data   RW          948    .data               app_gap.o
    0x20002690   0x00000001   Data   RW          991    .data               senstick_device_manager.o
    0x20002691   0x00000003   PAD
    0x20002694   0x0000001c   Data   RW         1357    .data               senstick_sensor_controller.o
    0x200026b0   0x00000004   Data   RW         1358    .data               senstick_sensor_controller.o
    0x200026b4   0x00000008   Data   RW         1974    .data               twi_manager.o
    0x200026bc   0x00000008   Data   RW         2323    .data               spi_slave_mx25_flash_memory.o
    0x200026c4   0x0000000c   Data   RW         2434    .data               gpio_led_driver.o
    0x200026d0   0x0000000c   Data   RW         2488    .data               gpio_button_monitoring.o
    0x200026dc   0x00000004   Data   RW         2583    .data               system_nrf51.o
    0x200026e0   0x0000001f   Data   RW         2694    .data               ble_advertising.o
    0x200026ff   0x00000001   PAD
    0x20002700   0x0000004a   Data   RW         2955    .data               ble_dis.o
    0x2000274a   0x00000002   PAD
    0x2000274c   0x00000010   Data   RW         3065    .data               device_manager_peripheral.o
    0x2000275c   0x00000024   Data   RW         3395    .data               pstorage.o
    0x20002780   0x00000020   Data   RW         4065    .data               nrf_drv_twi.o
    0x200027a0   0x00000014   Data   RW         4349    .data               app_button.o
    0x200027b4   0x00000010   Data   RW         4432    .data               app_scheduler.o
    0x200027c4   0x00000020   Data   RW         4492    .data               app_timer.o
    0x200027e4   0x00000014   Data   RW         4768    .data               softdevice_handler.o
    0x200027f8   0x00000004   Data   RW         5187    .data               mc_p.l(mvars.o)
    0x200027fc   0x00000004   Data   RW         5188    .data               mc_p.l(mvars.o)
    0x20002800   0x00000438   Zero   RW            9    .bss                main.o
    0x20002c38   0x0000001b   Zero   RW          314    .bss                senstick_data_model.o
    0x20002c53   0x00000001   PAD
    0x20002c54   0x00000048   Zero   RW          919    .bss                ble_stack.o
    0x20002c9c   0x00000018   Zero   RW          947    .bss                app_gap.o
    0x20002cb4   0x00000020   Zero   RW         1026    .bss                battery_service.o
    0x20002cd4   0x00000018   Zero   RW         1027    .bss                battery_service.o
    0x20002cec   0x00000011   Zero   RW         1074    .bss                device_information_service.o
    0x20002cfd   0x00000001   PAD
    0x20002cfe   0x0000001e   Zero   RW         1102    .bss                senstick_meta_data_service.o
    0x20002d1c   0x00000034   Zero   RW         1152    .bss                senstick_control_service.o
    0x20002d50   0x0000021c   Zero   RW         1354    .bss                senstick_sensor_controller.o
    0x20002f6c   0x00000370   Zero   RW         1355    .bss                senstick_sensor_controller.o
    0x200032dc   0x00000020   Zero   RW         2432    .bss                gpio_led_driver.o
    0x200032fc   0x00000020   Zero   RW         2486    .bss                gpio_button_monitoring.o
    0x2000331c   0x00000103   Zero   RW         2693    .bss                ble_advertising.o
    0x2000341f   0x00000001   PAD
    0x20003420   0x0000008b   Zero   RW         3062    .bss                device_manager_peripheral.o
    0x200034ab   0x00000001   PAD
    0x200034ac   0x000000e4   Zero   RW         3393    .bss                pstorage.o
    0x20003590   0x00000038   Zero   RW         3755    .bss                nrf_drv_gpiote.o
    0x200035c8   0x00000018   Zero   RW         3967    .bss                nrf_drv_spi.o
    0x200035e0   0x00000018   Zero   RW         4057    .bss                nrf_drv_twi.o
    0x200035f8   0x00000018   Zero   RW         4220    .bss                nrf_drv_uart.o
    0x20003610   0x00000020   Zero   RW         4347    .bss                app_button.o
    0x20003630   0x00000000   Zero   RW         2572    HEAP                arm_startup_nrf51.o
    0x20003630   0x00000800   Zero   RW         2571    STACK               arm_startup_nrf51.o


==============================================================================

Image component sizes


      Code (inc. data)   RO Data    RW Data    ZI Data      Debug   Object Name

        94          0         32          0          0       4121   acceleration_sensor_base.o
       170          8          0          0          0       2578   advertising_manager.o
       392         84          8         20         32       6638   app_button.o
       386         40          0         12         24       4130   app_gap.o
       514         22         82          0          0       6853   app_mailbox.o
       398         26          0         16          0       6467   app_scheduler.o
      1700        152          0         32          0      25655   app_timer.o
        50          6          0          0          0       2321   app_timer_appsh.o
        56         18        192          0       2048        644   arm_startup_nrf51.o
       308         36         12          0         56       7156   battery_service.o
      1588          6          0          0          0      15936   ble_advdata.o
       990         32          0         31        259      12261   ble_advertising.o
       594         20          0          0          0       5867   ble_bas.o
       628         16          0         74          0       5147   ble_dis.o
       476          8          0          0          0       3653   ble_srv_common.o
       116          8          0          0         72       1573   ble_stack.o
        60          2          0          0          0       1148   bootloader_util.o
        52          0         32          0          0       3551   brightness_sensor_base.o
       164         58          0          0         17       2658   device_information_service.o
       788         70          0         16        139      15355   device_manager_peripheral.o
       296         50          4         12         32       8057   gpio_button_monitoring.o
       382         50          4         12         32       4874   gpio_led_driver.o
        94          0         32          0          0       3097   gyro_sensor_base.o
        80          0         32          0          0       3753   humidity_sensor_base.o
       524        104          0          0          0       6668   log_controller.o
        86          0         32          0          0       3117   magnetic_sensor_base.o
       452         34         16          4       1080      86254   main.o
       534         56          0          0          0       7381   metadata_log_controller.o
       140         20          0          0          0       4361   nrf_adc.o
        58          4          0          0          0       1591   nrf_delay.o
       120         22         82          0          0       7248   nrf_drv_common.o
      1408        182         82          0         56      24030   nrf_drv_gpiote.o
       776         52         99          0         24      13813   nrf_drv_spi.o
      1868        164        271         32         24      35685   nrf_drv_twi.o
       438         54          0          0         24      10911   nrf_drv_uart.o
        54          0         32          0          0       3601   pressure_sensor_base.o
      2718        254         40         36        228      32272   pstorage.o
       850          0          0          0          0       5518   sensor_service.o
      1114         80          0          0         52      18773   senstick_control_service.o
       774         96          0          0         27      17922   senstick_data_model.o
       118          8          0          1          0       4866   senstick_device_manager.o
       572         30          0          0         30       7407   senstick_meta_data_service.o
       164          0          0          0          0       3474   senstick_sensor_base_data.o
      2566        328         12         32       1420      31513   senstick_sensor_controller.o
        64          0          0          0          0       1745   service_util.o
       264         24          0         20          0       5768   softdevice_handler.o
      1196        208          0          8          0      19665   spi_slave_mx25_flash_memory.o
       156         26          0          4          0       1903   system_nrf51.o
       340         46          0          8          0      12347   twi_manager.o
       104          6          0          0          0       2335   twi_slave_brightness_sensor.o
       138          0          0          0          0       3792   twi_slave_humidity_sensor.o
       396         20          0          0          0       7128   twi_slave_nine_axes_sensor.o
        92         10          0          0          0       2767   twi_slave_pressure_sensor.o
       292          0          0          0          0       4762   twi_slave_rtc.o
        80          0          0          0          0       1821   twi_slave_uv_sensor.o
        52          0         32          0          0       3391   uv_sensor_base.o
        88          0          0          0          0       3714   value_types.o

    ----------------------------------------------------------------------
     29038       2540       1168        376       5680     551036   Object Totals
         0          0         32          0          0          0   (incl. Generated)
        66          0          8          6          4          0   (incl. Padding)

    ----------------------------------------------------------------------

      Code (inc. data)   RO Data    RW Data    ZI Data      Debug   Library Member Name

        86          0          0          0          0          0   __dczerorl2.o
         0          0          0          0          0          0   entry.o
         0          0          0          0          0          0   entry10a.o
         0          0          0          0          0          0   entry11a.o
         8          4          0          0          0          0   entry2.o
         4          0          0          0          0          0   entry5.o
         0          0          0          0          0          0   entry7b.o
         0          0          0          0          0          0   entry8b.o
         8          4          0          0          0          0   entry9a.o
        30          0          0          0          0          0   handlers.o
        40          0          0          0          0         72   idiv.o
        36          8          0          0          0         68   init.o
        32          0          0          0          0         68   llshl.o
        34          0          0          0          0         68   llushr.o
       192         20          0          0          0        144   malloc.o
        26          0          0          0          0         72   memcmp.o
        36          0          0          0          0         60   memcpya.o
        36          0          0          0          0        100   memseta.o
         0          0          0          8          0          0   mvars.o
      1190         48          0          0          0        384   printf8.o
        18          0          0          0          0         60   strcpy.o
        14          0          0          0          0         60   strlen.o
        26          0          0          0          0         68   strncpy.o
        44          0          0          0          0         72   uidiv.o
        96          0          0          0          0         84   uldiv.o
        20          0          0          0          0         60   uread4.o

    ----------------------------------------------------------------------
      1978         84          0          8          0       1440   Library Totals
         2          0          0          0          0          0   (incl. Padding)

    ----------------------------------------------------------------------

      Code (inc. data)   RO Data    RW Data    ZI Data      Debug   Library Name

      1976         84          0          8          0       1440   mc_p.l

    ----------------------------------------------------------------------
      1978         84          0          8          0       1440   Library Totals

    ----------------------------------------------------------------------

==============================================================================


      Code (inc. data)   RO Data    RW Data    ZI Data      Debug   

     31016       2624       1168        384       5680     534708   Grand Totals
     31016       2624       1168         52       5680     534708   ELF Image Totals (compressed)
     31016       2624       1168         52          0          0   ROM Totals

==============================================================================

    Total RO  Size (Code + RO Data)                32184 (  31.43kB)
    Total RW  Size (RW Data + ZI Data)              6064 (   5.92kB)
    Total ROM Size (Code + RO Data + RW Data)      32236 (  31.48kB)

==============================================================================

